<html>
<body>
<pre>
<h1>µVision Build Log</h1>
<h2>Tool Versions:</h2>
IDE-Version: µVision V5.17.0.0
Copyright (C) 2015 ARM Ltd and ARM Germany GmbH. All rights reserved.
License Information: Allen Wang, myself, LIC=21EUH-WSQEI-XUN41-CJ6KT-AFN84-V4IS7
 
Tool Versions:
Toolchain:       MDK-ARM Standard  Version: 5.17
Toolchain Path:  C:\Keil_v5\ARM\ARMCC\Bin
C Compiler:      Armcc.exe V5.06 update 1 (build 61)
Assembler:       Armasm.exe V5.06 update 1 (build 61)
Linker/Locator:  ArmLink.exe V5.06 update 1 (build 61)
Library Manager: ArmAr.exe V5.06 update 1 (build 61)
Hex Converter:   FromElf.exe V5.06 update 1 (build 61)
CPU DLL:         SARMCM3.DLL V5.17
Dialog DLL:      DARMCM1.DLL V1.12.0.0
Target DLL:      STLink\ST-LINKIII-KEIL_SWO.dll V2.0.18.0
Dialog DLL:      TARMCM1.DLL V1.9.0.0
 
<h2>Project:</h2>
C:\Users\Allen\Desktop\fap_git\FAP80\FAP_modules\backplane\backplane_firmware\MDK-ARM\fap_backplane.uvprojx
Project File Date:  12/23/2016

<h2>Output:</h2>
*** Using Compiler 'V5.06 update 1 (build 61)', folder: 'C:\Keil_v5\ARM\ARMCC\Bin'
Build target 'fap_backplane'
assembling startup_stm32f072xb.s...
compiling usb_device.c...
compiling system_stm32f0xx.c...
compiling usbd_conf.c...
compiling stm32f0xx_hal_msp.c...
compiling stm32f0xx_it.c...
compiling usbd_desc.c...
compiling usbd_cdc_if.c...
../Src/usbd_cdc_if.c(266): warning:  #167-D: argument of type "uint8_t *" is incompatible with parameter of type "char *"
    linear_buf_add_str(&usb_recv_buf, Buf, *Len);
../Src/usbd_cdc_if.c: 1 warning, 0 errors
compiling main.c...
compiling cpu_ctrl.c...
compiling delay_us.c...
compiling helpers.c...
compiling hmi_lcd.c...
..\Src\hmi_lcd.c(16): warning:  #167-D: argument of type "char *" is incompatible with parameter of type "uint8_t *"
    HAL_UART_Transmit(lcd_uart, buf, strlen(buf), 250);
..\Src\hmi_lcd.c: 1 warning, 0 errors
compiling softserial.c...
compiling my_usb.c...
compiling usbd_core.c...
compiling usbd_ioreq.c...
compiling usbd_ctlreq.c...
compiling usbd_cdc.c...
compiling stm32f0xx_hal_pcd_ex.c...
compiling stm32f0xx_hal_gpio.c...
compiling stm32f0xx_hal_rcc_ex.c...
compiling stm32f0xx_hal_uart_ex.c...
compiling stm32f0xx_hal_i2c_ex.c...
compiling stm32f0xx_hal_rcc.c...
compiling stm32f0xx_hal_pwr.c...
compiling stm32f0xx_hal_pwr_ex.c...
compiling stm32f0xx_hal_pcd.c...
compiling stm32f0xx_hal_flash.c...
compiling stm32f0xx_hal_flash_ex.c...
compiling stm32f0xx_hal_i2c.c...
compiling stm32f0xx_hal_uart.c...
compiling stm32f0xx_hal_dma.c...
compiling stm32f0xx_hal_tim_ex.c...
compiling stm32f0xx_hal_cortex.c...
compiling stm32f0xx_hal.c...
compiling stm32f0xx_hal_tim.c...
linking...
Program Size: Code=18060 RO-data=384 RW-data=408 ZI-data=5120  
"fap_backplane\fap_backplane.axf" - 0 Error(s), 2 Warning(s).

<h2>Software Packages used:</h2>

Package Vendor: ARM
                http://www.keil.com/pack/ARM.CMSIS.4.5.0.pack
                ARM::CMSIS:CORE:4.3.0
                CMSIS (Cortex Microcontroller Software Interface Standard)
   * Component: CORE Version: 4.3.0

<h2>Collection of Component include folders:</h2>
  C:\Users\Allen\Desktop\fap_git\FAP80\FAP_modules\backplane\backplane_firmware\MDK-ARM\RTE
  C:\Keil_v5\ARM\PACK\ARM\CMSIS\4.5.0\CMSIS\Include
  C:\Keil_v5\ARM\PACK\Keil\STM32F0xx_DFP\1.5.0\Device\Include

<h2>Collection of Component Files used:</h2>

   * Component: ARM::CMSIS:CORE:4.3.0
Build Time Elapsed:  00:00:59
</pre>
</body>
</html>
