TimeQuest Timing Analyzer report for fapio
Mon Dec 12 17:26:29 2016
Quartus Prime Version 16.1.0 Build 196 10/24/2016 SJ Lite Edition


---------------------
; Table of Contents ;
---------------------
  1. Legal Notice
  2. TimeQuest Timing Analyzer Summary
  3. Parallel Compilation
  4. Clocks
  5. Fmax Summary
  6. Setup Summary
  7. Hold Summary
  8. Recovery Summary
  9. Removal Summary
 10. Minimum Pulse Width Summary
 11. Clock Transfers
 12. Report TCCS
 13. Report RSKM
 14. Unconstrained Paths Summary
 15. Clock Status Summary
 16. Unconstrained Input Ports
 17. Unconstrained Output Ports
 18. Unconstrained Input Ports
 19. Unconstrained Output Ports
 20. TimeQuest Timing Analyzer Messages



----------------
; Legal Notice ;
----------------
Copyright (C) 2016  Intel Corporation. All rights reserved.
Your use of Intel Corporation's design tools, logic functions 
and other software and tools, and its AMPP partner logic 
functions, and any output files from any of the foregoing 
(including device programming or simulation files), and any 
associated documentation or information are expressly subject 
to the terms and conditions of the Intel Program License 
Subscription Agreement, the Intel Quartus Prime License Agreement,
the Intel MegaCore Function License Agreement, or other 
applicable license agreement, including, without limitation, 
that your use is for the sole purpose of programming logic 
devices manufactured by Intel and sold by Intel or its 
authorized distributors.  Please refer to the applicable 
agreement for further details.



+-----------------------------------------------------------------------------+
; TimeQuest Timing Analyzer Summary                                           ;
+-----------------------+-----------------------------------------------------+
; Quartus Prime Version ; Version 16.1.0 Build 196 10/24/2016 SJ Lite Edition ;
; Timing Analyzer       ; TimeQuest                                           ;
; Revision Name         ; fapio                                               ;
; Device Family         ; MAX II                                              ;
; Device Name           ; EPM570T100C5                                        ;
; Timing Models         ; Final                                               ;
; Delay Model           ; Slow Model                                          ;
; Rise/Fall Delays      ; Unavailable                                         ;
+-----------------------+-----------------------------------------------------+


+------------------------------------------+
; Parallel Compilation                     ;
+----------------------------+-------------+
; Processors                 ; Number      ;
+----------------------------+-------------+
; Number detected on machine ; 4           ;
; Maximum allowed            ; 2           ;
;                            ;             ;
; Average used               ; 1.00        ;
; Maximum used               ; 1           ;
;                            ;             ;
; Usage by Processor         ; % Time Used ;
;     Processor 1            ; 100.0%      ;
+----------------------------+-------------+


+----------------------------------------------------------------------------------------------------------------------------------------------------------------------------------------------------------------------------+
; Clocks                                                                                                                                                                                                                     ;
+------------------------------+------+--------+------------+-------+-------+------------+-----------+-------------+-------+--------+-----------+------------+----------+--------+--------+----------------------------------+
; Clock Name                   ; Type ; Period ; Frequency  ; Rise  ; Fall  ; Duty Cycle ; Divide by ; Multiply by ; Phase ; Offset ; Edge List ; Edge Shift ; Inverted ; Master ; Source ; Targets                          ;
+------------------------------+------+--------+------------+-------+-------+------------+-----------+-------------+-------+--------+-----------+------------+----------+--------+--------+----------------------------------+
; CPU_IORQ                     ; Base ; 1.000  ; 1000.0 MHz ; 0.000 ; 0.500 ;            ;           ;             ;       ;        ;           ;            ;          ;        ;        ; { CPU_IORQ }                     ;
; STM32_INTVECT_LOAD_H         ; Base ; 1.000  ; 1000.0 MHz ; 0.000 ; 0.500 ;            ;           ;             ;       ;        ;           ;            ;          ;        ;        ; { STM32_INTVECT_LOAD_H }         ;
; STM32_OUTPUT_LATCH_LOAD_H_16 ; Base ; 1.000  ; 1000.0 MHz ; 0.000 ; 0.500 ;            ;           ;             ;       ;        ;           ;            ;          ;        ;        ; { STM32_OUTPUT_LATCH_LOAD_H_16 } ;
+------------------------------+------+--------+------------+-------+-------+------------+-----------+-------------+-------+--------+-----------+------------+----------+--------+--------+----------------------------------+


----------------
; Fmax Summary ;
----------------
No paths to report.


-----------------
; Setup Summary ;
-----------------
No paths to report.


----------------
; Hold Summary ;
----------------
No paths to report.


--------------------
; Recovery Summary ;
--------------------
No paths to report.


-------------------
; Removal Summary ;
-------------------
No paths to report.


+-------------------------------------------------------+
; Minimum Pulse Width Summary                           ;
+------------------------------+--------+---------------+
; Clock                        ; Slack  ; End Point TNS ;
+------------------------------+--------+---------------+
; CPU_IORQ                     ; -2.289 ; -2.289        ;
; STM32_INTVECT_LOAD_H         ; -2.289 ; -2.289        ;
; STM32_OUTPUT_LATCH_LOAD_H_16 ; -2.289 ; -2.289        ;
+------------------------------+--------+---------------+


-------------------
; Clock Transfers ;
-------------------
Nothing to report.


---------------
; Report TCCS ;
---------------
No dedicated SERDES Transmitter circuitry present in device or used in design


---------------
; Report RSKM ;
---------------
No non-DPA dedicated SERDES Receiver circuitry present in device or used in design


+------------------------------------------------+
; Unconstrained Paths Summary                    ;
+---------------------------------+-------+------+
; Property                        ; Setup ; Hold ;
+---------------------------------+-------+------+
; Illegal Clocks                  ; 0     ; 0    ;
; Unconstrained Clocks            ; 0     ; 0    ;
; Unconstrained Input Ports       ; 28    ; 28   ;
; Unconstrained Input Port Paths  ; 233   ; 233  ;
; Unconstrained Output Ports      ; 31    ; 31   ;
; Unconstrained Output Port Paths ; 233   ; 233  ;
+---------------------------------+-------+------+


+----------------------------------------------------------------------------------+
; Clock Status Summary                                                             ;
+------------------------------+------------------------------+------+-------------+
; Target                       ; Clock                        ; Type ; Status      ;
+------------------------------+------------------------------+------+-------------+
; CPU_IORQ                     ; CPU_IORQ                     ; Base ; Constrained ;
; STM32_INTVECT_LOAD_H         ; STM32_INTVECT_LOAD_H         ; Base ; Constrained ;
; STM32_OUTPUT_LATCH_LOAD_H_16 ; STM32_OUTPUT_LATCH_LOAD_H_16 ; Base ; Constrained ;
+------------------------------+------------------------------+------+-------------+


+---------------------------------------------------------------------------------------------------------------------+
; Unconstrained Input Ports                                                                                           ;
+------------------------------+--------------------------------------------------------------------------------------+
; Input Port                   ; Comment                                                                              ;
+------------------------------+--------------------------------------------------------------------------------------+
; CPU_ADDR[0]                  ; No input delay, min/max delays, false-path exceptions, or max skew assignments found ;
; CPU_ADDR[1]                  ; No input delay, min/max delays, false-path exceptions, or max skew assignments found ;
; CPU_ADDR[2]                  ; No input delay, min/max delays, false-path exceptions, or max skew assignments found ;
; CPU_ADDR[3]                  ; No input delay, min/max delays, false-path exceptions, or max skew assignments found ;
; CPU_DATA[0]                  ; No input delay, min/max delays, false-path exceptions, or max skew assignments found ;
; CPU_DATA[1]                  ; No input delay, min/max delays, false-path exceptions, or max skew assignments found ;
; CPU_DATA[2]                  ; No input delay, min/max delays, false-path exceptions, or max skew assignments found ;
; CPU_DATA[3]                  ; No input delay, min/max delays, false-path exceptions, or max skew assignments found ;
; CPU_DATA[4]                  ; No input delay, min/max delays, false-path exceptions, or max skew assignments found ;
; CPU_DATA[5]                  ; No input delay, min/max delays, false-path exceptions, or max skew assignments found ;
; CPU_DATA[6]                  ; No input delay, min/max delays, false-path exceptions, or max skew assignments found ;
; CPU_DATA[7]                  ; No input delay, min/max delays, false-path exceptions, or max skew assignments found ;
; CPU_IORQ                     ; No input delay, min/max delays, false-path exceptions, or max skew assignments found ;
; CPU_M1                       ; No input delay, min/max delays, false-path exceptions, or max skew assignments found ;
; CPU_RD                       ; No input delay, min/max delays, false-path exceptions, or max skew assignments found ;
; CPU_WR                       ; No input delay, min/max delays, false-path exceptions, or max skew assignments found ;
; STM32_DATA[0]                ; No input delay, min/max delays, false-path exceptions, or max skew assignments found ;
; STM32_DATA[1]                ; No input delay, min/max delays, false-path exceptions, or max skew assignments found ;
; STM32_DATA[2]                ; No input delay, min/max delays, false-path exceptions, or max skew assignments found ;
; STM32_DATA[3]                ; No input delay, min/max delays, false-path exceptions, or max skew assignments found ;
; STM32_DATA[4]                ; No input delay, min/max delays, false-path exceptions, or max skew assignments found ;
; STM32_DATA[5]                ; No input delay, min/max delays, false-path exceptions, or max skew assignments found ;
; STM32_DATA[6]                ; No input delay, min/max delays, false-path exceptions, or max skew assignments found ;
; STM32_DATA[7]                ; No input delay, min/max delays, false-path exceptions, or max skew assignments found ;
; STM32_INPUT_LATCH_OE_L_1     ; No input delay, min/max delays, false-path exceptions, or max skew assignments found ;
; STM32_INTVECT_LOAD_H         ; No input delay, min/max delays, false-path exceptions, or max skew assignments found ;
; STM32_INT_L                  ; No input delay, min/max delays, false-path exceptions, or max skew assignments found ;
; STM32_OUTPUT_LATCH_LOAD_H_16 ; No input delay, min/max delays, false-path exceptions, or max skew assignments found ;
+------------------------------+--------------------------------------------------------------------------------------+


+------------------------------------------------------------------------------------------------------------+
; Unconstrained Output Ports                                                                                 ;
+--------------------+---------------------------------------------------------------------------------------+
; Output Port        ; Comment                                                                               ;
+--------------------+---------------------------------------------------------------------------------------+
; CPU_DATA[0]        ; No output delay, min/max delays, false-path exceptions, or max skew assignments found ;
; CPU_DATA[1]        ; No output delay, min/max delays, false-path exceptions, or max skew assignments found ;
; CPU_DATA[2]        ; No output delay, min/max delays, false-path exceptions, or max skew assignments found ;
; CPU_DATA[3]        ; No output delay, min/max delays, false-path exceptions, or max skew assignments found ;
; CPU_DATA[4]        ; No output delay, min/max delays, false-path exceptions, or max skew assignments found ;
; CPU_DATA[5]        ; No output delay, min/max delays, false-path exceptions, or max skew assignments found ;
; CPU_DATA[6]        ; No output delay, min/max delays, false-path exceptions, or max skew assignments found ;
; CPU_DATA[7]        ; No output delay, min/max delays, false-path exceptions, or max skew assignments found ;
; CPU_INT            ; No output delay, min/max delays, false-path exceptions, or max skew assignments found ;
; INTACK_LED         ; No output delay, min/max delays, false-path exceptions, or max skew assignments found ;
; INT_LED            ; No output delay, min/max delays, false-path exceptions, or max skew assignments found ;
; IORD_LED           ; No output delay, min/max delays, false-path exceptions, or max skew assignments found ;
; IOWR_LED           ; No output delay, min/max delays, false-path exceptions, or max skew assignments found ;
; LATCH1_LED         ; No output delay, min/max delays, false-path exceptions, or max skew assignments found ;
; LATCH16_LED        ; No output delay, min/max delays, false-path exceptions, or max skew assignments found ;
; STM32_DATA[0]      ; No output delay, min/max delays, false-path exceptions, or max skew assignments found ;
; STM32_DATA[1]      ; No output delay, min/max delays, false-path exceptions, or max skew assignments found ;
; STM32_DATA[2]      ; No output delay, min/max delays, false-path exceptions, or max skew assignments found ;
; STM32_DATA[3]      ; No output delay, min/max delays, false-path exceptions, or max skew assignments found ;
; STM32_DATA[4]      ; No output delay, min/max delays, false-path exceptions, or max skew assignments found ;
; STM32_DATA[5]      ; No output delay, min/max delays, false-path exceptions, or max skew assignments found ;
; STM32_DATA[6]      ; No output delay, min/max delays, false-path exceptions, or max skew assignments found ;
; STM32_DATA[7]      ; No output delay, min/max delays, false-path exceptions, or max skew assignments found ;
; STM32_INTACK_L     ; No output delay, min/max delays, false-path exceptions, or max skew assignments found ;
; STM32_IORD_INT_L   ; No output delay, min/max delays, false-path exceptions, or max skew assignments found ;
; STM32_IOWR_INT_L   ; No output delay, min/max delays, false-path exceptions, or max skew assignments found ;
; STM32_PORT_ADDR[0] ; No output delay, min/max delays, false-path exceptions, or max skew assignments found ;
; STM32_PORT_ADDR[1] ; No output delay, min/max delays, false-path exceptions, or max skew assignments found ;
; STM32_PORT_ADDR[2] ; No output delay, min/max delays, false-path exceptions, or max skew assignments found ;
; STM32_PORT_ADDR[3] ; No output delay, min/max delays, false-path exceptions, or max skew assignments found ;
; VECT_LOAD_LED      ; No output delay, min/max delays, false-path exceptions, or max skew assignments found ;
+--------------------+---------------------------------------------------------------------------------------+


+---------------------------------------------------------------------------------------------------------------------+
; Unconstrained Input Ports                                                                                           ;
+------------------------------+--------------------------------------------------------------------------------------+
; Input Port                   ; Comment                                                                              ;
+------------------------------+--------------------------------------------------------------------------------------+
; CPU_ADDR[0]                  ; No input delay, min/max delays, false-path exceptions, or max skew assignments found ;
; CPU_ADDR[1]                  ; No input delay, min/max delays, false-path exceptions, or max skew assignments found ;
; CPU_ADDR[2]                  ; No input delay, min/max delays, false-path exceptions, or max skew assignments found ;
; CPU_ADDR[3]                  ; No input delay, min/max delays, false-path exceptions, or max skew assignments found ;
; CPU_DATA[0]                  ; No input delay, min/max delays, false-path exceptions, or max skew assignments found ;
; CPU_DATA[1]                  ; No input delay, min/max delays, false-path exceptions, or max skew assignments found ;
; CPU_DATA[2]                  ; No input delay, min/max delays, false-path exceptions, or max skew assignments found ;
; CPU_DATA[3]                  ; No input delay, min/max delays, false-path exceptions, or max skew assignments found ;
; CPU_DATA[4]                  ; No input delay, min/max delays, false-path exceptions, or max skew assignments found ;
; CPU_DATA[5]                  ; No input delay, min/max delays, false-path exceptions, or max skew assignments found ;
; CPU_DATA[6]                  ; No input delay, min/max delays, false-path exceptions, or max skew assignments found ;
; CPU_DATA[7]                  ; No input delay, min/max delays, false-path exceptions, or max skew assignments found ;
; CPU_IORQ                     ; No input delay, min/max delays, false-path exceptions, or max skew assignments found ;
; CPU_M1                       ; No input delay, min/max delays, false-path exceptions, or max skew assignments found ;
; CPU_RD                       ; No input delay, min/max delays, false-path exceptions, or max skew assignments found ;
; CPU_WR                       ; No input delay, min/max delays, false-path exceptions, or max skew assignments found ;
; STM32_DATA[0]                ; No input delay, min/max delays, false-path exceptions, or max skew assignments found ;
; STM32_DATA[1]                ; No input delay, min/max delays, false-path exceptions, or max skew assignments found ;
; STM32_DATA[2]                ; No input delay, min/max delays, false-path exceptions, or max skew assignments found ;
; STM32_DATA[3]                ; No input delay, min/max delays, false-path exceptions, or max skew assignments found ;
; STM32_DATA[4]                ; No input delay, min/max delays, false-path exceptions, or max skew assignments found ;
; STM32_DATA[5]                ; No input delay, min/max delays, false-path exceptions, or max skew assignments found ;
; STM32_DATA[6]                ; No input delay, min/max delays, false-path exceptions, or max skew assignments found ;
; STM32_DATA[7]                ; No input delay, min/max delays, false-path exceptions, or max skew assignments found ;
; STM32_INPUT_LATCH_OE_L_1     ; No input delay, min/max delays, false-path exceptions, or max skew assignments found ;
; STM32_INTVECT_LOAD_H         ; No input delay, min/max delays, false-path exceptions, or max skew assignments found ;
; STM32_INT_L                  ; No input delay, min/max delays, false-path exceptions, or max skew assignments found ;
; STM32_OUTPUT_LATCH_LOAD_H_16 ; No input delay, min/max delays, false-path exceptions, or max skew assignments found ;
+------------------------------+--------------------------------------------------------------------------------------+


+------------------------------------------------------------------------------------------------------------+
; Unconstrained Output Ports                                                                                 ;
+--------------------+---------------------------------------------------------------------------------------+
; Output Port        ; Comment                                                                               ;
+--------------------+---------------------------------------------------------------------------------------+
; CPU_DATA[0]        ; No output delay, min/max delays, false-path exceptions, or max skew assignments found ;
; CPU_DATA[1]        ; No output delay, min/max delays, false-path exceptions, or max skew assignments found ;
; CPU_DATA[2]        ; No output delay, min/max delays, false-path exceptions, or max skew assignments found ;
; CPU_DATA[3]        ; No output delay, min/max delays, false-path exceptions, or max skew assignments found ;
; CPU_DATA[4]        ; No output delay, min/max delays, false-path exceptions, or max skew assignments found ;
; CPU_DATA[5]        ; No output delay, min/max delays, false-path exceptions, or max skew assignments found ;
; CPU_DATA[6]        ; No output delay, min/max delays, false-path exceptions, or max skew assignments found ;
; CPU_DATA[7]        ; No output delay, min/max delays, false-path exceptions, or max skew assignments found ;
; CPU_INT            ; No output delay, min/max delays, false-path exceptions, or max skew assignments found ;
; INTACK_LED         ; No output delay, min/max delays, false-path exceptions, or max skew assignments found ;
; INT_LED            ; No output delay, min/max delays, false-path exceptions, or max skew assignments found ;
; IORD_LED           ; No output delay, min/max delays, false-path exceptions, or max skew assignments found ;
; IOWR_LED           ; No output delay, min/max delays, false-path exceptions, or max skew assignments found ;
; LATCH1_LED         ; No output delay, min/max delays, false-path exceptions, or max skew assignments found ;
; LATCH16_LED        ; No output delay, min/max delays, false-path exceptions, or max skew assignments found ;
; STM32_DATA[0]      ; No output delay, min/max delays, false-path exceptions, or max skew assignments found ;
; STM32_DATA[1]      ; No output delay, min/max delays, false-path exceptions, or max skew assignments found ;
; STM32_DATA[2]      ; No output delay, min/max delays, false-path exceptions, or max skew assignments found ;
; STM32_DATA[3]      ; No output delay, min/max delays, false-path exceptions, or max skew assignments found ;
; STM32_DATA[4]      ; No output delay, min/max delays, false-path exceptions, or max skew assignments found ;
; STM32_DATA[5]      ; No output delay, min/max delays, false-path exceptions, or max skew assignments found ;
; STM32_DATA[6]      ; No output delay, min/max delays, false-path exceptions, or max skew assignments found ;
; STM32_DATA[7]      ; No output delay, min/max delays, false-path exceptions, or max skew assignments found ;
; STM32_INTACK_L     ; No output delay, min/max delays, false-path exceptions, or max skew assignments found ;
; STM32_IORD_INT_L   ; No output delay, min/max delays, false-path exceptions, or max skew assignments found ;
; STM32_IOWR_INT_L   ; No output delay, min/max delays, false-path exceptions, or max skew assignments found ;
; STM32_PORT_ADDR[0] ; No output delay, min/max delays, false-path exceptions, or max skew assignments found ;
; STM32_PORT_ADDR[1] ; No output delay, min/max delays, false-path exceptions, or max skew assignments found ;
; STM32_PORT_ADDR[2] ; No output delay, min/max delays, false-path exceptions, or max skew assignments found ;
; STM32_PORT_ADDR[3] ; No output delay, min/max delays, false-path exceptions, or max skew assignments found ;
; VECT_LOAD_LED      ; No output delay, min/max delays, false-path exceptions, or max skew assignments found ;
+--------------------+---------------------------------------------------------------------------------------+


+------------------------------------+
; TimeQuest Timing Analyzer Messages ;
+------------------------------------+
Info: *******************************************************************
Info: Running Quartus Prime TimeQuest Timing Analyzer
    Info: Version 16.1.0 Build 196 10/24/2016 SJ Lite Edition
    Info: Processing started: Mon Dec 12 17:26:27 2016
Info: Command: quartus_sta fapio -c fapio
Info: qsta_default_script.tcl version: #1
Warning (18236): Number of processors has not been specified which may cause overloading on shared machines.  Set the global assignment NUM_PARALLEL_PROCESSORS in your QSF to an appropriate value for best performance.
Info (20030): Parallel compilation is enabled and will use 2 of the 2 processors detected
Info (21077): Low junction temperature is 0 degrees C
Info (21077): High junction temperature is 85 degrees C
Info (334003): Started post-fitting delay annotation
Info (334004): Delay annotation completed successfully
Warning (335093): TimeQuest Timing Analyzer is analyzing 148 combinational loops as latches. For more details, run the Check Timing command in the TimeQuest Timing Analyzer or view the "User-Specified and Inferred Latches" table in the Analysis & Synthesis report.
Critical Warning (332012): Synopsys Design Constraints File file not found: 'fapio.sdc'. A Synopsys Design Constraints File is required by the TimeQuest Timing Analyzer to get proper timing constraints. Without it, the Compiler will not properly optimize the design.
Info (332142): No user constrained base clocks found in the design. Calling "derive_clocks -period 1.0"
Info (332105): Deriving Clocks
    Info (332105): create_clock -period 1.000 -name CPU_IORQ CPU_IORQ
    Info (332105): create_clock -period 1.000 -name STM32_OUTPUT_LATCH_LOAD_H_16 STM32_OUTPUT_LATCH_LOAD_H_16
    Info (332105): create_clock -period 1.000 -name STM32_INTVECT_LOAD_H STM32_INTVECT_LOAD_H
Info: Found TIMEQUEST_REPORT_SCRIPT_INCLUDE_DEFAULT_ANALYSIS = ON
Info (332140): No fmax paths to report
Info: Can't run Report Timing Closure Recommendations. The current device family is not supported.
Info (332140): No Setup paths to report
Info (332140): No Hold paths to report
Info (332140): No Recovery paths to report
Info (332140): No Removal paths to report
Critical Warning (332148): Timing requirements not met
Info (332146): Worst-case minimum pulse width slack is -2.289
    Info (332119):     Slack       End Point TNS Clock 
    Info (332119): ========= =================== =====================
    Info (332119):    -2.289              -2.289 CPU_IORQ 
    Info (332119):    -2.289              -2.289 STM32_INTVECT_LOAD_H 
    Info (332119):    -2.289              -2.289 STM32_OUTPUT_LATCH_LOAD_H_16 
Info (332001): The selected device family is not supported by the report_metastability command.
Info (332102): Design is not fully constrained for setup requirements
Info (332102): Design is not fully constrained for hold requirements
Info: Quartus Prime TimeQuest Timing Analyzer was successful. 0 errors, 4 warnings
    Info: Peak virtual memory: 542 megabytes
    Info: Processing ended: Mon Dec 12 17:26:29 2016
    Info: Elapsed time: 00:00:02
    Info: Total CPU time (on all processors): 00:00:02


