Fitter report for fapio
Mon Dec 12 17:26:23 2016
Quartus Prime Version 16.1.0 Build 196 10/24/2016 SJ Lite Edition


---------------------
; Table of Contents ;
---------------------
  1. Legal Notice
  2. Fitter Summary
  3. Fitter Settings
  4. Parallel Compilation
  5. Ignored Assignments
  6. Pin-Out File
  7. Fitter Resource Usage Summary
  8. Input Pins
  9. Output Pins
 10. Bidir Pins
 11. I/O Bank Usage
 12. All Package Pins
 13. Output Pin Default Load For Reported TCO
 14. Fitter Resource Utilization by Entity
 15. Delay Chain Summary
 16. Control Signals
 17. Global & Other Fast Signals
 18. Routing Usage Summary
 19. LAB Logic Elements
 20. LAB Signals Sourced
 21. LAB Signals Sourced Out
 22. LAB Distinct Inputs
 23. Fitter Device Options
 24. Fitter Messages
 25. Fitter Suppressed Messages



----------------
; Legal Notice ;
----------------
Copyright (C) 2016  Intel Corporation. All rights reserved.
Your use of Intel Corporation's design tools, logic functions 
and other software and tools, and its AMPP partner logic 
functions, and any output files from any of the foregoing 
(including device programming or simulation files), and any 
associated documentation or information are expressly subject 
to the terms and conditions of the Intel Program License 
Subscription Agreement, the Intel Quartus Prime License Agreement,
the Intel MegaCore Function License Agreement, or other 
applicable license agreement, including, without limitation, 
that your use is for the sole purpose of programming logic 
devices manufactured by Intel and sold by Intel or its 
authorized distributors.  Please refer to the applicable 
agreement for further details.



+---------------------------------------------------------------------+
; Fitter Summary                                                      ;
+-----------------------+---------------------------------------------+
; Fitter Status         ; Successful - Mon Dec 12 17:26:23 2016       ;
; Quartus Prime Version ; 16.1.0 Build 196 10/24/2016 SJ Lite Edition ;
; Revision Name         ; fapio                                       ;
; Top-level Entity Name ; fapio                                       ;
; Family                ; MAX II                                      ;
; Device                ; EPM570T100C5                                ;
; Timing Models         ; Final                                       ;
; Total logic elements  ; 304 / 570 ( 53 % )                          ;
; Total pins            ; 60 / 76 ( 79 % )                            ;
; Total virtual pins    ; 0                                           ;
; UFM blocks            ; 0 / 1 ( 0 % )                               ;
+-----------------------+---------------------------------------------+


+----------------------------------------------------------------------------------------------------------------------------------------------+
; Fitter Settings                                                                                                                              ;
+----------------------------------------------------------------------------+--------------------------------+--------------------------------+
; Option                                                                     ; Setting                        ; Default Value                  ;
+----------------------------------------------------------------------------+--------------------------------+--------------------------------+
; Device                                                                     ; EPM570T100C5                   ;                                ;
; Minimum Core Junction Temperature                                          ; 0                              ;                                ;
; Maximum Core Junction Temperature                                          ; 85                             ;                                ;
; Fit Attempts to Skip                                                       ; 0                              ; 0.0                            ;
; Use smart compilation                                                      ; Off                            ; Off                            ;
; Enable parallel Assembler and TimeQuest Timing Analyzer during compilation ; On                             ; On                             ;
; Enable compact report table                                                ; Off                            ; Off                            ;
; Router Timing Optimization Level                                           ; Normal                         ; Normal                         ;
; Placement Effort Multiplier                                                ; 1.0                            ; 1.0                            ;
; Router Effort Multiplier                                                   ; 1.0                            ; 1.0                            ;
; Always Enable Input Buffers                                                ; Off                            ; Off                            ;
; Optimize Hold Timing                                                       ; IO Paths and Minimum TPD Paths ; IO Paths and Minimum TPD Paths ;
; Optimize Multi-Corner Timing                                               ; Off                            ; Off                            ;
; Guarantee I/O Paths Have Zero Hold Time at Fast Corner                     ; On                             ; On                             ;
; PowerPlay Power Optimization During Fitting                                ; Normal compilation             ; Normal compilation             ;
; Optimize Timing                                                            ; Normal compilation             ; Normal compilation             ;
; Optimize Timing for ECOs                                                   ; Off                            ; Off                            ;
; Regenerate Full Fit Report During ECO Compiles                             ; Off                            ; Off                            ;
; Optimize IOC Register Placement for Timing                                 ; Normal                         ; Normal                         ;
; Limit to One Fitting Attempt                                               ; Off                            ; Off                            ;
; Final Placement Optimizations                                              ; Automatically                  ; Automatically                  ;
; Fitter Aggressive Routability Optimizations                                ; Automatically                  ; Automatically                  ;
; Fitter Initial Placement Seed                                              ; 1                              ; 1                              ;
; Periphery to Core Placement and Routing Optimization                       ; Off                            ; Off                            ;
; Slow Slew Rate                                                             ; Off                            ; Off                            ;
; PCI I/O                                                                    ; Off                            ; Off                            ;
; Weak Pull-Up Resistor                                                      ; Off                            ; Off                            ;
; Enable Bus-Hold Circuitry                                                  ; Off                            ; Off                            ;
; Auto Delay Chains                                                          ; On                             ; On                             ;
; Auto Delay Chains for High Fanout Input Pins                               ; Off                            ; Off                            ;
; Perform Physical Synthesis for Combinational Logic for Performance         ; Off                            ; Off                            ;
; Perform Register Duplication for Performance                               ; Off                            ; Off                            ;
; Perform Register Retiming for Performance                                  ; Off                            ; Off                            ;
; Perform Asynchronous Signal Pipelining                                     ; Off                            ; Off                            ;
; Fitter Effort                                                              ; Auto Fit                       ; Auto Fit                       ;
; Physical Synthesis Effort Level                                            ; Normal                         ; Normal                         ;
; Logic Cell Insertion - Logic Duplication                                   ; Auto                           ; Auto                           ;
; Auto Register Duplication                                                  ; Auto                           ; Auto                           ;
; Auto Global Clock                                                          ; On                             ; On                             ;
; Auto Global Register Control Signals                                       ; On                             ; On                             ;
; Force Fitter to Avoid Periphery Placement Warnings                         ; Off                            ; Off                            ;
+----------------------------------------------------------------------------+--------------------------------+--------------------------------+


+------------------------------------------+
; Parallel Compilation                     ;
+----------------------------+-------------+
; Processors                 ; Number      ;
+----------------------------+-------------+
; Number detected on machine ; 4           ;
; Maximum allowed            ; 2           ;
;                            ;             ;
; Average used               ; 1.00        ;
; Maximum used               ; 1           ;
;                            ;             ;
; Usage by Processor         ; % Time Used ;
;     Processor 1            ; 100.0%      ;
+----------------------------+-------------+


+----------------------------------------------------------------------------------------+
; Ignored Assignments                                                                    ;
+----------+----------------+--------------+------------+---------------+----------------+
; Name     ; Ignored Entity ; Ignored From ; Ignored To ; Ignored Value ; Ignored Source ;
+----------+----------------+--------------+------------+---------------+----------------+
; Location ;                ;              ; DEBUG_LED  ; PIN_16        ; QSF Assignment ;
+----------+----------------+--------------+------------+---------------+----------------+


+--------------+
; Pin-Out File ;
+--------------+
The pin-out file can be found in C:/Users/Allen/Desktop/fap_ioboard/fapio_cpldcode570/output_files/fapio.pin.


+---------------------------------------------------------------------+
; Fitter Resource Usage Summary                                       ;
+---------------------------------------------+-----------------------+
; Resource                                    ; Usage                 ;
+---------------------------------------------+-----------------------+
; Total logic elements                        ; 304 / 570 ( 53 % )    ;
;     -- Combinational with no register       ; 304                   ;
;     -- Register only                        ; 0                     ;
;     -- Combinational with a register        ; 0                     ;
;                                             ;                       ;
; Logic element usage by number of LUT inputs ;                       ;
;     -- 4 input functions                    ; 120                   ;
;     -- 3 input functions                    ; 165                   ;
;     -- 2 input functions                    ; 19                    ;
;     -- 1 input functions                    ; 0                     ;
;     -- 0 input functions                    ; 0                     ;
;                                             ;                       ;
; Logic elements by mode                      ;                       ;
;     -- normal mode                          ; 304                   ;
;     -- arithmetic mode                      ; 0                     ;
;     -- qfbk mode                            ; 0                     ;
;     -- register cascade mode                ; 0                     ;
;     -- synchronous clear/load mode          ; 0                     ;
;     -- asynchronous clear/load mode         ; 0                     ;
;                                             ;                       ;
; Total registers                             ; 0 / 570 ( 0 % )       ;
; Total LABs                                  ; 38 / 57 ( 67 % )      ;
; Logic elements in carry chains              ; 0                     ;
; Virtual pins                                ; 0                     ;
; I/O pins                                    ; 60 / 76 ( 79 % )      ;
;     -- Clock pins                           ; 2 / 4 ( 50 % )        ;
;                                             ;                       ;
; UFM blocks                                  ; 0 / 1 ( 0 % )         ;
;                                             ;                       ;
;     -- Total Fixed Point DSP Blocks         ; 0                     ;
;     -- Total Floating Point DSP Blocks      ; 0                     ;
;                                             ;                       ;
; Global signals                              ; 4                     ;
;     -- Global clocks                        ; 4 / 4 ( 100 % )       ;
; JTAGs                                       ; 0 / 1 ( 0 % )         ;
; Average interconnect usage (total/H/V)      ; 32.1% / 40.0% / 23.8% ;
; Peak interconnect usage (total/H/V)         ; 32.1% / 40.0% / 23.8% ;
; Maximum fan-out                             ; 20                    ;
; Highest non-global fan-out                  ; 20                    ;
; Total fan-out                               ; 1064                  ;
; Average fan-out                             ; 2.92                  ;
+---------------------------------------------+-----------------------+


+------------------------------------------------------------------------------------------------------------------------------------------------------------------------------------------------------------------------------------------------------+
; Input Pins                                                                                                                                                                                                                                           ;
+------------------------------+-------+----------+--------------+--------------+-------------+-----------------------+--------------------+--------+-----------------+----------+--------------+--------------+----------------------+----------------+
; Name                         ; Pin # ; I/O Bank ; X coordinate ; Y coordinate ; Cell number ; Combinational Fan-Out ; Registered Fan-Out ; Global ; PCI I/O Enabled ; Bus Hold ; Weak Pull Up ; I/O Standard ; Location assigned by ; Slow Slew Rate ;
+------------------------------+-------+----------+--------------+--------------+-------------+-----------------------+--------------------+--------+-----------------+----------+--------------+--------------+----------------------+----------------+
; CLK50                        ; 62    ; 2        ; 13           ; 4            ; 4           ; 0                     ; 0                  ; no     ; no              ; no       ; Off          ; 3.3-V LVTTL  ; User                 ; no             ;
; CPU_ADDR[0]                  ; 78    ; 2        ; 12           ; 8            ; 3           ; 17                    ; 0                  ; no     ; no              ; no       ; Off          ; 3.3-V LVTTL  ; User                 ; no             ;
; CPU_ADDR[10]                 ; 57    ; 2        ; 13           ; 2            ; 1           ; 0                     ; 0                  ; no     ; no              ; no       ; Off          ; 3.3-V LVTTL  ; User                 ; no             ;
; CPU_ADDR[11]                 ; 56    ; 2        ; 13           ; 2            ; 2           ; 0                     ; 0                  ; no     ; no              ; no       ; Off          ; 3.3-V LVTTL  ; User                 ; no             ;
; CPU_ADDR[12]                 ; 55    ; 2        ; 13           ; 2            ; 4           ; 0                     ; 0                  ; no     ; no              ; no       ; Off          ; 3.3-V LVTTL  ; User                 ; no             ;
; CPU_ADDR[13]                 ; 54    ; 2        ; 13           ; 1            ; 1           ; 0                     ; 0                  ; no     ; no              ; no       ; Off          ; 3.3-V LVTTL  ; User                 ; no             ;
; CPU_ADDR[14]                 ; 53    ; 2        ; 13           ; 1            ; 3           ; 0                     ; 0                  ; no     ; no              ; no       ; Off          ; 3.3-V LVTTL  ; User                 ; no             ;
; CPU_ADDR[15]                 ; 52    ; 2        ; 13           ; 1            ; 4           ; 0                     ; 0                  ; no     ; no              ; no       ; Off          ; 3.3-V LVTTL  ; User                 ; no             ;
; CPU_ADDR[1]                  ; 77    ; 2        ; 12           ; 8            ; 2           ; 17                    ; 0                  ; no     ; no              ; no       ; Off          ; 3.3-V LVTTL  ; User                 ; no             ;
; CPU_ADDR[2]                  ; 76    ; 2        ; 12           ; 8            ; 1           ; 17                    ; 0                  ; no     ; no              ; no       ; Off          ; 3.3-V LVTTL  ; User                 ; no             ;
; CPU_ADDR[3]                  ; 75    ; 2        ; 13           ; 7            ; 1           ; 17                    ; 0                  ; no     ; no              ; no       ; Off          ; 3.3-V LVTTL  ; User                 ; no             ;
; CPU_ADDR[4]                  ; 74    ; 2        ; 13           ; 7            ; 3           ; 0                     ; 0                  ; no     ; no              ; no       ; Off          ; 3.3-V LVTTL  ; User                 ; no             ;
; CPU_ADDR[5]                  ; 73    ; 2        ; 13           ; 7            ; 5           ; 0                     ; 0                  ; no     ; no              ; no       ; Off          ; 3.3-V LVTTL  ; User                 ; no             ;
; CPU_ADDR[6]                  ; 72    ; 2        ; 13           ; 6            ; 1           ; 0                     ; 0                  ; no     ; no              ; no       ; Off          ; 3.3-V LVTTL  ; User                 ; no             ;
; CPU_ADDR[7]                  ; 71    ; 2        ; 13           ; 6            ; 2           ; 0                     ; 0                  ; no     ; no              ; no       ; Off          ; 3.3-V LVTTL  ; User                 ; no             ;
; CPU_ADDR[8]                  ; 61    ; 2        ; 13           ; 3            ; 1           ; 0                     ; 0                  ; no     ; no              ; no       ; Off          ; 3.3-V LVTTL  ; User                 ; no             ;
; CPU_ADDR[9]                  ; 58    ; 2        ; 13           ; 2            ; 0           ; 0                     ; 0                  ; no     ; no              ; no       ; Off          ; 3.3-V LVTTL  ; User                 ; no             ;
; CPU_BUSACK                   ; 95    ; 2        ; 5            ; 8            ; 0           ; 0                     ; 0                  ; no     ; no              ; no       ; Off          ; 3.3-V LVTTL  ; User                 ; no             ;
; CPU_CLK                      ; 64    ; 2        ; 13           ; 4            ; 3           ; 0                     ; 0                  ; no     ; no              ; no       ; Off          ; 3.3-V LVTTL  ; User                 ; no             ;
; CPU_IORQ                     ; 96    ; 2        ; 5            ; 8            ; 1           ; 20                    ; 0                  ; no     ; no              ; no       ; Off          ; 3.3-V LVTTL  ; User                 ; no             ;
; CPU_M1                       ; 100   ; 2        ; 3            ; 8            ; 0           ; 2                     ; 0                  ; no     ; no              ; no       ; Off          ; 3.3-V LVTTL  ; User                 ; no             ;
; CPU_MREQ                     ; 97    ; 2        ; 5            ; 8            ; 2           ; 0                     ; 0                  ; no     ; no              ; no       ; Off          ; 3.3-V LVTTL  ; User                 ; no             ;
; CPU_RD                       ; 99    ; 2        ; 4            ; 8            ; 2           ; 18                    ; 0                  ; no     ; no              ; no       ; Off          ; 3.3-V LVTTL  ; User                 ; no             ;
; CPU_RESET                    ; 91    ; 2        ; 6            ; 8            ; 2           ; 0                     ; 0                  ; no     ; no              ; no       ; Off          ; 3.3-V LVTTL  ; User                 ; no             ;
; CPU_WR                       ; 98    ; 2        ; 4            ; 8            ; 1           ; 1                     ; 0                  ; no     ; no              ; no       ; Off          ; 3.3-V LVTTL  ; User                 ; no             ;
; STM32_INPUT_LATCH_OE_L_1     ; 26    ; 1        ; 3            ; 3            ; 2           ; 13                    ; 0                  ; no     ; no              ; no       ; Off          ; 3.3-V LVTTL  ; User                 ; no             ;
; STM32_INTVECT_LOAD_H         ; 42    ; 1        ; 7            ; 3            ; 0           ; 9                     ; 0                  ; no     ; no              ; no       ; Off          ; 3.3-V LVTTL  ; User                 ; no             ;
; STM32_INT_L                  ; 15    ; 1        ; 0            ; 5            ; 2           ; 2                     ; 0                  ; no     ; no              ; no       ; Off          ; 3.3-V LVTTL  ; User                 ; no             ;
; STM32_OUTPUT_LATCH_LOAD_H_16 ; 38    ; 1        ; 7            ; 3            ; 3           ; 17                    ; 0                  ; no     ; no              ; no       ; Off          ; 3.3-V LVTTL  ; User                 ; no             ;
+------------------------------+-------+----------+--------------+--------------+-------------+-----------------------+--------------------+--------+-----------------+----------+--------------+--------------+----------------------+----------------+


+------------------------------------------------------------------------------------------------------------------------------------------------------------------------------------------------------------------------------------------------------------------------------------------------------------------------------------+
; Output Pins                                                                                                                                                                                                                                                                                                                        ;
+------------------+-------+----------+--------------+--------------+-------------+-----------------+----------------+-----------------+------------+---------------+----------+--------------+--------------+------------------+------------------------+----------------------+-------+----------------------+---------------------+
; Name             ; Pin # ; I/O Bank ; X coordinate ; Y coordinate ; Cell number ; Output Register ; Slow Slew Rate ; PCI I/O Enabled ; Open Drain ; TRI Primitive ; Bus Hold ; Weak Pull Up ; I/O Standard ; Current Strength ; Fast Output Connection ; Location assigned by ; Load  ; Output Enable Source ; Output Enable Group ;
+------------------+-------+----------+--------------+--------------+-------------+-----------------+----------------+-----------------+------------+---------------+----------+--------------+--------------+------------------+------------------------+----------------------+-------+----------------------+---------------------+
; CPU_INT          ; 89    ; 2        ; 7            ; 8            ; 1           ; no              ; no             ; no              ; no         ; no            ; no       ; Off          ; 3.3-V LVTTL  ; 16mA             ; no                     ; User                 ; 10 pF ; -                    ; -                   ;
; INTACK_LED       ; 68    ; 2        ; 13           ; 4            ; 0           ; no              ; no             ; no              ; no         ; no            ; no       ; Off          ; 3.3-V LVTTL  ; 16mA             ; no                     ; User                 ; 10 pF ; -                    ; -                   ;
; INT_LED          ; 70    ; 2        ; 13           ; 6            ; 5           ; no              ; no             ; no              ; no         ; no            ; no       ; Off          ; 3.3-V LVTTL  ; 16mA             ; no                     ; User                 ; 10 pF ; -                    ; -                   ;
; IORD_LED         ; 50    ; 1        ; 11           ; 0            ; 2           ; no              ; no             ; no              ; no         ; no            ; no       ; Off          ; 3.3-V LVTTL  ; 16mA             ; no                     ; User                 ; 10 pF ; -                    ; -                   ;
; IOWR_LED         ; 49    ; 1        ; 10           ; 0            ; 0           ; no              ; no             ; no              ; no         ; no            ; no       ; Off          ; 3.3-V LVTTL  ; 16mA             ; no                     ; User                 ; 10 pF ; -                    ; -                   ;
; LATCH16_LED      ; 47    ; 1        ; 10           ; 0            ; 2           ; no              ; no             ; no              ; no         ; no            ; no       ; Off          ; 3.3-V LVTTL  ; 16mA             ; no                     ; User                 ; 10 pF ; -                    ; -                   ;
; LATCH1_LED       ; 48    ; 1        ; 10           ; 0            ; 1           ; no              ; no             ; no              ; no         ; no            ; no       ; Off          ; 3.3-V LVTTL  ; 16mA             ; no                     ; User                 ; 10 pF ; -                    ; -                   ;
; STM32_INTACK_L   ; 29    ; 1        ; 4            ; 3            ; 2           ; no              ; no             ; no              ; no         ; no            ; no       ; Off          ; 3.3-V LVTTL  ; 16mA             ; no                     ; User                 ; 10 pF ; -                    ; -                   ;
; STM32_IORD_INT_L ; 28    ; 1        ; 4            ; 3            ; 3           ; no              ; no             ; no              ; no         ; no            ; no       ; Off          ; 3.3-V LVTTL  ; 16mA             ; no                     ; User                 ; 10 pF ; -                    ; -                   ;
; STM32_IOWR_INT_L ; 27    ; 1        ; 3            ; 3            ; 1           ; no              ; no             ; no              ; no         ; no            ; no       ; Off          ; 3.3-V LVTTL  ; 16mA             ; no                     ; User                 ; 10 pF ; -                    ; -                   ;
; VECT_LOAD_LED    ; 66    ; 2        ; 13           ; 4            ; 2           ; no              ; no             ; no              ; no         ; no            ; no       ; Off          ; 3.3-V LVTTL  ; 16mA             ; no                     ; User                 ; 10 pF ; -                    ; -                   ;
+------------------+-------+----------+--------------+--------------+-------------+-----------------+----------------+-----------------+------------+---------------+----------+--------------+--------------+------------------+------------------------+----------------------+-------+----------------------+---------------------+


+-------------------------------------------------------------------------------------------------------------------------------------------------------------------------------------------------------------------------------------------------------------------------------------------------------------------------------------------------------------------------------------------+
; Bidir Pins                                                                                                                                                                                                                                                                                                                                                                                ;
+--------------------+-------+----------+--------------+--------------+-------------+-----------------------+--------------------+--------+-----------------+----------------+-----------------+------------+----------+--------------+--------------+------------------+------------------------+----------------------+-------+-------------------------------------+---------------------+
; Name               ; Pin # ; I/O Bank ; X coordinate ; Y coordinate ; Cell number ; Combinational Fan-Out ; Registered Fan-Out ; Global ; Output Register ; Slow Slew Rate ; PCI I/O Enabled ; Open Drain ; Bus Hold ; Weak Pull Up ; I/O Standard ; Current Strength ; Fast Output Connection ; Location assigned by ; Load  ; Output Enable Source                ; Output Enable Group ;
+--------------------+-------+----------+--------------+--------------+-------------+-----------------------+--------------------+--------+-----------------+----------------+-----------------+------------+----------+--------------+--------------+------------------+------------------------+----------------------+-------+-------------------------------------+---------------------+
; CPU_DATA[0]        ; 1     ; 2        ; 3            ; 8            ; 3           ; 1                     ; 0                  ; no     ; no              ; no             ; no              ; no         ; no       ; Off          ; 3.3-V LVTTL  ; 16mA             ; no                     ; User                 ; 10 pF ; dlatch8:Z80_INT_LATCH|q[7]~103      ; -                   ;
; CPU_DATA[1]        ; 87    ; 2        ; 7            ; 8            ; 0           ; 1                     ; 0                  ; no     ; no              ; no             ; no              ; no         ; no       ; Off          ; 3.3-V LVTTL  ; 16mA             ; no                     ; User                 ; 10 pF ; dlatch8:Z80_INT_LATCH|q[7]~103      ; -                   ;
; CPU_DATA[2]        ; 86    ; 2        ; 8            ; 8            ; 3           ; 1                     ; 0                  ; no     ; no              ; no             ; no              ; no         ; no       ; Off          ; 3.3-V LVTTL  ; 16mA             ; no                     ; User                 ; 10 pF ; dlatch8:Z80_INT_LATCH|q[7]~103      ; -                   ;
; CPU_DATA[3]        ; 85    ; 2        ; 8            ; 8            ; 2           ; 1                     ; 0                  ; no     ; no              ; no             ; no              ; no         ; no       ; Off          ; 3.3-V LVTTL  ; 16mA             ; yes                    ; User                 ; 10 pF ; dlatch8:Z80_INT_LATCH|q[7]~103      ; -                   ;
; CPU_DATA[4]        ; 84    ; 2        ; 8            ; 8            ; 1           ; 1                     ; 0                  ; no     ; no              ; no             ; no              ; no         ; no       ; Off          ; 3.3-V LVTTL  ; 16mA             ; no                     ; User                 ; 10 pF ; dlatch8:Z80_INT_LATCH|q[7]~103      ; -                   ;
; CPU_DATA[5]        ; 83    ; 2        ; 8            ; 8            ; 0           ; 1                     ; 0                  ; no     ; no              ; no             ; no              ; no         ; no       ; Off          ; 3.3-V LVTTL  ; 16mA             ; yes                    ; User                 ; 10 pF ; dlatch8:Z80_INT_LATCH|q[7]~103      ; -                   ;
; CPU_DATA[6]        ; 82    ; 2        ; 9            ; 8            ; 0           ; 1                     ; 0                  ; no     ; no              ; no             ; no              ; no         ; no       ; Off          ; 3.3-V LVTTL  ; 16mA             ; no                     ; User                 ; 10 pF ; dlatch8:Z80_INT_LATCH|q[7]~103      ; -                   ;
; CPU_DATA[7]        ; 81    ; 2        ; 10           ; 8            ; 3           ; 1                     ; 0                  ; no     ; no              ; no             ; no              ; no         ; no       ; Off          ; 3.3-V LVTTL  ; 16mA             ; no                     ; User                 ; 10 pF ; dlatch8:Z80_INT_LATCH|q[7]~103      ; -                   ;
; STM32_DATA[0]      ; 36    ; 1        ; 6            ; 3            ; 0           ; 17                    ; 0                  ; no     ; no              ; no             ; no              ; no         ; no       ; Off          ; 3.3-V LVTTL  ; 16mA             ; no                     ; User                 ; 10 pF ; STM32_INPUT_LATCH_OE_L_1 (inverted) ; -                   ;
; STM32_DATA[1]      ; 35    ; 1        ; 6            ; 3            ; 1           ; 17                    ; 0                  ; no     ; no              ; no             ; no              ; no         ; no       ; Off          ; 3.3-V LVTTL  ; 16mA             ; no                     ; User                 ; 10 pF ; STM32_INPUT_LATCH_OE_L_1 (inverted) ; -                   ;
; STM32_DATA[2]      ; 34    ; 1        ; 6            ; 3            ; 2           ; 17                    ; 0                  ; no     ; no              ; no             ; no              ; no         ; no       ; Off          ; 3.3-V LVTTL  ; 16mA             ; no                     ; User                 ; 10 pF ; STM32_INPUT_LATCH_OE_L_1 (inverted) ; -                   ;
; STM32_DATA[3]      ; 8     ; 1        ; 0            ; 7            ; 5           ; 17                    ; 0                  ; no     ; no              ; no             ; no              ; no         ; no       ; Off          ; 3.3-V LVTTL  ; 16mA             ; no                     ; User                 ; 10 pF ; STM32_INPUT_LATCH_OE_L_1 (inverted) ; -                   ;
; STM32_DATA[4]      ; 7     ; 1        ; 0            ; 7            ; 4           ; 17                    ; 0                  ; no     ; no              ; no             ; no              ; no         ; no       ; Off          ; 3.3-V LVTTL  ; 16mA             ; no                     ; User                 ; 10 pF ; STM32_INPUT_LATCH_OE_L_1 (inverted) ; -                   ;
; STM32_DATA[5]      ; 6     ; 1        ; 0            ; 7            ; 3           ; 17                    ; 0                  ; no     ; no              ; no             ; no              ; no         ; no       ; Off          ; 3.3-V LVTTL  ; 16mA             ; no                     ; User                 ; 10 pF ; STM32_INPUT_LATCH_OE_L_1 (inverted) ; -                   ;
; STM32_DATA[6]      ; 5     ; 1        ; 0            ; 7            ; 2           ; 17                    ; 0                  ; no     ; no              ; no             ; no              ; no         ; no       ; Off          ; 3.3-V LVTTL  ; 16mA             ; no                     ; User                 ; 10 pF ; STM32_INPUT_LATCH_OE_L_1 (inverted) ; -                   ;
; STM32_DATA[7]      ; 4     ; 1        ; 0            ; 7            ; 0           ; 17                    ; 0                  ; no     ; no              ; no             ; no              ; no         ; no       ; Off          ; 3.3-V LVTTL  ; 16mA             ; no                     ; User                 ; 10 pF ; STM32_INPUT_LATCH_OE_L_1 (inverted) ; -                   ;
; STM32_PORT_ADDR[0] ; 3     ; 1        ; 1            ; 8            ; 2           ; 16                    ; 0                  ; no     ; no              ; no             ; no              ; no         ; no       ; Off          ; 3.3-V LVTTL  ; 16mA             ; no                     ; User                 ; 10 pF ; STM32_INPUT_LATCH_OE_L_1 (inverted) ; -                   ;
; STM32_PORT_ADDR[1] ; 2     ; 1        ; 1            ; 8            ; 0           ; 16                    ; 0                  ; no     ; no              ; no             ; no              ; no         ; no       ; Off          ; 3.3-V LVTTL  ; 16mA             ; no                     ; User                 ; 10 pF ; STM32_INPUT_LATCH_OE_L_1 (inverted) ; -                   ;
; STM32_PORT_ADDR[2] ; 33    ; 1        ; 6            ; 3            ; 3           ; 16                    ; 0                  ; no     ; no              ; no             ; no              ; no         ; no       ; Off          ; 3.3-V LVTTL  ; 16mA             ; no                     ; User                 ; 10 pF ; STM32_INPUT_LATCH_OE_L_1 (inverted) ; -                   ;
; STM32_PORT_ADDR[3] ; 30    ; 1        ; 4            ; 3            ; 1           ; 16                    ; 0                  ; no     ; no              ; no             ; no              ; no         ; no       ; Off          ; 3.3-V LVTTL  ; 16mA             ; yes                    ; User                 ; 10 pF ; STM32_INPUT_LATCH_OE_L_1 (inverted) ; -                   ;
+--------------------+-------+----------+--------------+--------------+-------------+-----------------------+--------------------+--------+-----------------+----------------+-----------------+------------+----------+--------------+--------------+------------------+------------------------+----------------------+-------+-------------------------------------+---------------------+


+------------------------------------------------------------+
; I/O Bank Usage                                             ;
+----------+------------------+---------------+--------------+
; I/O Bank ; Usage            ; VCCIO Voltage ; VREF Voltage ;
+----------+------------------+---------------+--------------+
; 1        ; 23 / 36 ( 64 % ) ; 3.3V          ; --           ;
; 2        ; 37 / 40 ( 93 % ) ; 3.3V          ; --           ;
+----------+------------------+---------------+--------------+


+-----------------------------------------------------------------------------------------------------------------------------------------------------------------+
; All Package Pins                                                                                                                                                ;
+----------+------------+----------+---------------------------------+--------+--------------+-----------+------------+-----------------+----------+--------------+
; Location ; Pad Number ; I/O Bank ; Pin Name/Usage                  ; Dir.   ; I/O Standard ; Voltage   ; I/O Type   ; User Assignment ; Bus Hold ; Weak Pull Up ;
+----------+------------+----------+---------------------------------+--------+--------------+-----------+------------+-----------------+----------+--------------+
; 1        ; 161        ; 2        ; CPU_DATA[0]                     ; bidir  ; 3.3-V LVTTL  ;           ; Column I/O ; Y               ; no       ; Off          ;
; 2        ; 2          ; 1        ; STM32_PORT_ADDR[1]              ; bidir  ; 3.3-V LVTTL  ;           ; Column I/O ; Y               ; no       ; Off          ;
; 3        ; 4          ; 1        ; STM32_PORT_ADDR[0]              ; bidir  ; 3.3-V LVTTL  ;           ; Column I/O ; Y               ; no       ; Off          ;
; 4        ; 6          ; 1        ; STM32_DATA[7]                   ; bidir  ; 3.3-V LVTTL  ;           ; Row I/O    ; Y               ; no       ; Off          ;
; 5        ; 8          ; 1        ; STM32_DATA[6]                   ; bidir  ; 3.3-V LVTTL  ;           ; Row I/O    ; Y               ; no       ; Off          ;
; 6        ; 9          ; 1        ; STM32_DATA[5]                   ; bidir  ; 3.3-V LVTTL  ;           ; Row I/O    ; Y               ; no       ; Off          ;
; 7        ; 10         ; 1        ; STM32_DATA[4]                   ; bidir  ; 3.3-V LVTTL  ;           ; Row I/O    ; Y               ; no       ; Off          ;
; 8        ; 11         ; 1        ; STM32_DATA[3]                   ; bidir  ; 3.3-V LVTTL  ;           ; Row I/O    ; Y               ; no       ; Off          ;
; 9        ;            ; 1        ; VCCIO1                          ; power  ;              ; 3.3V      ; --         ;                 ; --       ; --           ;
; 10       ;            ;          ; GNDIO                           ; gnd    ;              ;           ; --         ;                 ; --       ; --           ;
; 11       ;            ;          ; GNDINT                          ; gnd    ;              ;           ; --         ;                 ; --       ; --           ;
; 12       ; 20         ; 1        ; RESERVED_INPUT_WITH_WEAK_PULLUP ;        ;              ;           ; Row I/O    ;                 ; no       ; On           ;
; 13       ;            ;          ; VCCINT                          ; power  ;              ; 2.5V/3.3V ; --         ;                 ; --       ; --           ;
; 14       ; 21         ; 1        ; RESERVED_INPUT_WITH_WEAK_PULLUP ;        ;              ;           ; Row I/O    ;                 ; no       ; On           ;
; 15       ; 22         ; 1        ; STM32_INT_L                     ; input  ; 3.3-V LVTTL  ;           ; Row I/O    ; Y               ; no       ; Off          ;
; 16       ; 23         ; 1        ; RESERVED_INPUT_WITH_WEAK_PULLUP ;        ;              ;           ; Row I/O    ;                 ; no       ; On           ;
; 17       ; 24         ; 1        ; RESERVED_INPUT_WITH_WEAK_PULLUP ;        ;              ;           ; Row I/O    ;                 ; no       ; On           ;
; 18       ; 25         ; 1        ; RESERVED_INPUT_WITH_WEAK_PULLUP ;        ;              ;           ; Row I/O    ;                 ; no       ; On           ;
; 19       ; 32         ; 1        ; RESERVED_INPUT_WITH_WEAK_PULLUP ;        ;              ;           ; Row I/O    ;                 ; no       ; On           ;
; 20       ; 34         ; 1        ; RESERVED_INPUT_WITH_WEAK_PULLUP ;        ;              ;           ; Column I/O ;                 ; no       ; On           ;
; 21       ; 36         ; 1        ; RESERVED_INPUT_WITH_WEAK_PULLUP ;        ;              ;           ; Column I/O ;                 ; no       ; On           ;
; 22       ; 38         ; 1        ; #TMS                            ; input  ;              ;           ; --         ;                 ; --       ; --           ;
; 23       ; 39         ; 1        ; #TDI                            ; input  ;              ;           ; --         ;                 ; --       ; --           ;
; 24       ; 40         ; 1        ; #TCK                            ; input  ;              ;           ; --         ;                 ; --       ; --           ;
; 25       ; 41         ; 1        ; #TDO                            ; output ;              ;           ; --         ;                 ; --       ; --           ;
; 26       ; 47         ; 1        ; STM32_INPUT_LATCH_OE_L_1        ; input  ; 3.3-V LVTTL  ;           ; Column I/O ; Y               ; no       ; Off          ;
; 27       ; 48         ; 1        ; STM32_IOWR_INT_L                ; output ; 3.3-V LVTTL  ;           ; Column I/O ; Y               ; no       ; Off          ;
; 28       ; 50         ; 1        ; STM32_IORD_INT_L                ; output ; 3.3-V LVTTL  ;           ; Column I/O ; Y               ; no       ; Off          ;
; 29       ; 51         ; 1        ; STM32_INTACK_L                  ; output ; 3.3-V LVTTL  ;           ; Column I/O ; Y               ; no       ; Off          ;
; 30       ; 52         ; 1        ; STM32_PORT_ADDR[3]              ; bidir  ; 3.3-V LVTTL  ;           ; Column I/O ; Y               ; no       ; Off          ;
; 31       ;            ; 1        ; VCCIO1                          ; power  ;              ; 3.3V      ; --         ;                 ; --       ; --           ;
; 32       ;            ;          ; GNDIO                           ; gnd    ;              ;           ; --         ;                 ; --       ; --           ;
; 33       ; 58         ; 1        ; STM32_PORT_ADDR[2]              ; bidir  ; 3.3-V LVTTL  ;           ; Column I/O ; Y               ; no       ; Off          ;
; 34       ; 59         ; 1        ; STM32_DATA[2]                   ; bidir  ; 3.3-V LVTTL  ;           ; Column I/O ; Y               ; no       ; Off          ;
; 35       ; 60         ; 1        ; STM32_DATA[1]                   ; bidir  ; 3.3-V LVTTL  ;           ; Column I/O ; Y               ; no       ; Off          ;
; 36       ; 61         ; 1        ; STM32_DATA[0]                   ; bidir  ; 3.3-V LVTTL  ;           ; Column I/O ; Y               ; no       ; Off          ;
; 37       ;            ;          ; GNDINT                          ; gnd    ;              ;           ; --         ;                 ; --       ; --           ;
; 38       ; 62         ; 1        ; STM32_OUTPUT_LATCH_LOAD_H_16    ; input  ; 3.3-V LVTTL  ;           ; Column I/O ; Y               ; no       ; Off          ;
; 39       ;            ;          ; VCCINT                          ; power  ;              ; 2.5V/3.3V ; --         ;                 ; --       ; --           ;
; 40       ; 63         ; 1        ; RESERVED_INPUT_WITH_WEAK_PULLUP ;        ;              ;           ; Column I/O ;                 ; no       ; On           ;
; 41       ; 64         ; 1        ; RESERVED_INPUT_WITH_WEAK_PULLUP ;        ;              ;           ; Column I/O ;                 ; no       ; On           ;
; 42       ; 65         ; 1        ; STM32_INTVECT_LOAD_H            ; input  ; 3.3-V LVTTL  ;           ; Column I/O ; Y               ; no       ; Off          ;
; 43       ; 66         ; 1        ; RESERVED_INPUT_WITH_WEAK_PULLUP ;        ;              ;           ; Column I/O ;                 ; no       ; On           ;
; 44       ; 67         ; 1        ; RESERVED_INPUT_WITH_WEAK_PULLUP ;        ;              ;           ; Column I/O ;                 ; no       ; On           ;
; 45       ;            ; 1        ; VCCIO1                          ; power  ;              ; 3.3V      ; --         ;                 ; --       ; --           ;
; 46       ;            ;          ; GNDIO                           ; gnd    ;              ;           ; --         ;                 ; --       ; --           ;
; 47       ; 71         ; 1        ; LATCH16_LED                     ; output ; 3.3-V LVTTL  ;           ; Column I/O ; Y               ; no       ; Off          ;
; 48       ; 72         ; 1        ; LATCH1_LED                      ; output ; 3.3-V LVTTL  ;           ; Column I/O ; Y               ; no       ; Off          ;
; 49       ; 73         ; 1        ; IOWR_LED                        ; output ; 3.3-V LVTTL  ;           ; Column I/O ; Y               ; no       ; Off          ;
; 50       ; 75         ; 1        ; IORD_LED                        ; output ; 3.3-V LVTTL  ;           ; Column I/O ; Y               ; no       ; Off          ;
; 51       ; 79         ; 1        ; RESERVED_INPUT_WITH_WEAK_PULLUP ;        ;              ;           ; Column I/O ;                 ; no       ; On           ;
; 52       ; 83         ; 2        ; CPU_ADDR[15]                    ; input  ; 3.3-V LVTTL  ;           ; Row I/O    ; Y               ; no       ; Off          ;
; 53       ; 84         ; 2        ; CPU_ADDR[14]                    ; input  ; 3.3-V LVTTL  ;           ; Row I/O    ; Y               ; no       ; Off          ;
; 54       ; 86         ; 2        ; CPU_ADDR[13]                    ; input  ; 3.3-V LVTTL  ;           ; Row I/O    ; Y               ; no       ; Off          ;
; 55       ; 89         ; 2        ; CPU_ADDR[12]                    ; input  ; 3.3-V LVTTL  ;           ; Row I/O    ; Y               ; no       ; Off          ;
; 56       ; 91         ; 2        ; CPU_ADDR[11]                    ; input  ; 3.3-V LVTTL  ;           ; Row I/O    ; Y               ; no       ; Off          ;
; 57       ; 92         ; 2        ; CPU_ADDR[10]                    ; input  ; 3.3-V LVTTL  ;           ; Row I/O    ; Y               ; no       ; Off          ;
; 58       ; 93         ; 2        ; CPU_ADDR[9]                     ; input  ; 3.3-V LVTTL  ;           ; Row I/O    ; Y               ; no       ; Off          ;
; 59       ;            ; 2        ; VCCIO2                          ; power  ;              ; 3.3V      ; --         ;                 ; --       ; --           ;
; 60       ;            ;          ; GNDIO                           ; gnd    ;              ;           ; --         ;                 ; --       ; --           ;
; 61       ; 98         ; 2        ; CPU_ADDR[8]                     ; input  ; 3.3-V LVTTL  ;           ; Row I/O    ; Y               ; no       ; Off          ;
; 62       ; 101        ; 2        ; CLK50                           ; input  ; 3.3-V LVTTL  ;           ; Row I/O    ; Y               ; no       ; Off          ;
; 63       ;            ;          ; VCCINT                          ; power  ;              ; 2.5V/3.3V ; --         ;                 ; --       ; --           ;
; 64       ; 102        ; 2        ; CPU_CLK                         ; input  ; 3.3-V LVTTL  ;           ; Row I/O    ; Y               ; no       ; Off          ;
; 65       ;            ;          ; GNDINT                          ; gnd    ;              ;           ; --         ;                 ; --       ; --           ;
; 66       ; 103        ; 2        ; VECT_LOAD_LED                   ; output ; 3.3-V LVTTL  ;           ; Row I/O    ; Y               ; no       ; Off          ;
; 67       ; 104        ; 2        ; RESERVED_INPUT_WITH_WEAK_PULLUP ;        ;              ;           ; Row I/O    ;                 ; no       ; On           ;
; 68       ; 105        ; 2        ; INTACK_LED                      ; output ; 3.3-V LVTTL  ;           ; Row I/O    ; Y               ; no       ; Off          ;
; 69       ; 111        ; 2        ; RESERVED_INPUT_WITH_WEAK_PULLUP ;        ;              ;           ; Row I/O    ;                 ; no       ; On           ;
; 70       ; 112        ; 2        ; INT_LED                         ; output ; 3.3-V LVTTL  ;           ; Row I/O    ; Y               ; no       ; Off          ;
; 71       ; 115        ; 2        ; CPU_ADDR[7]                     ; input  ; 3.3-V LVTTL  ;           ; Row I/O    ; Y               ; no       ; Off          ;
; 72       ; 116        ; 2        ; CPU_ADDR[6]                     ; input  ; 3.3-V LVTTL  ;           ; Row I/O    ; Y               ; no       ; Off          ;
; 73       ; 118        ; 2        ; CPU_ADDR[5]                     ; input  ; 3.3-V LVTTL  ;           ; Row I/O    ; Y               ; no       ; Off          ;
; 74       ; 120        ; 2        ; CPU_ADDR[4]                     ; input  ; 3.3-V LVTTL  ;           ; Row I/O    ; Y               ; no       ; Off          ;
; 75       ; 122        ; 2        ; CPU_ADDR[3]                     ; input  ; 3.3-V LVTTL  ;           ; Row I/O    ; Y               ; no       ; Off          ;
; 76       ; 125        ; 2        ; CPU_ADDR[2]                     ; input  ; 3.3-V LVTTL  ;           ; Column I/O ; Y               ; no       ; Off          ;
; 77       ; 126        ; 2        ; CPU_ADDR[1]                     ; input  ; 3.3-V LVTTL  ;           ; Column I/O ; Y               ; no       ; Off          ;
; 78       ; 127        ; 2        ; CPU_ADDR[0]                     ; input  ; 3.3-V LVTTL  ;           ; Column I/O ; Y               ; no       ; Off          ;
; 79       ;            ;          ; GNDIO                           ; gnd    ;              ;           ; --         ;                 ; --       ; --           ;
; 80       ;            ; 2        ; VCCIO2                          ; power  ;              ; 3.3V      ; --         ;                 ; --       ; --           ;
; 81       ; 135        ; 2        ; CPU_DATA[7]                     ; bidir  ; 3.3-V LVTTL  ;           ; Column I/O ; Y               ; no       ; Off          ;
; 82       ; 136        ; 2        ; CPU_DATA[6]                     ; bidir  ; 3.3-V LVTTL  ;           ; Column I/O ; Y               ; no       ; Off          ;
; 83       ; 139        ; 2        ; CPU_DATA[5]                     ; bidir  ; 3.3-V LVTTL  ;           ; Column I/O ; Y               ; no       ; Off          ;
; 84       ; 140        ; 2        ; CPU_DATA[4]                     ; bidir  ; 3.3-V LVTTL  ;           ; Column I/O ; Y               ; no       ; Off          ;
; 85       ; 141        ; 2        ; CPU_DATA[3]                     ; bidir  ; 3.3-V LVTTL  ;           ; Column I/O ; Y               ; no       ; Off          ;
; 86       ; 142        ; 2        ; CPU_DATA[2]                     ; bidir  ; 3.3-V LVTTL  ;           ; Column I/O ; Y               ; no       ; Off          ;
; 87       ; 143        ; 2        ; CPU_DATA[1]                     ; bidir  ; 3.3-V LVTTL  ;           ; Column I/O ; Y               ; no       ; Off          ;
; 88       ;            ;          ; VCCINT                          ; power  ;              ; 2.5V/3.3V ; --         ;                 ; --       ; --           ;
; 89       ; 144        ; 2        ; CPU_INT                         ; output ; 3.3-V LVTTL  ;           ; Column I/O ; Y               ; no       ; Off          ;
; 90       ;            ;          ; GNDINT                          ; gnd    ;              ;           ; --         ;                 ; --       ; --           ;
; 91       ; 149        ; 2        ; CPU_RESET                       ; input  ; 3.3-V LVTTL  ;           ; Column I/O ; Y               ; no       ; Off          ;
; 92       ; 150        ; 2        ; RESERVED_INPUT_WITH_WEAK_PULLUP ;        ;              ;           ; Column I/O ;                 ; no       ; On           ;
; 93       ;            ;          ; GNDIO                           ; gnd    ;              ;           ; --         ;                 ; --       ; --           ;
; 94       ;            ; 2        ; VCCIO2                          ; power  ;              ; 3.3V      ; --         ;                 ; --       ; --           ;
; 95       ; 151        ; 2        ; CPU_BUSACK                      ; input  ; 3.3-V LVTTL  ;           ; Column I/O ; Y               ; no       ; Off          ;
; 96       ; 152        ; 2        ; CPU_IORQ                        ; input  ; 3.3-V LVTTL  ;           ; Column I/O ; Y               ; no       ; Off          ;
; 97       ; 153        ; 2        ; CPU_MREQ                        ; input  ; 3.3-V LVTTL  ;           ; Column I/O ; Y               ; no       ; Off          ;
; 98       ; 155        ; 2        ; CPU_WR                          ; input  ; 3.3-V LVTTL  ;           ; Column I/O ; Y               ; no       ; Off          ;
; 99       ; 156        ; 2        ; CPU_RD                          ; input  ; 3.3-V LVTTL  ;           ; Column I/O ; Y               ; no       ; Off          ;
; 100      ; 158        ; 2        ; CPU_M1                          ; input  ; 3.3-V LVTTL  ;           ; Column I/O ; Y               ; no       ; Off          ;
+----------+------------+----------+---------------------------------+--------+--------------+-----------+------------+-----------------+----------+--------------+
Note: Pin directions (input, output or bidir) are based on device operating in user mode.


+-------------------------------------------------------------+
; Output Pin Default Load For Reported TCO                    ;
+----------------------------+-------+------------------------+
; I/O Standard               ; Load  ; Termination Resistance ;
+----------------------------+-------+------------------------+
; 3.3-V LVTTL                ; 10 pF ; Not Available          ;
; 3.3-V LVCMOS               ; 10 pF ; Not Available          ;
; 2.5 V                      ; 10 pF ; Not Available          ;
; 1.8 V                      ; 10 pF ; Not Available          ;
; 1.5 V                      ; 10 pF ; Not Available          ;
; 3.3V Schmitt Trigger Input ; 10 pF ; Not Available          ;
; 2.5V Schmitt Trigger Input ; 10 pF ; Not Available          ;
+----------------------------+-------+------------------------+
Note: User assignments will override these defaults. The user specified values are listed in the Output Pins and Bidir Pins tables.


+---------------------------------------------------------------------------------------------------------------------------------------------------------------------------------------------------------------------------------------------------------------------+
; Fitter Resource Utilization by Entity                                                                                                                                                                                                                               ;
+---------------------------------------+-------------+--------------+------------+------+--------------+--------------+-------------------+------------------+-----------------+------------+-----------------------------------------+---------------+--------------+
; Compilation Hierarchy Node            ; Logic Cells ; LC Registers ; UFM Blocks ; Pins ; Virtual Pins ; LUT-Only LCs ; Register-Only LCs ; LUT/Register LCs ; Carry Chain LCs ; Packed LCs ; Full Hierarchy Name                     ; Entity Name   ; Library Name ;
+---------------------------------------+-------------+--------------+------------+------+--------------+--------------+-------------------+------------------+-----------------+------------+-----------------------------------------+---------------+--------------+
; |fapio                                ; 304 (19)    ; 0            ; 0          ; 60   ; 0            ; 304 (19)     ; 0 (0)             ; 0 (0)            ; 0 (0)           ; 0 (0)      ; |fapio                                  ; fapio         ; work         ;
;    |decoder_4to16:inst12|             ; 32 (32)     ; 0            ; 0          ; 0    ; 0            ; 32 (32)      ; 0 (0)             ; 0 (0)            ; 0 (0)           ; 0 (0)      ; |fapio|decoder_4to16:inst12             ; decoder_4to16 ; work         ;
;    |decoder_4to16:inst73|             ; 16 (16)     ; 0            ; 0          ; 0    ; 0            ; 16 (16)      ; 0 (0)             ; 0 (0)            ; 0 (0)           ; 0 (0)      ; |fapio|decoder_4to16:inst73             ; decoder_4to16 ; work         ;
;    |dlatch4:PORT_WRITE_ADDRESS_LATCH| ; 4 (4)       ; 0            ; 0          ; 0    ; 0            ; 4 (4)        ; 0 (0)             ; 0 (0)            ; 0 (0)           ; 0 (0)      ; |fapio|dlatch4:PORT_WRITE_ADDRESS_LATCH ; dlatch4       ; work         ;
;    |dlatch8:PORT_WRITE_DATA_LATCH|    ; 8 (8)       ; 0            ; 0          ; 0    ; 0            ; 8 (8)        ; 0 (0)             ; 0 (0)            ; 0 (0)           ; 0 (0)      ; |fapio|dlatch8:PORT_WRITE_DATA_LATCH    ; dlatch8       ; work         ;
;    |dlatch8:Z80_INT_LATCH|            ; 97 (97)     ; 0            ; 0          ; 0    ; 0            ; 97 (97)      ; 0 (0)             ; 0 (0)            ; 0 (0)           ; 0 (0)      ; |fapio|dlatch8:Z80_INT_LATCH            ; dlatch8       ; work         ;
;    |dlatch8:inst14|                   ; 8 (8)       ; 0            ; 0          ; 0    ; 0            ; 8 (8)        ; 0 (0)             ; 0 (0)            ; 0 (0)           ; 0 (0)      ; |fapio|dlatch8:inst14                   ; dlatch8       ; work         ;
;    |dlatch8:inst15|                   ; 8 (8)       ; 0            ; 0          ; 0    ; 0            ; 8 (8)        ; 0 (0)             ; 0 (0)            ; 0 (0)           ; 0 (0)      ; |fapio|dlatch8:inst15                   ; dlatch8       ; work         ;
;    |dlatch8:inst20|                   ; 8 (8)       ; 0            ; 0          ; 0    ; 0            ; 8 (8)        ; 0 (0)             ; 0 (0)            ; 0 (0)           ; 0 (0)      ; |fapio|dlatch8:inst20                   ; dlatch8       ; work         ;
;    |dlatch8:inst23|                   ; 8 (8)       ; 0            ; 0          ; 0    ; 0            ; 8 (8)        ; 0 (0)             ; 0 (0)            ; 0 (0)           ; 0 (0)      ; |fapio|dlatch8:inst23                   ; dlatch8       ; work         ;
;    |dlatch8:inst26|                   ; 8 (8)       ; 0            ; 0          ; 0    ; 0            ; 8 (8)        ; 0 (0)             ; 0 (0)            ; 0 (0)           ; 0 (0)      ; |fapio|dlatch8:inst26                   ; dlatch8       ; work         ;
;    |dlatch8:inst29|                   ; 8 (8)       ; 0            ; 0          ; 0    ; 0            ; 8 (8)        ; 0 (0)             ; 0 (0)            ; 0 (0)           ; 0 (0)      ; |fapio|dlatch8:inst29                   ; dlatch8       ; work         ;
;    |dlatch8:inst33|                   ; 8 (8)       ; 0            ; 0          ; 0    ; 0            ; 8 (8)        ; 0 (0)             ; 0 (0)            ; 0 (0)           ; 0 (0)      ; |fapio|dlatch8:inst33                   ; dlatch8       ; work         ;
;    |dlatch8:inst37|                   ; 8 (8)       ; 0            ; 0          ; 0    ; 0            ; 8 (8)        ; 0 (0)             ; 0 (0)            ; 0 (0)           ; 0 (0)      ; |fapio|dlatch8:inst37                   ; dlatch8       ; work         ;
;    |dlatch8:inst41|                   ; 8 (8)       ; 0            ; 0          ; 0    ; 0            ; 8 (8)        ; 0 (0)             ; 0 (0)            ; 0 (0)           ; 0 (0)      ; |fapio|dlatch8:inst41                   ; dlatch8       ; work         ;
;    |dlatch8:inst45|                   ; 8 (8)       ; 0            ; 0          ; 0    ; 0            ; 8 (8)        ; 0 (0)             ; 0 (0)            ; 0 (0)           ; 0 (0)      ; |fapio|dlatch8:inst45                   ; dlatch8       ; work         ;
;    |dlatch8:inst49|                   ; 8 (8)       ; 0            ; 0          ; 0    ; 0            ; 8 (8)        ; 0 (0)             ; 0 (0)            ; 0 (0)           ; 0 (0)      ; |fapio|dlatch8:inst49                   ; dlatch8       ; work         ;
;    |dlatch8:inst53|                   ; 8 (8)       ; 0            ; 0          ; 0    ; 0            ; 8 (8)        ; 0 (0)             ; 0 (0)            ; 0 (0)           ; 0 (0)      ; |fapio|dlatch8:inst53                   ; dlatch8       ; work         ;
;    |dlatch8:inst57|                   ; 8 (8)       ; 0            ; 0          ; 0    ; 0            ; 8 (8)        ; 0 (0)             ; 0 (0)            ; 0 (0)           ; 0 (0)      ; |fapio|dlatch8:inst57                   ; dlatch8       ; work         ;
;    |dlatch8:inst61|                   ; 8 (8)       ; 0            ; 0          ; 0    ; 0            ; 8 (8)        ; 0 (0)             ; 0 (0)            ; 0 (0)           ; 0 (0)      ; |fapio|dlatch8:inst61                   ; dlatch8       ; work         ;
;    |dlatch8:inst65|                   ; 8 (8)       ; 0            ; 0          ; 0    ; 0            ; 8 (8)        ; 0 (0)             ; 0 (0)            ; 0 (0)           ; 0 (0)      ; |fapio|dlatch8:inst65                   ; dlatch8       ; work         ;
;    |dlatch8:inst69|                   ; 8 (8)       ; 0            ; 0          ; 0    ; 0            ; 8 (8)        ; 0 (0)             ; 0 (0)            ; 0 (0)           ; 0 (0)      ; |fapio|dlatch8:inst69                   ; dlatch8       ; work         ;
+---------------------------------------+-------------+--------------+------------+------+--------------+--------------+-------------------+------------------+-----------------+------------+-----------------------------------------+---------------+--------------+
Note: For table entries with two numbers listed, the numbers in parentheses indicate the number of resources of the given type used by the specific entity alone. The numbers listed outside of parentheses indicate the total resources of the given type used by the specific entity and all of its sub-entities in the hierarchy.


+---------------------------------------------------------+
; Delay Chain Summary                                     ;
+------------------------------+----------+---------------+
; Name                         ; Pin Type ; Pad to Core 0 ;
+------------------------------+----------+---------------+
; CPU_INT                      ; Output   ; --            ;
; STM32_INTACK_L               ; Output   ; --            ;
; STM32_IORD_INT_L             ; Output   ; --            ;
; STM32_IOWR_INT_L             ; Output   ; --            ;
; IORD_LED                     ; Output   ; --            ;
; IOWR_LED                     ; Output   ; --            ;
; LATCH1_LED                   ; Output   ; --            ;
; LATCH16_LED                  ; Output   ; --            ;
; INT_LED                      ; Output   ; --            ;
; INTACK_LED                   ; Output   ; --            ;
; VECT_LOAD_LED                ; Output   ; --            ;
; CPU_ADDR[15]                 ; Input    ; --            ;
; CPU_ADDR[14]                 ; Input    ; --            ;
; CPU_ADDR[13]                 ; Input    ; --            ;
; CPU_ADDR[12]                 ; Input    ; --            ;
; CPU_ADDR[11]                 ; Input    ; --            ;
; CPU_ADDR[10]                 ; Input    ; --            ;
; CPU_ADDR[9]                  ; Input    ; --            ;
; CPU_ADDR[8]                  ; Input    ; --            ;
; CPU_ADDR[7]                  ; Input    ; --            ;
; CPU_ADDR[6]                  ; Input    ; --            ;
; CPU_ADDR[5]                  ; Input    ; --            ;
; CPU_ADDR[4]                  ; Input    ; --            ;
; CPU_CLK                      ; Input    ; --            ;
; CPU_BUSACK                   ; Input    ; --            ;
; CPU_MREQ                     ; Input    ; --            ;
; CPU_RESET                    ; Input    ; --            ;
; CLK50                        ; Input    ; --            ;
; CPU_DATA[7]                  ; Bidir    ; (0)           ;
; CPU_DATA[6]                  ; Bidir    ; (0)           ;
; CPU_DATA[5]                  ; Bidir    ; (0)           ;
; CPU_DATA[4]                  ; Bidir    ; (0)           ;
; CPU_DATA[3]                  ; Bidir    ; (0)           ;
; CPU_DATA[2]                  ; Bidir    ; (0)           ;
; CPU_DATA[1]                  ; Bidir    ; (0)           ;
; CPU_DATA[0]                  ; Bidir    ; (0)           ;
; STM32_DATA[7]                ; Bidir    ; (0)           ;
; STM32_DATA[6]                ; Bidir    ; (0)           ;
; STM32_DATA[5]                ; Bidir    ; (0)           ;
; STM32_DATA[4]                ; Bidir    ; (0)           ;
; STM32_DATA[3]                ; Bidir    ; (0)           ;
; STM32_DATA[2]                ; Bidir    ; (0)           ;
; STM32_DATA[1]                ; Bidir    ; (0)           ;
; STM32_DATA[0]                ; Bidir    ; (0)           ;
; STM32_PORT_ADDR[3]           ; Bidir    ; (0)           ;
; STM32_PORT_ADDR[2]           ; Bidir    ; (0)           ;
; STM32_PORT_ADDR[1]           ; Bidir    ; (0)           ;
; STM32_PORT_ADDR[0]           ; Bidir    ; (0)           ;
; STM32_INT_L                  ; Input    ; (0)           ;
; CPU_M1                       ; Input    ; (0)           ;
; CPU_IORQ                     ; Input    ; (0)           ;
; CPU_RD                       ; Input    ; (0)           ;
; CPU_WR                       ; Input    ; (0)           ;
; STM32_INPUT_LATCH_OE_L_1     ; Input    ; (0)           ;
; STM32_OUTPUT_LATCH_LOAD_H_16 ; Input    ; (0)           ;
; STM32_INTVECT_LOAD_H         ; Input    ; (0)           ;
; CPU_ADDR[0]                  ; Input    ; (0)           ;
; CPU_ADDR[1]                  ; Input    ; (0)           ;
; CPU_ADDR[2]                  ; Input    ; (0)           ;
; CPU_ADDR[3]                  ; Input    ; (0)           ;
+------------------------------+----------+---------------+


+-------------------------------------------------------------------------------------------------------------------------------------+
; Control Signals                                                                                                                     ;
+-----------------------------------------+--------------+---------+---------------+--------+----------------------+------------------+
; Name                                    ; Location     ; Fan-Out ; Usage         ; Global ; Global Resource Used ; Global Line Name ;
+-----------------------------------------+--------------+---------+---------------+--------+----------------------+------------------+
; STM32_INPUT_LATCH_OE_L_1                ; PIN_26       ; 13      ; Output enable ; no     ; --                   ; --               ;
; STM32_INTVECT_LOAD_H                    ; PIN_42       ; 9       ; Latch enable  ; no     ; --                   ; --               ;
; decoder_4to16:inst12|decoder_out[0]~0   ; LC_X8_Y5_N7  ; 8       ; Latch enable  ; yes    ; Global Clock         ; GCLK2            ;
; decoder_4to16:inst12|decoder_out[10]~10 ; LC_X10_Y3_N9 ; 8       ; Latch enable  ; yes    ; Global Clock         ; GCLK0            ;
; decoder_4to16:inst12|decoder_out[11]~11 ; LC_X10_Y3_N4 ; 8       ; Latch enable  ; yes    ; Global Clock         ; GCLK1            ;
; decoder_4to16:inst12|decoder_out[12]~12 ; LC_X6_Y7_N1  ; 8       ; Latch enable  ; no     ; --                   ; --               ;
; decoder_4to16:inst12|decoder_out[13]~13 ; LC_X5_Y6_N7  ; 8       ; Latch enable  ; no     ; --                   ; --               ;
; decoder_4to16:inst12|decoder_out[14]~14 ; LC_X5_Y4_N8  ; 8       ; Latch enable  ; no     ; --                   ; --               ;
; decoder_4to16:inst12|decoder_out[15]~15 ; LC_X5_Y7_N2  ; 8       ; Latch enable  ; no     ; --                   ; --               ;
; decoder_4to16:inst12|decoder_out[1]~1   ; LC_X7_Y5_N8  ; 8       ; Latch enable  ; no     ; --                   ; --               ;
; decoder_4to16:inst12|decoder_out[2]~2   ; LC_X3_Y4_N3  ; 8       ; Latch enable  ; no     ; --                   ; --               ;
; decoder_4to16:inst12|decoder_out[3]~3   ; LC_X4_Y5_N1  ; 8       ; Latch enable  ; no     ; --                   ; --               ;
; decoder_4to16:inst12|decoder_out[4]~4   ; LC_X8_Y6_N3  ; 8       ; Latch enable  ; no     ; --                   ; --               ;
; decoder_4to16:inst12|decoder_out[5]~5   ; LC_X4_Y4_N8  ; 8       ; Latch enable  ; no     ; --                   ; --               ;
; decoder_4to16:inst12|decoder_out[6]~6   ; LC_X8_Y6_N2  ; 8       ; Latch enable  ; no     ; --                   ; --               ;
; decoder_4to16:inst12|decoder_out[7]~7   ; LC_X7_Y6_N3  ; 8       ; Latch enable  ; no     ; --                   ; --               ;
; decoder_4to16:inst12|decoder_out[8]~8   ; LC_X2_Y7_N8  ; 8       ; Latch enable  ; no     ; --                   ; --               ;
; decoder_4to16:inst12|decoder_out[9]~9   ; LC_X2_Y7_N1  ; 8       ; Latch enable  ; no     ; --                   ; --               ;
; dlatch8:Z80_INT_LATCH|q[7]~103          ; LC_X8_Y4_N2  ; 8       ; Output enable ; no     ; --                   ; --               ;
; inst2                                   ; LC_X10_Y3_N5 ; 14      ; Latch enable  ; yes    ; Global Clock         ; GCLK3            ;
+-----------------------------------------+--------------+---------+---------------+--------+----------------------+------------------+


+------------------------------------------------------------------------------------------------------------+
; Global & Other Fast Signals                                                                                ;
+-----------------------------------------+--------------+---------+----------------------+------------------+
; Name                                    ; Location     ; Fan-Out ; Global Resource Used ; Global Line Name ;
+-----------------------------------------+--------------+---------+----------------------+------------------+
; decoder_4to16:inst12|decoder_out[0]~0   ; LC_X8_Y5_N7  ; 8       ; Global Clock         ; GCLK2            ;
; decoder_4to16:inst12|decoder_out[10]~10 ; LC_X10_Y3_N9 ; 8       ; Global Clock         ; GCLK0            ;
; decoder_4to16:inst12|decoder_out[11]~11 ; LC_X10_Y3_N4 ; 8       ; Global Clock         ; GCLK1            ;
; inst2                                   ; LC_X10_Y3_N5 ; 14      ; Global Clock         ; GCLK3            ;
+-----------------------------------------+--------------+---------+----------------------+------------------+


+----------------------------------------------+
; Routing Usage Summary                        ;
+-----------------------+----------------------+
; Routing Resource Type ; Usage                ;
+-----------------------+----------------------+
; C4s                   ; 314 / 1,624 ( 19 % ) ;
; Direct links          ; 41 / 1,930 ( 2 % )   ;
; Global clocks         ; 4 / 4 ( 100 % )      ;
; LAB clocks            ; 21 / 56 ( 38 % )     ;
; LUT chains            ; 20 / 513 ( 4 % )     ;
; Local interconnects   ; 568 / 1,930 ( 29 % ) ;
; R4s                   ; 467 / 1,472 ( 32 % ) ;
+-----------------------+----------------------+


+---------------------------------------------------------------------------+
; LAB Logic Elements                                                        ;
+--------------------------------------------+------------------------------+
; Number of Logic Elements  (Average = 8.00) ; Number of LABs  (Total = 38) ;
+--------------------------------------------+------------------------------+
; 1                                          ; 3                            ;
; 2                                          ; 2                            ;
; 3                                          ; 1                            ;
; 4                                          ; 1                            ;
; 5                                          ; 0                            ;
; 6                                          ; 2                            ;
; 7                                          ; 2                            ;
; 8                                          ; 1                            ;
; 9                                          ; 4                            ;
; 10                                         ; 22                           ;
+--------------------------------------------+------------------------------+


+----------------------------------------------------------------------------+
; LAB Signals Sourced                                                        ;
+---------------------------------------------+------------------------------+
; Number of Signals Sourced  (Average = 8.00) ; Number of LABs  (Total = 38) ;
+---------------------------------------------+------------------------------+
; 0                                           ; 0                            ;
; 1                                           ; 3                            ;
; 2                                           ; 2                            ;
; 3                                           ; 1                            ;
; 4                                           ; 1                            ;
; 5                                           ; 0                            ;
; 6                                           ; 2                            ;
; 7                                           ; 2                            ;
; 8                                           ; 1                            ;
; 9                                           ; 4                            ;
; 10                                          ; 22                           ;
+---------------------------------------------+------------------------------+


+--------------------------------------------------------------------------------+
; LAB Signals Sourced Out                                                        ;
+-------------------------------------------------+------------------------------+
; Number of Signals Sourced Out  (Average = 5.39) ; Number of LABs  (Total = 38) ;
+-------------------------------------------------+------------------------------+
; 0                                               ; 0                            ;
; 1                                               ; 3                            ;
; 2                                               ; 4                            ;
; 3                                               ; 3                            ;
; 4                                               ; 2                            ;
; 5                                               ; 7                            ;
; 6                                               ; 5                            ;
; 7                                               ; 6                            ;
; 8                                               ; 4                            ;
; 9                                               ; 2                            ;
; 10                                              ; 2                            ;
+-------------------------------------------------+------------------------------+


+-----------------------------------------------------------------------------+
; LAB Distinct Inputs                                                         ;
+----------------------------------------------+------------------------------+
; Number of Distinct Inputs  (Average = 12.97) ; Number of LABs  (Total = 38) ;
+----------------------------------------------+------------------------------+
; 0                                            ; 0                            ;
; 1                                            ; 0                            ;
; 2                                            ; 1                            ;
; 3                                            ; 2                            ;
; 4                                            ; 1                            ;
; 5                                            ; 1                            ;
; 6                                            ; 3                            ;
; 7                                            ; 2                            ;
; 8                                            ; 0                            ;
; 9                                            ; 2                            ;
; 10                                           ; 3                            ;
; 11                                           ; 3                            ;
; 12                                           ; 1                            ;
; 13                                           ; 1                            ;
; 14                                           ; 3                            ;
; 15                                           ; 2                            ;
; 16                                           ; 1                            ;
; 17                                           ; 1                            ;
; 18                                           ; 1                            ;
; 19                                           ; 1                            ;
; 20                                           ; 3                            ;
; 21                                           ; 0                            ;
; 22                                           ; 3                            ;
; 23                                           ; 2                            ;
; 24                                           ; 1                            ;
+----------------------------------------------+------------------------------+


+--------------------------------------------------------------------------------------+
; Fitter Device Options                                                                ;
+----------------------------------------------+---------------------------------------+
; Option                                       ; Setting                               ;
+----------------------------------------------+---------------------------------------+
; Enable user-supplied start-up clock (CLKUSR) ; Off                                   ;
; Enable device-wide reset (DEV_CLRn)          ; Off                                   ;
; Enable device-wide output enable (DEV_OE)    ; Off                                   ;
; Enable INIT_DONE output                      ; Off                                   ;
; Configuration scheme                         ; Passive Serial                        ;
; Reserve all unused pins                      ; As input tri-stated with weak pull-up ;
+----------------------------------------------+---------------------------------------+


+-----------------+
; Fitter Messages ;
+-----------------+
Warning (18236): Number of processors has not been specified which may cause overloading on shared machines.  Set the global assignment NUM_PARALLEL_PROCESSORS in your QSF to an appropriate value for best performance.
Info (20030): Parallel compilation is enabled and will use 2 of the 2 processors detected
Info (119006): Selected device EPM570T100C5 for design "fapio"
Info (21077): Low junction temperature is 0 degrees C
Info (21077): High junction temperature is 85 degrees C
Info (171003): Fitter is performing an Auto Fit compilation, which may decrease Fitter effort to reduce compilation time
Warning (292013): Feature LogicLock is only available with a valid subscription license. You can purchase a software subscription to gain full access to this feature.
Info (176444): Device migration not selected. If you intend to use device migration later, you may need to change the pin assignments as they may be incompatible with other devices
    Info (176445): Device EPM240T100C5 is compatible
    Info (176445): Device EPM240T100I5 is compatible
    Info (176445): Device EPM240T100A5 is compatible
    Info (176445): Device EPM570T100I5 is compatible
    Info (176445): Device EPM570T100A5 is compatible
Warning (335093): TimeQuest Timing Analyzer is analyzing 148 combinational loops as latches. For more details, run the Check Timing command in the TimeQuest Timing Analyzer or view the "User-Specified and Inferred Latches" table in the Analysis & Synthesis report.
Critical Warning (332012): Synopsys Design Constraints File file not found: 'fapio.sdc'. A Synopsys Design Constraints File is required by the TimeQuest Timing Analyzer to get proper timing constraints. Without it, the Compiler will not properly optimize the design.
Info (332144): No user constrained base clocks found in the design
Info (332128): Timing requirements not specified -- optimizing circuit to achieve the following default global requirements
    Info (332127): Assuming a default timing requirement
Info (332111): Found 3 clocks
    Info (332111):   Period   Clock Name
    Info (332111): ======== ============
    Info (332111):    1.000     CPU_IORQ
    Info (332111):    1.000 STM32_INTVECT_LOAD_H
    Info (332111):    1.000 STM32_OUTPUT_LATCH_LOAD_H_16
Info (186079): Completed User Assigned Global Signals Promotion Operation
Info (186216): Automatically promoted some destinations of signal "inst2" to use Global clock
    Info (186217): Destination "STM32_IOWR_INT_L" may be non-global or may not use global clock
    Info (186217): Destination "IOWR_LED" may be non-global or may not use global clock
Info (186215): Automatically promoted signal "decoder_4to16:inst12|decoder_out[0]~0" to use Global clock File: C:/Users/Allen/Desktop/fap_ioboard/fapio_cpldcode570/decoder_4to16.v Line: 9
Info (186215): Automatically promoted signal "decoder_4to16:inst12|decoder_out[10]~10" to use Global clock File: C:/Users/Allen/Desktop/fap_ioboard/fapio_cpldcode570/decoder_4to16.v Line: 9
Info (186215): Automatically promoted signal "decoder_4to16:inst12|decoder_out[11]~11" to use Global clock File: C:/Users/Allen/Desktop/fap_ioboard/fapio_cpldcode570/decoder_4to16.v Line: 9
Info (186079): Completed Auto Global Promotion Operation
Info (176234): Starting register packing
Info (186468): Started processing fast register assignments
Info (186469): Finished processing fast register assignments
Info (176235): Finished register packing
Warning (15705): Ignored locations or region assignments to the following nodes
    Warning (15706): Node "DEBUG_LED" is assigned to location or region, but does not exist in design
Info (171121): Fitter preparation operations ending: elapsed time is 00:00:01
Info (14896): Fitter has disabled Advanced Physical Optimization because it is not supported for the current family.
Info (170189): Fitter placement preparation operations beginning
Info (170190): Fitter placement preparation operations ending: elapsed time is 00:00:00
Info (170191): Fitter placement operations beginning
Info (170137): Fitter placement was successful
Info (170192): Fitter placement operations ending: elapsed time is 00:00:00
Info (170193): Fitter routing operations beginning
Info (170195): Router estimated average interconnect usage is 23% of the available device resources
    Info (170196): Router estimated peak interconnect usage is 23% of the available device resources in the region that extends from location X0_Y0 to location X13_Y8
Info (170199): The Fitter performed an Auto Fit compilation.  Optimizations were skipped to reduce compilation time.
    Info (170201): Optimizations that may affect the design's routability were skipped
    Info (170200): Optimizations that may affect the design's timing were skipped
Info (170194): Fitter routing operations ending: elapsed time is 00:00:00
Info (11888): Total time spent on timing analysis during the Fitter is 0.04 seconds.
Info (11218): Fitter post-fit operations ending: elapsed time is 00:00:00
Warning (171167): Found invalid Fitter assignments. See the Ignored Assignments panel in the Fitter Compilation Report for more information.
Info (144001): Generated suppressed messages file C:/Users/Allen/Desktop/fap_ioboard/fapio_cpldcode570/output_files/fapio.fit.smsg
Info: Quartus Prime Fitter was successful. 0 errors, 7 warnings
    Info: Peak virtual memory: 955 megabytes
    Info: Processing ended: Mon Dec 12 17:26:23 2016
    Info: Elapsed time: 00:00:04
    Info: Total CPU time (on all processors): 00:00:03


+----------------------------+
; Fitter Suppressed Messages ;
+----------------------------+
The suppressed messages can be found in C:/Users/Allen/Desktop/fap_ioboard/fapio_cpldcode570/output_files/fapio.fit.smsg.


