Component: ARM Compiler 5.06 update 1 (build 61) Tool: armlink [4d35a8]

==============================================================================

Section Cross References

    stm32f0xx_hal_cortex.o(i.HAL_NVIC_SetPriority) refers to stm32f0xx_hal_cortex.o(i.NVIC_SetPriority) for NVIC_SetPriority
    stm32f0xx_hal_cortex.o(i.HAL_SYSTICK_Config) refers to stm32f0xx_hal_cortex.o(i.NVIC_SetPriority) for NVIC_SetPriority
    stm32f0xx_hal_cortex.o(i.HAL_SYSTICK_IRQHandler) refers to stm32f0xx_hal_cortex.o(i.HAL_SYSTICK_Callback) for HAL_SYSTICK_Callback
    stm32f0xx_hal_rcc.o(i.HAL_RCC_ClockConfig) refers to stm32f0xx_hal.o(i.HAL_GetTick) for HAL_GetTick
    stm32f0xx_hal_rcc.o(i.HAL_RCC_ClockConfig) refers to stm32f0xx_hal_rcc.o(i.HAL_RCC_GetSysClockFreq) for HAL_RCC_GetSysClockFreq
    stm32f0xx_hal_rcc.o(i.HAL_RCC_ClockConfig) refers to stm32f0xx_hal.o(i.HAL_InitTick) for HAL_InitTick
    stm32f0xx_hal_rcc.o(i.HAL_RCC_ClockConfig) refers to system_stm32f0xx.o(.constdata) for AHBPrescTable
    stm32f0xx_hal_rcc.o(i.HAL_RCC_ClockConfig) refers to system_stm32f0xx.o(.data) for SystemCoreClock
    stm32f0xx_hal_rcc.o(i.HAL_RCC_DeInit) refers to system_stm32f0xx.o(.data) for SystemCoreClock
    stm32f0xx_hal_rcc.o(i.HAL_RCC_GetHCLKFreq) refers to system_stm32f0xx.o(.data) for SystemCoreClock
    stm32f0xx_hal_rcc.o(i.HAL_RCC_GetPCLK1Freq) refers to system_stm32f0xx.o(.data) for SystemCoreClock
    stm32f0xx_hal_rcc.o(i.HAL_RCC_GetPCLK1Freq) refers to system_stm32f0xx.o(.constdata) for APBPrescTable
    stm32f0xx_hal_rcc.o(i.HAL_RCC_GetSysClockFreq) refers to uidiv.o(.text) for __aeabi_uidivmod
    stm32f0xx_hal_rcc.o(i.HAL_RCC_MCOConfig) refers to memseta.o(.text) for __aeabi_memclr4
    stm32f0xx_hal_rcc.o(i.HAL_RCC_MCOConfig) refers to stm32f0xx_hal_gpio.o(i.HAL_GPIO_Init) for HAL_GPIO_Init
    stm32f0xx_hal_rcc.o(i.HAL_RCC_NMI_IRQHandler) refers to stm32f0xx_hal_rcc.o(i.HAL_RCC_CSSCallback) for HAL_RCC_CSSCallback
    stm32f0xx_hal_rcc.o(i.HAL_RCC_OscConfig) refers to stm32f0xx_hal.o(i.HAL_GetTick) for HAL_GetTick
    stm32f0xx_hal_dma.o(i.DMA_CalcBaseAndBitshift) refers to uidiv.o(.text) for __aeabi_uidivmod
    stm32f0xx_hal_dma.o(i.HAL_DMA_DeInit) refers to stm32f0xx_hal_dma.o(i.DMA_CalcBaseAndBitshift) for DMA_CalcBaseAndBitshift
    stm32f0xx_hal_dma.o(i.HAL_DMA_Init) refers to stm32f0xx_hal_dma.o(i.DMA_CalcBaseAndBitshift) for DMA_CalcBaseAndBitshift
    stm32f0xx_hal_dma.o(i.HAL_DMA_PollForTransfer) refers to stm32f0xx_hal.o(i.HAL_GetTick) for HAL_GetTick
    stm32f0xx_hal_dma.o(i.HAL_DMA_Start) refers to stm32f0xx_hal_dma.o(i.DMA_SetConfig) for DMA_SetConfig
    stm32f0xx_hal_dma.o(i.HAL_DMA_Start_IT) refers to stm32f0xx_hal_dma.o(i.DMA_SetConfig) for DMA_SetConfig
    stm32f0xx_hal_dma.o(i.HAL_DMA_UnRegisterCallback) refers to stm32f0xx_hal_dma.o(i.__ARM_common_switch8) for __ARM_common_switch8
    stm32f0xx_hal.o(i.HAL_DeInit) refers to stm32f0xx_hal.o(i.HAL_MspDeInit) for HAL_MspDeInit
    stm32f0xx_hal.o(i.HAL_Delay) refers to stm32f0xx_hal.o(i.HAL_GetTick) for HAL_GetTick
    stm32f0xx_hal.o(i.HAL_GetTick) refers to stm32f0xx_hal.o(.data) for .data
    stm32f0xx_hal.o(i.HAL_IncTick) refers to stm32f0xx_hal.o(.data) for .data
    stm32f0xx_hal.o(i.HAL_Init) refers to stm32f0xx_hal.o(i.HAL_InitTick) for HAL_InitTick
    stm32f0xx_hal.o(i.HAL_Init) refers to stm32f0xx_hal_msp.o(i.HAL_MspInit) for HAL_MspInit
    stm32f0xx_hal.o(i.HAL_InitTick) refers to stm32f0xx_hal_rcc.o(i.HAL_RCC_GetHCLKFreq) for HAL_RCC_GetHCLKFreq
    stm32f0xx_hal.o(i.HAL_InitTick) refers to uidiv.o(.text) for __aeabi_uidivmod
    stm32f0xx_hal.o(i.HAL_InitTick) refers to stm32f0xx_hal_cortex.o(i.HAL_SYSTICK_Config) for HAL_SYSTICK_Config
    stm32f0xx_hal.o(i.HAL_InitTick) refers to stm32f0xx_hal_cortex.o(i.HAL_NVIC_SetPriority) for HAL_NVIC_SetPriority
    stm32f0xx_hal_pwr_ex.o(i.HAL_PWR_PVD_IRQHandler) refers to stm32f0xx_hal_pwr_ex.o(i.HAL_PWR_PVDCallback) for HAL_PWR_PVDCallback
    stm32f0xx_hal_flash_ex.o(i.FLASH_MassErase) refers to stm32f0xx_hal_flash.o(.bss) for pFlash
    stm32f0xx_hal_flash_ex.o(i.FLASH_OB_DisableWRP) refers to stm32f0xx_hal_flash.o(i.FLASH_WaitForLastOperation) for FLASH_WaitForLastOperation
    stm32f0xx_hal_flash_ex.o(i.FLASH_OB_DisableWRP) refers to stm32f0xx_hal_flash_ex.o(i.HAL_FLASHEx_OBErase) for HAL_FLASHEx_OBErase
    stm32f0xx_hal_flash_ex.o(i.FLASH_OB_DisableWRP) refers to stm32f0xx_hal_flash.o(.bss) for pFlash
    stm32f0xx_hal_flash_ex.o(i.FLASH_OB_EnableWRP) refers to stm32f0xx_hal_flash.o(i.FLASH_WaitForLastOperation) for FLASH_WaitForLastOperation
    stm32f0xx_hal_flash_ex.o(i.FLASH_OB_EnableWRP) refers to stm32f0xx_hal_flash_ex.o(i.HAL_FLASHEx_OBErase) for HAL_FLASHEx_OBErase
    stm32f0xx_hal_flash_ex.o(i.FLASH_OB_EnableWRP) refers to stm32f0xx_hal_flash.o(.bss) for pFlash
    stm32f0xx_hal_flash_ex.o(i.FLASH_OB_RDP_LevelConfig) refers to stm32f0xx_hal_flash.o(i.FLASH_WaitForLastOperation) for FLASH_WaitForLastOperation
[...]
    ../clib/microlib/division.c              0x00000000   Number         0  idiv.o ABSOLUTE
    ../clib/microlib/division.c              0x00000000   Number         0  uidiv.o ABSOLUTE
    ../clib/microlib/errno.c                 0x00000000   Number         0  errno.o ABSOLUTE
    ../clib/microlib/init/entry.s            0x00000000   Number         0  entry7a.o ABSOLUTE
    ../clib/microlib/init/entry.s            0x00000000   Number         0  entry2.o ABSOLUTE
    ../clib/microlib/init/entry.s            0x00000000   Number         0  entry9a.o ABSOLUTE
    ../clib/microlib/init/entry.s            0x00000000   Number         0  entry5.o ABSOLUTE
    ../clib/microlib/init/entry.s            0x00000000   Number         0  entry11b.o ABSOLUTE
    ../clib/microlib/init/entry.s            0x00000000   Number         0  entry.o ABSOLUTE
    ../clib/microlib/init/entry.s            0x00000000   Number         0  entry7b.o ABSOLUTE
    ../clib/microlib/init/entry.s            0x00000000   Number         0  entry11a.o ABSOLUTE
    ../clib/microlib/init/entry.s            0x00000000   Number         0  entry10b.o ABSOLUTE
    ../clib/microlib/init/entry.s            0x00000000   Number         0  entry10a.o ABSOLUTE
    ../clib/microlib/init/entry.s            0x00000000   Number         0  entry8b.o ABSOLUTE
    ../clib/microlib/init/entry.s            0x00000000   Number         0  entry8a.o ABSOLUTE
    ../clib/microlib/init/entry.s            0x00000000   Number         0  entry9b.o ABSOLUTE
    ../clib/microlib/longlong.c              0x00000000   Number         0  llshl.o ABSOLUTE
    ../clib/microlib/longlong.c              0x00000000   Number         0  llsshr.o ABSOLUTE
    ../clib/microlib/longlong.c              0x00000000   Number         0  llushr.o ABSOLUTE
    ../clib/microlib/printf/printf.c         0x00000000   Number         0  printf2.o ABSOLUTE
    ../clib/microlib/printf/printf.c         0x00000000   Number         0  printf8.o ABSOLUTE
    ../clib/microlib/printf/printf.c         0x00000000   Number         0  printf3.o ABSOLUTE
    ../clib/microlib/printf/printf.c         0x00000000   Number         0  printf5.o ABSOLUTE
    ../clib/microlib/printf/printf.c         0x00000000   Number         0  printf6.o ABSOLUTE
    ../clib/microlib/printf/printf.c         0x00000000   Number         0  printfb.o ABSOLUTE
    ../clib/microlib/printf/printf.c         0x00000000   Number         0  printf4.o ABSOLUTE
    ../clib/microlib/printf/printf.c         0x00000000   Number         0  printf0.o ABSOLUTE
    ../clib/microlib/printf/printf.c         0x00000000   Number         0  printf1.o ABSOLUTE
    ../clib/microlib/printf/printf.c         0x00000000   Number         0  printf7.o ABSOLUTE
    ../clib/microlib/printf/printf.c         0x00000000   Number         0  printfa.o ABSOLUTE
    ../clib/microlib/printf/stubs.s          0x00000000   Number         0  stubs.o ABSOLUTE
    ../clib/microlib/stdio/streams.c         0x00000000   Number         0  stdout.o ABSOLUTE
    ../clib/microlib/string/memset.c         0x00000000   Number         0  memseta.o ABSOLUTE
    ../clib/microlib/string/strlen.c         0x00000000   Number         0  strlen.o ABSOLUTE
    ../clib/microlib/string/strstr.c         0x00000000   Number         0  strstr.o ABSOLUTE
    ../clib/microlib/stubs.s                 0x00000000   Number         0  iusefp.o ABSOLUTE
    ../clib/microlib/unhosted.c              0x00000000   Number         0  uread4.o ABSOLUTE
    ../clib/scanf.c                          0x00000000   Number         0  _chval.o ABSOLUTE
    ../clib/scanf.c                          0x00000000   Number         0  atoi.o ABSOLUTE
    ../clib/scanf.c                          0x00000000   Number         0  strtol.o ABSOLUTE
    ../clib/scanf.c                          0x00000000   Number         0  _strtoul.o ABSOLUTE
    ../fplib/microlib/fpadd.c                0x00000000   Number         0  dadd.o ABSOLUTE
    ../fplib/microlib/fpdiv.c                0x00000000   Number         0  ddiv.o ABSOLUTE
    ../fplib/microlib/fpepilogue.c           0x00000000   Number         0  depilogue.o ABSOLUTE
    ../fplib/microlib/fpfix.c                0x00000000   Number         0  dfixul.o ABSOLUTE
    ../fplib/microlib/fpmul.c                0x00000000   Number         0  dmul.o ABSOLUTE
    ..\Drivers\STM32F0xx_HAL_Driver\Src\stm32f0xx_hal.c 0x00000000   Number         0  stm32f0xx_hal.o ABSOLUTE
    ..\Drivers\STM32F0xx_HAL_Driver\Src\stm32f0xx_hal_cortex.c 0x00000000   Number         0  stm32f0xx_hal_cortex.o ABSOLUTE
    ..\Drivers\STM32F0xx_HAL_Driver\Src\stm32f0xx_hal_dma.c 0x00000000   Number         0  stm32f0xx_hal_dma.o ABSOLUTE
    ..\Drivers\STM32F0xx_HAL_Driver\Src\stm32f0xx_hal_flash.c 0x00000000   Number         0  stm32f0xx_hal_flash.o ABSOLUTE
    ..\Drivers\STM32F0xx_HAL_Driver\Src\stm32f0xx_hal_flash_ex.c 0x00000000   Number         0  stm32f0xx_hal_flash_ex.o ABSOLUTE
    ..\Drivers\STM32F0xx_HAL_Driver\Src\stm32f0xx_hal_gpio.c 0x00000000   Number         0  stm32f0xx_hal_gpio.o ABSOLUTE
    ..\Drivers\STM32F0xx_HAL_Driver\Src\stm32f0xx_hal_i2c.c 0x00000000   Number         0  stm32f0xx_hal_i2c.o ABSOLUTE
    ..\Drivers\STM32F0xx_HAL_Driver\Src\stm32f0xx_hal_i2c_ex.c 0x00000000   Number         0  stm32f0xx_hal_i2c_ex.o ABSOLUTE
    ..\Drivers\STM32F0xx_HAL_Driver\Src\stm32f0xx_hal_pwr.c 0x00000000   Number         0  stm32f0xx_hal_pwr.o ABSOLUTE
    ..\Drivers\STM32F0xx_HAL_Driver\Src\stm32f0xx_hal_pwr_ex.c 0x00000000   Number         0  stm32f0xx_hal_pwr_ex.o ABSOLUTE
    ..\Drivers\STM32F0xx_HAL_Driver\Src\stm32f0xx_hal_rcc.c 0x00000000   Number         0  stm32f0xx_hal_rcc.o ABSOLUTE
    ..\Drivers\STM32F0xx_HAL_Driver\Src\stm32f0xx_hal_rcc_ex.c 0x00000000   Number         0  stm32f0xx_hal_rcc_ex.o ABSOLUTE
    ..\Drivers\STM32F0xx_HAL_Driver\Src\stm32f0xx_hal_rtc.c 0x00000000   Number         0  stm32f0xx_hal_rtc.o ABSOLUTE
    ..\Drivers\STM32F0xx_HAL_Driver\Src\stm32f0xx_hal_rtc_ex.c 0x00000000   Number         0  stm32f0xx_hal_rtc_ex.o ABSOLUTE
    ..\Drivers\STM32F0xx_HAL_Driver\Src\stm32f0xx_hal_spi.c 0x00000000   Number         0  stm32f0xx_hal_spi.o ABSOLUTE
    ..\Drivers\STM32F0xx_HAL_Driver\Src\stm32f0xx_hal_spi_ex.c 0x00000000   Number         0  stm32f0xx_hal_spi_ex.o ABSOLUTE
    ..\Drivers\STM32F0xx_HAL_Driver\Src\stm32f0xx_hal_tim.c 0x00000000   Number         0  stm32f0xx_hal_tim.o ABSOLUTE
    ..\Drivers\STM32F0xx_HAL_Driver\Src\stm32f0xx_hal_tim_ex.c 0x00000000   Number         0  stm32f0xx_hal_tim_ex.o ABSOLUTE
    ..\Drivers\STM32F0xx_HAL_Driver\Src\stm32f0xx_hal_uart.c 0x00000000   Number         0  stm32f0xx_hal_uart.o ABSOLUTE
    ..\Drivers\STM32F0xx_HAL_Driver\Src\stm32f0xx_hal_uart_ex.c 0x00000000   Number         0  stm32f0xx_hal_uart_ex.o ABSOLUTE
    ..\Middlewares\Third_Party\FatFs\src\diskio.c 0x00000000   Number         0  diskio.o ABSOLUTE
    ..\Middlewares\Third_Party\FatFs\src\ff.c 0x00000000   Number         0  ff.o ABSOLUTE
    ..\Middlewares\Third_Party\FatFs\src\ff_gen_drv.c 0x00000000   Number         0  ff_gen_drv.o ABSOLUTE
    ..\Middlewares\Third_Party\FatFs\src\option\syscall.c 0x00000000   Number         0  syscall.o ABSOLUTE
    ..\Src\delay_us.c                        0x00000000   Number         0  delay_us.o ABSOLUTE
    ..\Src\eeprom.c                          0x00000000   Number         0  eeprom.o ABSOLUTE
    ..\Src\fatfs.c                           0x00000000   Number         0  fatfs.o ABSOLUTE
    ..\Src\helpers.c                         0x00000000   Number         0  helpers.o ABSOLUTE
    ..\Src\main.c                            0x00000000   Number         0  main.o ABSOLUTE
    ..\Src\ps2kb.c                           0x00000000   Number         0  ps2kb.o ABSOLUTE
    ..\Src\sd_util.c                         0x00000000   Number         0  sd_util.o ABSOLUTE
    ..\Src\stm32f0xx_hal_msp.c               0x00000000   Number         0  stm32f0xx_hal_msp.o ABSOLUTE
    ..\Src\stm32f0xx_it.c                    0x00000000   Number         0  stm32f0xx_it.o ABSOLUTE
    ..\Src\system_stm32f0xx.c                0x00000000   Number         0  system_stm32f0xx.o ABSOLUTE
    ..\Src\user_diskio.c                     0x00000000   Number         0  user_diskio.o ABSOLUTE
    ..\\Src\\delay_us.c                      0x00000000   Number         0  delay_us.o ABSOLUTE
    ..\\Src\\eeprom.c                        0x00000000   Number         0  eeprom.o ABSOLUTE
    ..\\Src\\helpers.c                       0x00000000   Number         0  helpers.o ABSOLUTE
    ..\\Src\\ps2kb.c                         0x00000000   Number         0  ps2kb.o ABSOLUTE
    ..\\Src\\sd_util.c                       0x00000000   Number         0  sd_util.o ABSOLUTE
    cdrcmple.s                               0x00000000   Number         0  cdrcmple.o ABSOLUTE
    dc.s                                     0x00000000   Number         0  dc.o ABSOLUTE
    handlers.s                               0x00000000   Number         0  handlers.o ABSOLUTE
    init.s                                   0x00000000   Number         0  init.o ABSOLUTE
    startup_stm32f051x8.s                    0x00000000   Number         0  startup_stm32f051x8.o ABSOLUTE
    RESET                                    0x08000000   Section      188  startup_stm32f051x8.o(RESET)
    .ARM.Collect$$$$00000000                 0x080000bc   Section        0  entry.o(.ARM.Collect$$$$00000000)
    .ARM.Collect$$$$00000001                 0x080000bc   Section        4  entry2.o(.ARM.Collect$$$$00000001)
    .ARM.Collect$$$$00000004                 0x080000c0   Section        4  entry5.o(.ARM.Collect$$$$00000004)
    .ARM.Collect$$$$00000008                 0x080000c4   Section        0  entry7b.o(.ARM.Collect$$$$00000008)
    .ARM.Collect$$$$0000000A                 0x080000c4   Section        0  entry8b.o(.ARM.Collect$$$$0000000A)
    .ARM.Collect$$$$0000000B                 0x080000c4   Section        8  entry9a.o(.ARM.Collect$$$$0000000B)
    .ARM.Collect$$$$0000000D                 0x080000cc   Section        0  entry10a.o(.ARM.Collect$$$$0000000D)
    .ARM.Collect$$$$0000000F                 0x080000cc   Section        0  entry11a.o(.ARM.Collect$$$$0000000F)
    .ARM.Collect$$$$00002712                 0x080000cc   Section        4  entry2.o(.ARM.Collect$$$$00002712)
    __lit__00000000                          0x080000cc   Data           4  entry2.o(.ARM.Collect$$$$00002712)
    .text                                    0x080000d0   Section       28  startup_stm32f051x8.o(.text)
    .text                                    0x080000ec   Section        0  uidiv.o(.text)
    .text                                    0x08000118   Section        0  idiv.o(.text)
    .text                                    0x08000140   Section        0  llushr.o(.text)
    .text                                    0x08000162   Section        0  memseta.o(.text)
    .text                                    0x08000186   Section        0  strstr.o(.text)
    .text                                    0x080001ae   Section        0  strlen.o(.text)
    .text                                    0x080001bc   Section        0  uread4.o(.text)
    .text                                    0x080001d0   Section        0  atoi.o(.text)
    .text                                    0x080001ea   Section        0  uldiv.o(.text)
    .text                                    0x0800024c   Section        0  strtol.o(.text)
    .text                                    0x080002bc   Section       36  init.o(.text)
    .text                                    0x080002e0   Section        0  llshl.o(.text)
    .text                                    0x08000300   Section        0  ctype_o.o(.text)
    .text                                    0x08000308   Section        0  _strtoul.o(.text)
    .text                                    0x080003ae   Section        0  _chval.o(.text)
    .text                                    0x080003cc   Section        0  __dczerorl2.o(.text)
    i.EXTI4_15_IRQHandler                    0x08000422   Section        0  stm32f0xx_it.o(i.EXTI4_15_IRQHandler)
    i.FATFS_LinkDriver                       0x08000446   Section        0  ff_gen_drv.o(i.FATFS_LinkDriver)
    i.FATFS_LinkDriverEx                     0x08000450   Section        0  ff_gen_drv.o(i.FATFS_LinkDriverEx)
    i.HAL_DMA_Abort_IT                       0x08000490   Section        0  stm32f0xx_hal_dma.o(i.HAL_DMA_Abort_IT)
    i.HAL_Delay                              0x080004d8   Section        0  stm32f0xx_hal.o(i.HAL_Delay)
    i.HAL_GPIO_DeInit                        0x080004f0   Section        0  stm32f0xx_hal_gpio.o(i.HAL_GPIO_DeInit)
    i.HAL_GPIO_EXTI_Callback                 0x080005c4   Section        0  main.o(i.HAL_GPIO_EXTI_Callback)
    i.HAL_GPIO_EXTI_IRQHandler               0x0800063c   Section        0  stm32f0xx_hal_gpio.o(i.HAL_GPIO_EXTI_IRQHandler)
    i.HAL_GPIO_Init                          0x08000654   Section        0  stm32f0xx_hal_gpio.o(i.HAL_GPIO_Init)
    i.HAL_GPIO_ReadPin                       0x0800079c   Section        0  stm32f0xx_hal_gpio.o(i.HAL_GPIO_ReadPin)
    i.HAL_GPIO_TogglePin                     0x080007a6   Section        0  stm32f0xx_hal_gpio.o(i.HAL_GPIO_TogglePin)
    i.HAL_GPIO_WritePin                      0x080007ae   Section        0  stm32f0xx_hal_gpio.o(i.HAL_GPIO_WritePin)
    i.HAL_GetTick                            0x080007bc   Section        0  stm32f0xx_hal.o(i.HAL_GetTick)
    i.HAL_I2CEx_ConfigAnalogFilter           0x080007c8   Section        0  stm32f0xx_hal_i2c_ex.o(i.HAL_I2CEx_ConfigAnalogFilter)
    i.HAL_I2C_Init                           0x08000814   Section        0  stm32f0xx_hal_i2c.o(i.HAL_I2C_Init)
    i.HAL_I2C_MspInit                        0x080008c8   Section        0  stm32f0xx_hal_msp.o(i.HAL_I2C_MspInit)
    i.HAL_IncTick                            0x08000910   Section        0  stm32f0xx_hal.o(i.HAL_IncTick)
    i.HAL_Init                               0x08000920   Section        0  stm32f0xx_hal.o(i.HAL_Init)
    i.HAL_InitTick                           0x08000940   Section        0  stm32f0xx_hal.o(i.HAL_InitTick)
    i.HAL_MspInit                            0x08000964   Section        0  stm32f0xx_hal_msp.o(i.HAL_MspInit)
    i.HAL_NVIC_EnableIRQ                     0x0800099c   Section        0  stm32f0xx_hal_cortex.o(i.HAL_NVIC_EnableIRQ)
    i.HAL_NVIC_SetPriority                   0x080009b0   Section        0  stm32f0xx_hal_cortex.o(i.HAL_NVIC_SetPriority)
    i.HAL_RCCEx_PeriphCLKConfig              0x080009b8   Section        0  stm32f0xx_hal_rcc_ex.o(i.HAL_RCCEx_PeriphCLKConfig)
    i.HAL_RCC_ClockConfig                    0x08000ab0   Section        0  stm32f0xx_hal_rcc.o(i.HAL_RCC_ClockConfig)
    i.HAL_RCC_GetHCLKFreq                    0x08000bdc   Section        0  stm32f0xx_hal_rcc.o(i.HAL_RCC_GetHCLKFreq)
    i.HAL_RCC_GetPCLK1Freq                   0x08000be8   Section        0  stm32f0xx_hal_rcc.o(i.HAL_RCC_GetPCLK1Freq)
    i.HAL_RCC_GetSysClockFreq                0x08000c08   Section        0  stm32f0xx_hal_rcc.o(i.HAL_RCC_GetSysClockFreq)
    i.HAL_RCC_OscConfig                      0x08000c80   Section        0  stm32f0xx_hal_rcc.o(i.HAL_RCC_OscConfig)
    i.HAL_RTC_Init                           0x08000fd4   Section        0  stm32f0xx_hal_rtc.o(i.HAL_RTC_Init)
    i.HAL_RTC_MspInit                        0x08001074   Section        0  stm32f0xx_hal_msp.o(i.HAL_RTC_MspInit)
    i.HAL_RTC_SetDate                        0x08001094   Section        0  stm32f0xx_hal_rtc.o(i.HAL_RTC_SetDate)
    i.HAL_RTC_SetTime                        0x0800115c   Section        0  stm32f0xx_hal_rtc.o(i.HAL_RTC_SetTime)
    i.HAL_RTC_WaitForSynchro                 0x08001240   Section        0  stm32f0xx_hal_rtc.o(i.HAL_RTC_WaitForSynchro)
    i.HAL_SPI_DeInit                         0x08001274   Section        0  stm32f0xx_hal_spi.o(i.HAL_SPI_DeInit)
    i.HAL_SPI_Init                           0x080012a4   Section        0  stm32f0xx_hal_spi.o(i.HAL_SPI_Init)
    i.HAL_SPI_MspDeInit                      0x0800135c   Section        0  stm32f0xx_hal_msp.o(i.HAL_SPI_MspDeInit)
    i.HAL_SPI_MspInit                        0x08001384   Section        0  stm32f0xx_hal_msp.o(i.HAL_SPI_MspInit)
    i.HAL_SPI_Transmit                       0x080013c8   Section        0  stm32f0xx_hal_spi.o(i.HAL_SPI_Transmit)
    i.HAL_SPI_TransmitReceive                0x08001538   Section        0  stm32f0xx_hal_spi.o(i.HAL_SPI_TransmitReceive)
    i.HAL_SYSTICK_CLKSourceConfig            0x08001780   Section        0  stm32f0xx_hal_cortex.o(i.HAL_SYSTICK_CLKSourceConfig)
    i.HAL_SYSTICK_Callback                   0x08001798   Section        0  stm32f0xx_hal_cortex.o(i.HAL_SYSTICK_Callback)
    i.HAL_SYSTICK_Config                     0x0800179c   Section        0  stm32f0xx_hal_cortex.o(i.HAL_SYSTICK_Config)
    i.HAL_SYSTICK_IRQHandler                 0x080017cc   Section        0  stm32f0xx_hal_cortex.o(i.HAL_SYSTICK_IRQHandler)
    i.HAL_TIMEx_MasterConfigSynchronization  0x080017d4   Section        0  stm32f0xx_hal_tim_ex.o(i.HAL_TIMEx_MasterConfigSynchronization)
    i.HAL_TIM_Base_Init                      0x0800181c   Section        0  stm32f0xx_hal_tim.o(i.HAL_TIM_Base_Init)
    i.HAL_TIM_Base_MspInit                   0x08001850   Section        0  stm32f0xx_hal_msp.o(i.HAL_TIM_Base_MspInit)
    i.HAL_TIM_Base_Start                     0x08001874   Section        0  stm32f0xx_hal_tim.o(i.HAL_TIM_Base_Start)
    i.HAL_TIM_ConfigClockSource              0x0800188c   Section        0  stm32f0xx_hal_tim.o(i.HAL_TIM_ConfigClockSource)
    i.HAL_UARTEx_WakeupCallback              0x0800197a   Section        0  stm32f0xx_hal_uart_ex.o(i.HAL_UARTEx_WakeupCallback)
    i.HAL_UART_ErrorCallback                 0x0800197c   Section        0  main.o(i.HAL_UART_ErrorCallback)
    i.HAL_UART_IRQHandler                    0x080019d0   Section        0  stm32f0xx_hal_uart.o(i.HAL_UART_IRQHandler)
    i.HAL_UART_Init                          0x08001b04   Section        0  stm32f0xx_hal_uart.o(i.HAL_UART_Init)
    i.HAL_UART_MspInit                       0x08001b70   Section        0  stm32f0xx_hal_msp.o(i.HAL_UART_MspInit)
    i.HAL_UART_Receive_IT                    0x08001c00   Section        0  stm32f0xx_hal_uart.o(i.HAL_UART_Receive_IT)
    i.HAL_UART_RxCpltCallback                0x08001c88   Section        0  main.o(i.HAL_UART_RxCpltCallback)
    i.HAL_UART_Transmit                      0x08001cf4   Section        0  stm32f0xx_hal_uart.o(i.HAL_UART_Transmit)
    i.HAL_UART_TxCpltCallback                0x08001dbc   Section        0  stm32f0xx_hal_uart.o(i.HAL_UART_TxCpltCallback)
    i.HardFault_Handler                      0x08001dbe   Section        0  stm32f0xx_it.o(i.HardFault_Handler)
    i.MX_FATFS_Init                          0x08001dc0   Section        0  fatfs.o(i.MX_FATFS_Init)
    i.MX_GPIO_Init                           0x08001ddc   Section        0  main.o(i.MX_GPIO_Init)
    MX_GPIO_Init                             0x08001ddd   Thumb Code   274  main.o(i.MX_GPIO_Init)
    i.MX_I2C2_Init                           0x08001f08   Section        0  main.o(i.MX_I2C2_Init)
    MX_I2C2_Init                             0x08001f09   Thumb Code    56  main.o(i.MX_I2C2_Init)
    i.MX_RTC_Init                            0x08001f4c   Section        0  main.o(i.MX_RTC_Init)
    MX_RTC_Init                              0x08001f4d   Thumb Code   108  main.o(i.MX_RTC_Init)
    i.MX_SPI1_Init                           0x08001fc0   Section        0  main.o(i.MX_SPI1_Init)
    MX_SPI1_Init                             0x08001fc1   Thumb Code    66  main.o(i.MX_SPI1_Init)
    i.MX_TIM2_Init                           0x0800200c   Section        0  main.o(i.MX_TIM2_Init)
    MX_TIM2_Init                             0x0800200d   Thumb Code    80  main.o(i.MX_TIM2_Init)
    i.MX_USART1_UART_Init                    0x08002060   Section        0  main.o(i.MX_USART1_UART_Init)
    MX_USART1_UART_Init                      0x08002061   Thumb Code    46  main.o(i.MX_USART1_UART_Init)
    i.MX_USART2_UART_Init                    0x08002098   Section        0  main.o(i.MX_USART2_UART_Init)
    MX_USART2_UART_Init                      0x08002099   Thumb Code    46  main.o(i.MX_USART2_UART_Init)
    i.NMI_Handler                            0x080020d0   Section        0  stm32f0xx_it.o(i.NMI_Handler)
    i.NVIC_SetPriority                       0x080020d4   Section        0  stm32f0xx_hal_cortex.o(i.NVIC_SetPriority)
    NVIC_SetPriority                         0x080020d5   Thumb Code    60  stm32f0xx_hal_cortex.o(i.NVIC_SetPriority)
    i.PendSV_Handler                         0x08002118   Section        0  stm32f0xx_it.o(i.PendSV_Handler)
    i.RTC_Bcd2ToByte                         0x0800211a   Section        0  stm32f0xx_hal_rtc.o(i.RTC_Bcd2ToByte)
    i.RTC_ByteToBcd2                         0x0800212a   Section        0  stm32f0xx_hal_rtc.o(i.RTC_ByteToBcd2)
    i.RTC_EnterInitMode                      0x08002140   Section        0  stm32f0xx_hal_rtc.o(i.RTC_EnterInitMode)
    i.SPI_EndRxTxTransaction                 0x08002178   Section        0  stm32f0xx_hal_spi.o(i.SPI_EndRxTxTransaction)
    SPI_EndRxTxTransaction                   0x08002179   Thumb Code    56  stm32f0xx_hal_spi.o(i.SPI_EndRxTxTransaction)
    i.SPI_WaitFifoStateUntilTimeout          0x080021b0   Section        0  stm32f0xx_hal_spi.o(i.SPI_WaitFifoStateUntilTimeout)
    SPI_WaitFifoStateUntilTimeout            0x080021b1   Thumb Code   152  stm32f0xx_hal_spi.o(i.SPI_WaitFifoStateUntilTimeout)
    i.SPI_WaitFlagStateUntilTimeout          0x0800224c   Section        0  stm32f0xx_hal_spi.o(i.SPI_WaitFlagStateUntilTimeout)
    SPI_WaitFlagStateUntilTimeout            0x0800224d   Thumb Code   142  stm32f0xx_hal_spi.o(i.SPI_WaitFlagStateUntilTimeout)
    i.SVC_Handler                            0x080022e0   Section        0  stm32f0xx_it.o(i.SVC_Handler)
    i.SysTick_Handler                        0x080022e2   Section        0  stm32f0xx_it.o(i.SysTick_Handler)
    i.SystemClock_Config                     0x080022f0   Section        0  main.o(i.SystemClock_Config)
    i.SystemInit                             0x08002374   Section        0  system_stm32f0xx.o(i.SystemInit)
    i.TIM_Base_SetConfig                     0x080023d0   Section        0  stm32f0xx_hal_tim.o(i.TIM_Base_SetConfig)
    i.TIM_ETR_SetConfig                      0x08002464   Section        0  stm32f0xx_hal_tim.o(i.TIM_ETR_SetConfig)
    i.TIM_ITRx_SetConfig                     0x0800247a   Section        0  stm32f0xx_hal_tim.o(i.TIM_ITRx_SetConfig)
    TIM_ITRx_SetConfig                       0x0800247b   Thumb Code    16  stm32f0xx_hal_tim.o(i.TIM_ITRx_SetConfig)
    i.TIM_TI1_ConfigInputStage               0x0800248a   Section        0  stm32f0xx_hal_tim.o(i.TIM_TI1_ConfigInputStage)
    TIM_TI1_ConfigInputStage                 0x0800248b   Thumb Code    34  stm32f0xx_hal_tim.o(i.TIM_TI1_ConfigInputStage)
    i.TIM_TI2_ConfigInputStage               0x080024ac   Section        0  stm32f0xx_hal_tim.o(i.TIM_TI2_ConfigInputStage)
    TIM_TI2_ConfigInputStage                 0x080024ad   Thumb Code    38  stm32f0xx_hal_tim.o(i.TIM_TI2_ConfigInputStage)
    i.UART_AdvFeatureConfig                  0x080024d2   Section        0  stm32f0xx_hal_uart.o(i.UART_AdvFeatureConfig)
    i.UART_CheckIdleState                    0x0800259c   Section        0  stm32f0xx_hal_uart.o(i.UART_CheckIdleState)
    i.UART_DMAAbortOnError                   0x08002604   Section        0  stm32f0xx_hal_uart.o(i.UART_DMAAbortOnError)
    UART_DMAAbortOnError                     0x08002605   Thumb Code    20  stm32f0xx_hal_uart.o(i.UART_DMAAbortOnError)
    i.UART_EndRxTransfer                     0x08002618   Section        0  stm32f0xx_hal_uart.o(i.UART_EndRxTransfer)
    UART_EndRxTransfer                       0x08002619   Thumb Code    30  stm32f0xx_hal_uart.o(i.UART_EndRxTransfer)
    i.UART_EndTransmit_IT                    0x08002636   Section        0  stm32f0xx_hal_uart.o(i.UART_EndTransmit_IT)
    i.UART_Receive_IT                        0x08002650   Section        0  stm32f0xx_hal_uart.o(i.UART_Receive_IT)
    i.UART_SetConfig                         0x080026cc   Section        0  stm32f0xx_hal_uart.o(i.UART_SetConfig)
    i.UART_Transmit_IT                       0x080027fc   Section        0  stm32f0xx_hal_uart.o(i.UART_Transmit_IT)
    i.UART_WaitOnFlagUntilTimeout            0x08002862   Section        0  stm32f0xx_hal_uart.o(i.UART_WaitOnFlagUntilTimeout)
    i.USART1_IRQHandler                      0x080028c4   Section        0  stm32f0xx_it.o(i.USART1_IRQHandler)
    i.USART2_IRQHandler                      0x080028d4   Section        0  stm32f0xx_it.o(i.USART2_IRQHandler)
    i.USER_initialize                        0x080028e4   Section        0  user_diskio.o(i.USER_initialize)
    i.USER_ioctl                             0x08002904   Section        0  user_diskio.o(i.USER_ioctl)
    i.USER_read                              0x08002934   Section        0  user_diskio.o(i.USER_read)
    i.USER_status                            0x08002964   Section        0  user_diskio.o(i.USER_status)
    i.USER_write                             0x08002984   Section        0  user_diskio.o(i.USER_write)
    i.__0printf$8                            0x080029b4   Section        0  printf8.o(i.__0printf$8)
    i.__aeabi_errno_addr                     0x080029d4   Section        0  errno.o(i.__aeabi_errno_addr)
    i.__scatterload_copy                     0x080029dc   Section       14  handlers.o(i.__scatterload_copy)
    i.__scatterload_null                     0x080029ea   Section        2  handlers.o(i.__scatterload_null)
    i.__scatterload_zeroinit                 0x080029ec   Section       14  handlers.o(i.__scatterload_zeroinit)
    i._printf_core                           0x080029fc   Section        0  printf8.o(i._printf_core)
    _printf_core                             0x080029fd   Thumb Code  1020  printf8.o(i._printf_core)
    i._printf_post_padding                   0x08002e24   Section        0  printf8.o(i._printf_post_padding)
    _printf_post_padding                     0x08002e25   Thumb Code    32  printf8.o(i._printf_post_padding)
    i._printf_pre_padding                    0x08002e44   Section        0  printf8.o(i._printf_pre_padding)
    _printf_pre_padding                      0x08002e45   Thumb Code    44  printf8.o(i._printf_pre_padding)
    i.addr_input                             0x08002e70   Section        0  helpers.o(i.addr_input)
    i.addr_output                            0x08002e8c   Section        0  helpers.o(i.addr_output)
    i.check_fs                               0x08002eac   Section        0  ff.o(i.check_fs)
    check_fs                                 0x08002ead   Thumb Code   102  ff.o(i.check_fs)
    i.clear_lock                             0x08002f1c   Section        0  ff.o(i.clear_lock)
    clear_lock                               0x08002f1d   Thumb Code    28  ff.o(i.clear_lock)
    i.crc16                                  0x08002f3c   Section        0  sd_util.o(i.crc16)
    i.crc7_one                               0x08002f6a   Section        0  sd_util.o(i.crc7_one)
    crc7_one                                 0x08002f6b   Thumb Code    24  sd_util.o(i.crc7_one)
    i.data_input                             0x08002f84   Section        0  helpers.o(i.data_input)
    i.data_output                            0x08002f9c   Section        0  helpers.o(i.data_output)
    i.delay_us_init                          0x08002fbc   Section        0  delay_us.o(i.delay_us_init)
    i.disk_initialize                        0x08002fcc   Section        0  diskio.o(i.disk_initialize)
    i.disk_read                              0x08002ff8   Section        0  diskio.o(i.disk_read)
    i.disk_status                            0x08003014   Section        0  diskio.o(i.disk_status)
    i.disk_write                             0x0800302c   Section        0  diskio.o(i.disk_write)
    i.f_mount                                0x08003048   Section        0  ff.o(i.f_mount)
    i.find_volume                            0x080030a8   Section        0  ff.o(i.find_volume)
    find_volume                              0x080030a9   Thumb Code   646  ff.o(i.find_volume)
    i.fputc                                  0x08003348   Section        0  main.o(i.fputc)
    i.get_arg                                0x08003360   Section        0  helpers.o(i.get_arg)
    i.get_ldnumber                           0x080033bc   Section        0  ff.o(i.get_ldnumber)
    get_ldnumber                             0x080033bd   Thumb Code    60  ff.o(i.get_ldnumber)
    i.hwif_init                              0x080033f8   Section        0  sd_util.o(i.hwif_init)
    i.interrupt_activate                     0x08003448   Section        0  helpers.o(i.interrupt_activate)
    i.linear_buf_add                         0x080034b0   Section        0  helpers.o(i.linear_buf_add)
    i.linear_buf_line_available              0x080034da   Section        0  helpers.o(i.linear_buf_line_available)
    i.linear_buf_reset                       0x0800350a   Section        0  helpers.o(i.linear_buf_reset)
    i.main                                   0x08003528   Section        0  main.o(i.main)
    i.micros                                 0x0800369c   Section        0  delay_us.o(i.micros)
    i.move_window                            0x080036ac   Section        0  ff.o(i.move_window)
    move_window                              0x080036ad   Thumb Code    56  ff.o(i.move_window)
    i.preload16                              0x080036e4   Section        0  helpers.o(i.preload16)
    i.print_r1                               0x08003730   Section        0  sd_util.o(i.print_r1)
    print_r1                                 0x08003731   Thumb Code    44  sd_util.o(i.print_r1)
    i.ps2_get_char                           0x08003774   Section        0  ps2kb.o(i.ps2_get_char)
    i.ps2_get_scancode                       0x080037b8   Section        0  ps2kb.o(i.ps2_get_scancode)
    i.ps2_init                               0x080037d4   Section        0  ps2kb.o(i.ps2_init)
    i.ps2_readbit                            0x080037e8   Section        0  ps2kb.o(i.ps2_readbit)
    i.rtc_update                             0x0800390c   Section        0  helpers.o(i.rtc_update)
    i.sd_cmd                                 0x080039b0   Section        0  sd_util.o(i.sd_cmd)
    sd_cmd                                   0x080039b1   Thumb Code   104  sd_util.o(i.sd_cmd)
    i.sd_get_data                            0x08003a18   Section        0  sd_util.o(i.sd_get_data)
    sd_get_data                              0x08003a19   Thumb Code   104  sd_util.o(i.sd_get_data)
    i.sd_get_r1                              0x08003ab0   Section        0  sd_util.o(i.sd_get_r1)
    sd_get_r1                                0x08003ab1   Thumb Code    26  sd_util.o(i.sd_get_r1)
    i.sd_get_r7                              0x08003aca   Section        0  sd_util.o(i.sd_get_r7)
    sd_get_r7                                0x08003acb   Thumb Code    54  sd_util.o(i.sd_get_r7)
    i.sd_init                                0x08003b00   Section        0  sd_util.o(i.sd_init)
    sd_init                                  0x08003b01   Thumb Code   852  sd_util.o(i.sd_init)
    i.sd_nec                                 0x08003f84   Section        0  sd_util.o(i.sd_nec)
    sd_nec                                   0x08003f85   Thumb Code    18  sd_util.o(i.sd_nec)
    i.sd_put_data                            0x08003f98   Section        0  sd_util.o(i.sd_put_data)
    sd_put_data                              0x08003f99   Thumb Code   132  sd_util.o(i.sd_put_data)
    i.sd_read                                0x08004020   Section        0  sd_util.o(i.sd_read)
    i.sd_read_cid                            0x08004088   Section        0  sd_util.o(i.sd_read_cid)
    sd_read_cid                              0x08004089   Thumb Code   234  sd_util.o(i.sd_read_cid)
    i.sd_read_csd                            0x08004194   Section        0  sd_util.o(i.sd_read_csd)
    sd_read_csd                              0x08004195   Thumb Code   724  sd_util.o(i.sd_read_csd)
    i.sd_read_status                         0x080044a0   Section        0  sd_util.o(i.sd_read_status)
    sd_read_status                           0x080044a1   Thumb Code   138  sd_util.o(i.sd_read_status)
    i.sd_readsector                          0x08004544   Section        0  sd_util.o(i.sd_readsector)
    sd_readsector                            0x08004545   Thumb Code   154  sd_util.o(i.sd_readsector)
    i.sd_write                               0x0800460c   Section        0  sd_util.o(i.sd_write)
    i.sd_writesector                         0x08004674   Section        0  sd_util.o(i.sd_writesector)
    sd_writesector                           0x08004675   Thumb Code   168  sd_util.o(i.sd_writesector)
    i.spi_set_speed                          0x08004764   Section        0  sd_util.o(i.spi_set_speed)
    spi_set_speed                            0x08004765   Thumb Code    62  sd_util.o(i.spi_set_speed)
    i.spi_txrx                               0x080047a8   Section        0  sd_util.o(i.spi_txrx)
    spi_txrx                                 0x080047a9   Thumb Code    34  sd_util.o(i.spi_txrx)
    i.sync_window                            0x080047d0   Section        0  ff.o(i.sync_window)
    sync_window                              0x080047d1   Thumb Code    84  ff.o(i.sync_window)
    .constdata                               0x08004824   Section       16  system_stm32f0xx.o(.constdata)
    .constdata                               0x08004834   Section        8  system_stm32f0xx.o(.constdata)
    .constdata                               0x0800483c   Section       82  sd_util.o(.constdata)
    __func__                                 0x0800483c   Data           8  sd_util.o(.constdata)
    __func__                                 0x08004844   Data          12  sd_util.o(.constdata)
    __func__                                 0x08004850   Data          12  sd_util.o(.constdata)
    __func__                                 0x0800485c   Data          12  sd_util.o(.constdata)
    __func__                                 0x08004868   Data          14  sd_util.o(.constdata)
    __func__                                 0x08004876   Data          15  sd_util.o(.constdata)
    __func__                                 0x08004885   Data           9  sd_util.o(.constdata)
    .constdata                               0x0800488e   Section      129  ctype_o.o(.constdata)
    .constdata                               0x08004910   Section        4  ctype_o.o(.constdata)
    table                                    0x08004910   Data           4  ctype_o.o(.constdata)
    .conststring                             0x08004914   Section     1140  sd_util.o(.conststring)
    .data                                    0x20000000   Section        4  stm32f0xx_hal.o(.data)
    .data                                    0x20000004   Section        8  ff.o(.data)
    Fsid                                     0x20000004   Data           2  ff.o(.data)
    FatFs                                    0x20000008   Data           4  ff.o(.data)
    .data                                    0x2000000c   Section        4  system_stm32f0xx.o(.data)
    .data                                    0x20000010   Section       16  main.o(.data)
    .data                                    0x20000020   Section        5  fatfs.o(.data)
    .data                                    0x20000025   Section        1  user_diskio.o(.data)
    Stat                                     0x20000025   Data           1  user_diskio.o(.data)
    .data                                    0x20000028   Section       20  user_diskio.o(.data)
    .data                                    0x2000003c   Section       88  sd_util.o(.data)
    r1_strings                               0x2000003c   Data          28  sd_util.o(.data)
    r2_strings                               0x20000058   Data          60  sd_util.o(.data)
    .data                                    0x20000094   Section        8  helpers.o(.data)
    .data                                    0x2000009c   Section        4  delay_us.o(.data)
    .data                                    0x200000a0   Section      428  ps2kb.o(.data)
    .data                                    0x2000024c   Section        4  stdout.o(.data)
    .data                                    0x20000250   Section        4  errno.o(.data)
    _errno                                   0x20000250   Data           4  errno.o(.data)
    .bss                                     0x20000254   Section       24  ff.o(.bss)
    Files                                    0x20000254   Data          24  ff.o(.bss)
    .bss                                     0x2000026c   Section       12  ff_gen_drv.o(.bss)
    .bss                                     0x20000278   Section     3120  main.o(.bss)
    .bss                                     0x20000ea8   Section       16  user_diskio.o(.bss)
    .bss                                     0x20000eb8   Section       40  helpers.o(.bss)
    STACK                                    0x20000ee0   Section     1024  startup_stm32f051x8.o(STACK)

    Global Symbols

    Symbol Name                              Value     Ov Type        Size  Object(Section)

    BuildAttributes$$THM_ISAv3M$S$PE$A:L22$X:L11$S22$IEEE1$IW$USESV6$~STKCKD$USESV7$~SHL$OSPACE$ROPI$EBA8$MICROLIB$REQ8$PRES8$EABIv2 0x00000000   Number         0  anon$$obj.o ABSOLUTE
    __ARM_use_no_argv                        0x00000000   Number         0  main.o ABSOLUTE
    _printf_a                                0x00000000   Number         0  stubs.o ABSOLUTE
    _printf_c                                0x00000000   Number         0  stubs.o ABSOLUTE
    _printf_charcount                        0x00000000   Number         0  stubs.o ABSOLUTE
    _printf_d                                0x00000000   Number         0  stubs.o ABSOLUTE
    _printf_e                                0x00000000   Number         0  stubs.o ABSOLUTE
    _printf_f                                0x00000000   Number         0  stubs.o ABSOLUTE
    _printf_flags                            0x00000000   Number         0  stubs.o ABSOLUTE
    _printf_fp_dec                           0x00000000   Number         0  stubs.o ABSOLUTE
    _printf_fp_hex                           0x00000000   Number         0  stubs.o ABSOLUTE
    _printf_g                                0x00000000   Number         0  stubs.o ABSOLUTE
    _printf_i                                0x00000000   Number         0  stubs.o ABSOLUTE
    _printf_int_dec                          0x00000000   Number         0  stubs.o ABSOLUTE
    _printf_l                                0x00000000   Number         0  stubs.o ABSOLUTE
    _printf_lc                               0x00000000   Number         0  stubs.o ABSOLUTE
    _printf_ll                               0x00000000   Number         0  stubs.o ABSOLUTE
    _printf_lld                              0x00000000   Number         0  stubs.o ABSOLUTE
    _printf_lli                              0x00000000   Number         0  stubs.o ABSOLUTE
    _printf_llo                              0x00000000   Number         0  stubs.o ABSOLUTE
    _printf_llu                              0x00000000   Number         0  stubs.o ABSOLUTE
    _printf_llx                              0x00000000   Number         0  stubs.o ABSOLUTE
    _printf_longlong_dec                     0x00000000   Number         0  stubs.o ABSOLUTE
    _printf_longlong_hex                     0x00000000   Number         0  stubs.o ABSOLUTE
    _printf_longlong_oct                     0x00000000   Number         0  stubs.o ABSOLUTE
    _printf_ls                               0x00000000   Number         0  stubs.o ABSOLUTE
    _printf_mbtowc                           0x00000000   Number         0  stubs.o ABSOLUTE
    _printf_n                                0x00000000   Number         0  stubs.o ABSOLUTE
    _printf_o                                0x00000000   Number         0  stubs.o ABSOLUTE
    _printf_p                                0x00000000   Number         0  stubs.o ABSOLUTE
    _printf_percent                          0x00000000   Number         0  stubs.o ABSOLUTE
    _printf_pre_padding                      0x00000000   Number         0  stubs.o ABSOLUTE
    _printf_return_value                     0x00000000   Number         0  stubs.o ABSOLUTE
    _printf_s                                0x00000000   Number         0  stubs.o ABSOLUTE
    _printf_sizespec                         0x00000000   Number         0  stubs.o ABSOLUTE
    _printf_str                              0x00000000   Number         0  stubs.o ABSOLUTE
    _printf_truncate_signed                  0x00000000   Number         0  stubs.o ABSOLUTE
    _printf_truncate_unsigned                0x00000000   Number         0  stubs.o ABSOLUTE
    _printf_u                                0x00000000   Number         0  stubs.o ABSOLUTE
    _printf_wc                               0x00000000   Number         0  stubs.o ABSOLUTE
    _printf_wctomb                           0x00000000   Number         0  stubs.o ABSOLUTE
    _printf_widthprec                        0x00000000   Number         0  stubs.o ABSOLUTE
    _printf_x                                0x00000000   Number         0  stubs.o ABSOLUTE
    __cpp_initialize__aeabi_                  - Undefined Weak Reference
    __cxa_finalize                            - Undefined Weak Reference
    _clock_init                               - Undefined Weak Reference
    _microlib_exit                            - Undefined Weak Reference
    __Vectors_Size                           0x000000bc   Number         0  startup_stm32f051x8.o ABSOLUTE
    __Vectors                                0x08000000   Data           4  startup_stm32f051x8.o(RESET)
    __Vectors_End                            0x080000bc   Data           0  startup_stm32f051x8.o(RESET)
    __main                                   0x080000bd   Thumb Code     0  entry.o(.ARM.Collect$$$$00000000)
    _main_stk                                0x080000bd   Thumb Code     0  entry2.o(.ARM.Collect$$$$00000001)
    _main_scatterload                        0x080000c1   Thumb Code     0  entry5.o(.ARM.Collect$$$$00000004)
    __main_after_scatterload                 0x080000c5   Thumb Code     0  entry5.o(.ARM.Collect$$$$00000004)
    _main_clock                              0x080000c5   Thumb Code     0  entry7b.o(.ARM.Collect$$$$00000008)
    _main_cpp_init                           0x080000c5   Thumb Code     0  entry8b.o(.ARM.Collect$$$$0000000A)
    _main_init                               0x080000c5   Thumb Code     0  entry9a.o(.ARM.Collect$$$$0000000B)
    __rt_final_cpp                           0x080000cd   Thumb Code     0  entry10a.o(.ARM.Collect$$$$0000000D)
    __rt_final_exit                          0x080000cd   Thumb Code     0  entry11a.o(.ARM.Collect$$$$0000000F)
    Reset_Handler                            0x080000d1   Thumb Code     8  startup_stm32f051x8.o(.text)
    ADC1_COMP_IRQHandler                     0x080000e3   Thumb Code     0  startup_stm32f051x8.o(.text)
    CEC_IRQHandler                           0x080000e3   Thumb Code     0  startup_stm32f051x8.o(.text)
    DMA1_Channel1_IRQHandler                 0x080000e3   Thumb Code     0  startup_stm32f051x8.o(.text)
    DMA1_Channel2_3_IRQHandler               0x080000e3   Thumb Code     0  startup_stm32f051x8.o(.text)
    DMA1_Channel4_5_IRQHandler               0x080000e3   Thumb Code     0  startup_stm32f051x8.o(.text)
    EXTI0_1_IRQHandler                       0x080000e3   Thumb Code     0  startup_stm32f051x8.o(.text)
    EXTI2_3_IRQHandler                       0x080000e3   Thumb Code     0  startup_stm32f051x8.o(.text)
    FLASH_IRQHandler                         0x080000e3   Thumb Code     0  startup_stm32f051x8.o(.text)
    I2C1_IRQHandler                          0x080000e3   Thumb Code     0  startup_stm32f051x8.o(.text)
    I2C2_IRQHandler                          0x080000e3   Thumb Code     0  startup_stm32f051x8.o(.text)
    PVD_IRQHandler                           0x080000e3   Thumb Code     0  startup_stm32f051x8.o(.text)
    RCC_IRQHandler                           0x080000e3   Thumb Code     0  startup_stm32f051x8.o(.text)
    RTC_IRQHandler                           0x080000e3   Thumb Code     0  startup_stm32f051x8.o(.text)
    SPI1_IRQHandler                          0x080000e3   Thumb Code     0  startup_stm32f051x8.o(.text)
    SPI2_IRQHandler                          0x080000e3   Thumb Code     0  startup_stm32f051x8.o(.text)
    TIM14_IRQHandler                         0x080000e3   Thumb Code     0  startup_stm32f051x8.o(.text)
    TIM15_IRQHandler                         0x080000e3   Thumb Code     0  startup_stm32f051x8.o(.text)
    TIM16_IRQHandler                         0x080000e3   Thumb Code     0  startup_stm32f051x8.o(.text)
    TIM17_IRQHandler                         0x080000e3   Thumb Code     0  startup_stm32f051x8.o(.text)
    TIM1_BRK_UP_TRG_COM_IRQHandler           0x080000e3   Thumb Code     0  startup_stm32f051x8.o(.text)
    TIM1_CC_IRQHandler                       0x080000e3   Thumb Code     0  startup_stm32f051x8.o(.text)
    TIM2_IRQHandler                          0x080000e3   Thumb Code     0  startup_stm32f051x8.o(.text)
    TIM3_IRQHandler                          0x080000e3   Thumb Code     0  startup_stm32f051x8.o(.text)
    TIM6_DAC_IRQHandler                      0x080000e3   Thumb Code     0  startup_stm32f051x8.o(.text)
    TSC_IRQHandler                           0x080000e3   Thumb Code     0  startup_stm32f051x8.o(.text)
    WWDG_IRQHandler                          0x080000e3   Thumb Code     0  startup_stm32f051x8.o(.text)
    __aeabi_uidiv                            0x080000ed   Thumb Code     0  uidiv.o(.text)
    __aeabi_uidivmod                         0x080000ed   Thumb Code    44  uidiv.o(.text)
    __aeabi_idiv                             0x08000119   Thumb Code     0  idiv.o(.text)
    __aeabi_idivmod                          0x08000119   Thumb Code    40  idiv.o(.text)
    __aeabi_llsr                             0x08000141   Thumb Code    34  llushr.o(.text)
    _ll_ushift_r                             0x08000141   Thumb Code     0  llushr.o(.text)
    __aeabi_memset                           0x08000163   Thumb Code    14  memseta.o(.text)
    __aeabi_memset4                          0x08000163   Thumb Code     0  memseta.o(.text)
    __aeabi_memset8                          0x08000163   Thumb Code     0  memseta.o(.text)
    __aeabi_memclr                           0x08000171   Thumb Code     4  memseta.o(.text)
    __aeabi_memclr4                          0x08000171   Thumb Code     0  memseta.o(.text)
    __aeabi_memclr8                          0x08000171   Thumb Code     0  memseta.o(.text)
    _memset$wrapper                          0x08000175   Thumb Code    18  memseta.o(.text)
    strstr                                   0x08000187   Thumb Code    40  strstr.o(.text)
    strlen                                   0x080001af   Thumb Code    14  strlen.o(.text)
    __aeabi_uread4                           0x080001bd   Thumb Code    20  uread4.o(.text)
    __rt_uread4                              0x080001bd   Thumb Code     0  uread4.o(.text)
    _uread4                                  0x080001bd   Thumb Code     0  uread4.o(.text)
    atoi                                     0x080001d1   Thumb Code    26  atoi.o(.text)
    __aeabi_uldivmod                         0x080001eb   Thumb Code    96  uldiv.o(.text)
    strtol                                   0x0800024d   Thumb Code   108  strtol.o(.text)
    __scatterload                            0x080002bd   Thumb Code    28  init.o(.text)
    __scatterload_rt2                        0x080002bd   Thumb Code     0  init.o(.text)
    __aeabi_llsl                             0x080002e1   Thumb Code    32  llshl.o(.text)
    _ll_shift_l                              0x080002e1   Thumb Code     0  llshl.o(.text)
    __rt_ctype_table                         0x08000301   Thumb Code     4  ctype_o.o(.text)
    _strtoul                                 0x08000309   Thumb Code   166  _strtoul.o(.text)
    _chval                                   0x080003af   Thumb Code    30  _chval.o(.text)
    __decompress                             0x080003cd   Thumb Code     0  __dczerorl2.o(.text)
    __decompress1                            0x080003cd   Thumb Code    86  __dczerorl2.o(.text)
    EXTI4_15_IRQHandler                      0x08000423   Thumb Code    36  stm32f0xx_it.o(i.EXTI4_15_IRQHandler)
    FATFS_LinkDriver                         0x08000447   Thumb Code    10  ff_gen_drv.o(i.FATFS_LinkDriver)
    FATFS_LinkDriverEx                       0x08000451   Thumb Code    60  ff_gen_drv.o(i.FATFS_LinkDriverEx)
    HAL_DMA_Abort_IT                         0x08000491   Thumb Code    72  stm32f0xx_hal_dma.o(i.HAL_DMA_Abort_IT)
    HAL_Delay                                0x080004d9   Thumb Code    22  stm32f0xx_hal.o(i.HAL_Delay)
    HAL_GPIO_DeInit                          0x080004f1   Thumb Code   192  stm32f0xx_hal_gpio.o(i.HAL_GPIO_DeInit)
    HAL_GPIO_EXTI_Callback                   0x080005c5   Thumb Code   106  main.o(i.HAL_GPIO_EXTI_Callback)
    HAL_GPIO_EXTI_IRQHandler                 0x0800063d   Thumb Code    18  stm32f0xx_hal_gpio.o(i.HAL_GPIO_EXTI_IRQHandler)
    HAL_GPIO_Init                            0x08000655   Thumb Code   302  stm32f0xx_hal_gpio.o(i.HAL_GPIO_Init)
    HAL_GPIO_ReadPin                         0x0800079d   Thumb Code    10  stm32f0xx_hal_gpio.o(i.HAL_GPIO_ReadPin)
    HAL_GPIO_TogglePin                       0x080007a7   Thumb Code     8  stm32f0xx_hal_gpio.o(i.HAL_GPIO_TogglePin)
    HAL_GPIO_WritePin                        0x080007af   Thumb Code    12  stm32f0xx_hal_gpio.o(i.HAL_GPIO_WritePin)
    HAL_GetTick                              0x080007bd   Thumb Code     6  stm32f0xx_hal.o(i.HAL_GetTick)
    HAL_I2CEx_ConfigAnalogFilter             0x080007c9   Thumb Code    74  stm32f0xx_hal_i2c_ex.o(i.HAL_I2CEx_ConfigAnalogFilter)
    HAL_I2C_Init                             0x08000815   Thumb Code   176  stm32f0xx_hal_i2c.o(i.HAL_I2C_Init)
    HAL_I2C_MspInit                          0x080008c9   Thumb Code    58  stm32f0xx_hal_msp.o(i.HAL_I2C_MspInit)
    HAL_IncTick                              0x08000911   Thumb Code    10  stm32f0xx_hal.o(i.HAL_IncTick)
    HAL_Init                                 0x08000921   Thumb Code    26  stm32f0xx_hal.o(i.HAL_Init)
    HAL_InitTick                             0x08000941   Thumb Code    34  stm32f0xx_hal.o(i.HAL_InitTick)
    HAL_MspInit                              0x08000965   Thumb Code    50  stm32f0xx_hal_msp.o(i.HAL_MspInit)
    HAL_NVIC_EnableIRQ                       0x0800099d   Thumb Code    14  stm32f0xx_hal_cortex.o(i.HAL_NVIC_EnableIRQ)
    HAL_NVIC_SetPriority                     0x080009b1   Thumb Code     8  stm32f0xx_hal_cortex.o(i.HAL_NVIC_SetPriority)
    HAL_RCCEx_PeriphCLKConfig                0x080009b9   Thumb Code   236  stm32f0xx_hal_rcc_ex.o(i.HAL_RCCEx_PeriphCLKConfig)
    HAL_RCC_ClockConfig                      0x08000ab1   Thumb Code   280  stm32f0xx_hal_rcc.o(i.HAL_RCC_ClockConfig)
    HAL_RCC_GetHCLKFreq                      0x08000bdd   Thumb Code     6  stm32f0xx_hal_rcc.o(i.HAL_RCC_GetHCLKFreq)
    HAL_RCC_GetPCLK1Freq                     0x08000be9   Thumb Code    20  stm32f0xx_hal_rcc.o(i.HAL_RCC_GetPCLK1Freq)
    HAL_RCC_GetSysClockFreq                  0x08000c09   Thumb Code    76  stm32f0xx_hal_rcc.o(i.HAL_RCC_GetSysClockFreq)
    HAL_RCC_OscConfig                        0x08000c81   Thumb Code   840  stm32f0xx_hal_rcc.o(i.HAL_RCC_OscConfig)
    HAL_RTC_Init                             0x08000fd5   Thumb Code   154  stm32f0xx_hal_rtc.o(i.HAL_RTC_Init)
    HAL_RTC_MspInit                          0x08001075   Thumb Code    22  stm32f0xx_hal_msp.o(i.HAL_RTC_MspInit)
    HAL_RTC_SetDate                          0x08001095   Thumb Code   194  stm32f0xx_hal_rtc.o(i.HAL_RTC_SetDate)
    HAL_RTC_SetTime                          0x0800115d   Thumb Code   222  stm32f0xx_hal_rtc.o(i.HAL_RTC_SetTime)
    HAL_RTC_WaitForSynchro                   0x08001241   Thumb Code    52  stm32f0xx_hal_rtc.o(i.HAL_RTC_WaitForSynchro)
    HAL_SPI_DeInit                           0x08001275   Thumb Code    48  stm32f0xx_hal_spi.o(i.HAL_SPI_DeInit)
    HAL_SPI_Init                             0x080012a5   Thumb Code   184  stm32f0xx_hal_spi.o(i.HAL_SPI_Init)
    HAL_SPI_MspDeInit                        0x0800135d   Thumb Code    32  stm32f0xx_hal_msp.o(i.HAL_SPI_MspDeInit)
    HAL_SPI_MspInit                          0x08001385   Thumb Code    60  stm32f0xx_hal_msp.o(i.HAL_SPI_MspInit)
    HAL_SPI_Transmit                         0x080013c9   Thumb Code   368  stm32f0xx_hal_spi.o(i.HAL_SPI_Transmit)
    HAL_SPI_TransmitReceive                  0x08001539   Thumb Code   582  stm32f0xx_hal_spi.o(i.HAL_SPI_TransmitReceive)
    HAL_SYSTICK_CLKSourceConfig              0x08001781   Thumb Code    20  stm32f0xx_hal_cortex.o(i.HAL_SYSTICK_CLKSourceConfig)
    HAL_SYSTICK_Callback                     0x08001799   Thumb Code     2  stm32f0xx_hal_cortex.o(i.HAL_SYSTICK_Callback)
    HAL_SYSTICK_Config                       0x0800179d   Thumb Code    38  stm32f0xx_hal_cortex.o(i.HAL_SYSTICK_Config)
    HAL_SYSTICK_IRQHandler                   0x080017cd   Thumb Code     8  stm32f0xx_hal_cortex.o(i.HAL_SYSTICK_IRQHandler)
    HAL_TIMEx_MasterConfigSynchronization    0x080017d5   Thumb Code    72  stm32f0xx_hal_tim_ex.o(i.HAL_TIMEx_MasterConfigSynchronization)
    HAL_TIM_Base_Init                        0x0800181d   Thumb Code    52  stm32f0xx_hal_tim.o(i.HAL_TIM_Base_Init)
    HAL_TIM_Base_MspInit                     0x08001851   Thumb Code    30  stm32f0xx_hal_msp.o(i.HAL_TIM_Base_MspInit)
    HAL_TIM_Base_Start                       0x08001875   Thumb Code    24  stm32f0xx_hal_tim.o(i.HAL_TIM_Base_Start)
    HAL_TIM_ConfigClockSource                0x0800188d   Thumb Code   238  stm32f0xx_hal_tim.o(i.HAL_TIM_ConfigClockSource)
    HAL_UARTEx_WakeupCallback                0x0800197b   Thumb Code     2  stm32f0xx_hal_uart_ex.o(i.HAL_UARTEx_WakeupCallback)
    HAL_UART_ErrorCallback                   0x0800197d   Thumb Code    58  main.o(i.HAL_UART_ErrorCallback)
    HAL_UART_IRQHandler                      0x080019d1   Thumb Code   304  stm32f0xx_hal_uart.o(i.HAL_UART_IRQHandler)
    HAL_UART_Init                            0x08001b05   Thumb Code   108  stm32f0xx_hal_uart.o(i.HAL_UART_Init)
    HAL_UART_MspInit                         0x08001b71   Thumb Code   130  stm32f0xx_hal_msp.o(i.HAL_UART_MspInit)
    HAL_UART_Receive_IT                      0x08001c01   Thumb Code   132  stm32f0xx_hal_uart.o(i.HAL_UART_Receive_IT)
    HAL_UART_RxCpltCallback                  0x08001c89   Thumb Code    78  main.o(i.HAL_UART_RxCpltCallback)
    HAL_UART_Transmit                        0x08001cf5   Thumb Code   200  stm32f0xx_hal_uart.o(i.HAL_UART_Transmit)
    HAL_UART_TxCpltCallback                  0x08001dbd   Thumb Code     2  stm32f0xx_hal_uart.o(i.HAL_UART_TxCpltCallback)
    HardFault_Handler                        0x08001dbf   Thumb Code     2  stm32f0xx_it.o(i.HardFault_Handler)
    MX_FATFS_Init                            0x08001dc1   Thumb Code    18  fatfs.o(i.MX_FATFS_Init)
    NMI_Handler                              0x080020d1   Thumb Code     2  stm32f0xx_it.o(i.NMI_Handler)
    PendSV_Handler                           0x08002119   Thumb Code     2  stm32f0xx_it.o(i.PendSV_Handler)
    RTC_Bcd2ToByte                           0x0800211b   Thumb Code    16  stm32f0xx_hal_rtc.o(i.RTC_Bcd2ToByte)
    RTC_ByteToBcd2                           0x0800212b   Thumb Code    22  stm32f0xx_hal_rtc.o(i.RTC_ByteToBcd2)
    RTC_EnterInitMode                        0x08002141   Thumb Code    56  stm32f0xx_hal_rtc.o(i.RTC_EnterInitMode)
    SVC_Handler                              0x080022e1   Thumb Code     2  stm32f0xx_it.o(i.SVC_Handler)
    SysTick_Handler                          0x080022e3   Thumb Code    12  stm32f0xx_it.o(i.SysTick_Handler)
    SystemClock_Config                       0x080022f1   Thumb Code   126  main.o(i.SystemClock_Config)
    SystemInit                               0x08002375   Thumb Code    78  system_stm32f0xx.o(i.SystemInit)
    TIM_Base_SetConfig                       0x080023d1   Thumb Code   124  stm32f0xx_hal_tim.o(i.TIM_Base_SetConfig)
    TIM_ETR_SetConfig                        0x08002465   Thumb Code    22  stm32f0xx_hal_tim.o(i.TIM_ETR_SetConfig)
    UART_AdvFeatureConfig                    0x080024d3   Thumb Code   202  stm32f0xx_hal_uart.o(i.UART_AdvFeatureConfig)
    UART_CheckIdleState                      0x0800259d   Thumb Code    96  stm32f0xx_hal_uart.o(i.UART_CheckIdleState)
    UART_EndTransmit_IT                      0x08002637   Thumb Code    26  stm32f0xx_hal_uart.o(i.UART_EndTransmit_IT)
    UART_Receive_IT                          0x08002651   Thumb Code   122  stm32f0xx_hal_uart.o(i.UART_Receive_IT)
    UART_SetConfig                           0x080026cd   Thumb Code   280  stm32f0xx_hal_uart.o(i.UART_SetConfig)
    UART_Transmit_IT                         0x080027fd   Thumb Code   102  stm32f0xx_hal_uart.o(i.UART_Transmit_IT)
    UART_WaitOnFlagUntilTimeout              0x08002863   Thumb Code    98  stm32f0xx_hal_uart.o(i.UART_WaitOnFlagUntilTimeout)
    USART1_IRQHandler                        0x080028c5   Thumb Code    10  stm32f0xx_it.o(i.USART1_IRQHandler)
    USART2_IRQHandler                        0x080028d5   Thumb Code    10  stm32f0xx_it.o(i.USART2_IRQHandler)
    USER_initialize                          0x080028e5   Thumb Code    22  user_diskio.o(i.USER_initialize)
    USER_ioctl                               0x08002905   Thumb Code    42  user_diskio.o(i.USER_ioctl)
    USER_read                                0x08002935   Thumb Code    42  user_diskio.o(i.USER_read)
    USER_status                              0x08002965   Thumb Code    22  user_diskio.o(i.USER_status)
    USER_write                               0x08002985   Thumb Code    42  user_diskio.o(i.USER_write)
    __0printf$8                              0x080029b5   Thumb Code    24  printf8.o(i.__0printf$8)
    __1printf$8                              0x080029b5   Thumb Code     0  printf8.o(i.__0printf$8)
    __2printf                                0x080029b5   Thumb Code     0  printf8.o(i.__0printf$8)
    __aeabi_errno_addr                       0x080029d5   Thumb Code     4  errno.o(i.__aeabi_errno_addr)
    __rt_errno_addr                          0x080029d5   Thumb Code     0  errno.o(i.__aeabi_errno_addr)
    __scatterload_copy                       0x080029dd   Thumb Code    14  handlers.o(i.__scatterload_copy)
    __scatterload_null                       0x080029eb   Thumb Code     2  handlers.o(i.__scatterload_null)
    __scatterload_zeroinit                   0x080029ed   Thumb Code    14  handlers.o(i.__scatterload_zeroinit)
    addr_input                               0x08002e71   Thumb Code    22  helpers.o(i.addr_input)
    addr_output                              0x08002e8d   Thumb Code    22  helpers.o(i.addr_output)
    crc16                                    0x08002f3d   Thumb Code    46  sd_util.o(i.crc16)
    data_input                               0x08002f85   Thumb Code    20  helpers.o(i.data_input)
    data_output                              0x08002f9d   Thumb Code    22  helpers.o(i.data_output)
    delay_us_init                            0x08002fbd   Thumb Code    12  delay_us.o(i.delay_us_init)
    disk_initialize                          0x08002fcd   Thumb Code    38  diskio.o(i.disk_initialize)
    disk_read                                0x08002ff9   Thumb Code    24  diskio.o(i.disk_read)
    disk_status                              0x08003015   Thumb Code    18  diskio.o(i.disk_status)
    disk_write                               0x0800302d   Thumb Code    24  diskio.o(i.disk_write)
    f_mount                                  0x08003049   Thumb Code    90  ff.o(i.f_mount)
    fputc                                    0x08003349   Thumb Code    18  main.o(i.fputc)
    get_arg                                  0x08003361   Thumb Code    88  helpers.o(i.get_arg)
    hwif_init                                0x080033f9   Thumb Code    78  sd_util.o(i.hwif_init)
    interrupt_activate                       0x08003449   Thumb Code    74  helpers.o(i.interrupt_activate)
    linear_buf_add                           0x080034b1   Thumb Code    42  helpers.o(i.linear_buf_add)
    linear_buf_line_available                0x080034db   Thumb Code    48  helpers.o(i.linear_buf_line_available)
    linear_buf_reset                         0x0800350b   Thumb Code    28  helpers.o(i.linear_buf_reset)
    main                                     0x08003529   Thumb Code   276  main.o(i.main)
    micros                                   0x0800369d   Thumb Code    10  delay_us.o(i.micros)
    preload16                                0x080036e5   Thumb Code    70  helpers.o(i.preload16)
    ps2_get_char                             0x08003775   Thumb Code    58  ps2kb.o(i.ps2_get_char)
    ps2_get_scancode                         0x080037b9   Thumb Code    22  ps2kb.o(i.ps2_get_scancode)
    ps2_init                                 0x080037d5   Thumb Code    16  ps2kb.o(i.ps2_init)
    ps2_readbit                              0x080037e9   Thumb Code   288  ps2kb.o(i.ps2_readbit)
    rtc_update                               0x0800390d   Thumb Code   110  helpers.o(i.rtc_update)
    sd_read                                  0x08004021   Thumb Code    66  sd_util.o(i.sd_read)
    sd_write                                 0x0800460d   Thumb Code    66  sd_util.o(i.sd_write)
    AHBPrescTable                            0x08004824   Data          16  system_stm32f0xx.o(.constdata)
    APBPrescTable                            0x08004834   Data           8  system_stm32f0xx.o(.constdata)
    __ctype_table                            0x0800488e   Data         129  ctype_o.o(.constdata)
    Region$$Table$$Base                      0x08004d88   Number         0  anon$$obj.o(Region$$Table)
    Region$$Table$$Limit                     0x08004da8   Number         0  anon$$obj.o(Region$$Table)
    uwTick                                   0x20000000   Data           4  stm32f0xx_hal.o(.data)
    SystemCoreClock                          0x2000000c   Data           4  system_stm32f0xx.o(.data)
    debug_byte_buf                           0x20000010   Data           1  main.o(.data)
    esp_byte_buf                             0x20000011   Data           1  main.o(.data)
    vport_data                               0x20000014   Data           4  main.o(.data)
    vport_addr                               0x20000018   Data           4  main.o(.data)
    vport_raw                                0x2000001c   Data           4  main.o(.data)
    retUSER                                  0x20000020   Data           1  fatfs.o(.data)
    USER_Path                                0x20000021   Data           4  fatfs.o(.data)
    USER_Driver                              0x20000028   Data          20  user_diskio.o(.data)
    date_to_update                           0x20000094   Data           4  helpers.o(.data)
    rtc_current_date                         0x20000098   Data           4  helpers.o(.data)
    us_timer                                 0x2000009c   Data           4  delay_us.o(.data)
    ps2_status                               0x200000a0   Data           1  ps2kb.o(.data)
    latest_keystroke                         0x200000a4   Data           4  ps2kb.o(.data)
    kb_data                                  0x200000a8   Data           4  ps2kb.o(.data)
    last_recv                                0x200000ac   Data           4  ps2kb.o(.data)
    is_break                                 0x200000b0   Data           4  ps2kb.o(.data)
    is_extra                                 0x200000b4   Data           4  ps2kb.o(.data)
    is_shift_held                            0x200000b8   Data           4  ps2kb.o(.data)
    is_cap_lock                              0x200000bc   Data           4  ps2kb.o(.data)
    ps2_keymap_lower                         0x200000c0   Data         132  ps2kb.o(.data)
    ps2_keymap_caps                          0x20000144   Data         132  ps2kb.o(.data)
    ps2_keymap_upper                         0x200001c8   Data         132  ps2kb.o(.data)
    __stdout                                 0x2000024c   Data           4  stdout.o(.data)
    disk                                     0x2000026c   Data          12  ff_gen_drv.o(.bss)
    hi2c2                                    0x20000278   Data          76  main.o(.bss)
    hrtc                                     0x200002c4   Data          32  main.o(.bss)
    hspi1                                    0x200002e4   Data         100  main.o(.bss)
    htim2                                    0x20000348   Data          64  main.o(.bss)
    huart1                                   0x20000388   Data         112  main.o(.bss)
    huart2                                   0x200003f8   Data         112  main.o(.bss)
    sd_fs                                    0x20000468   Data         560  main.o(.bss)
    debug_lb                                 0x20000698   Data        1032  main.o(.bss)
    esp_lb                                   0x20000aa0   Data        1032  main.o(.bss)
    hw                                       0x20000ea8   Data          16  user_diskio.o(.bss)
    time_to_update                           0x20000eb8   Data          20  helpers.o(.bss)
    rtc_current_time                         0x20000ecc   Data          20  helpers.o(.bss)
    __initial_sp                             0x200012e0   Data           0  startup_stm32f051x8.o(STACK)



==============================================================================

Memory Map of the image

  Image Entry point : 0x080000bd

  Load Region LR_IROM1 (Base: 0x08000000, Size: 0x00004ffc, Max: 0x00010000, ABSOLUTE, COMPRESSED[0x00004ea8])

    Execution Region ER_IROM1 (Base: 0x08000000, Size: 0x00004da8, Max: 0x00010000, ABSOLUTE)

    Base Addr    Size         Type   Attr      Idx    E Section Name        Object

    0x08000000   0x000000bc   Data   RO         4510    RESET               startup_stm32f051x8.o
    0x080000bc   0x00000000   Code   RO         4515  * .ARM.Collect$$$$00000000  mc_p.l(entry.o)
    0x080000bc   0x00000004   Code   RO         4795    .ARM.Collect$$$$00000001  mc_p.l(entry2.o)
    0x080000c0   0x00000004   Code   RO         4798    .ARM.Collect$$$$00000004  mc_p.l(entry5.o)
    0x080000c4   0x00000000   Code   RO         4800    .ARM.Collect$$$$00000008  mc_p.l(entry7b.o)
    0x080000c4   0x00000000   Code   RO         4802    .ARM.Collect$$$$0000000A  mc_p.l(entry8b.o)
    0x080000c4   0x00000008   Code   RO         4803    .ARM.Collect$$$$0000000B  mc_p.l(entry9a.o)
    0x080000cc   0x00000000   Code   RO         4805    .ARM.Collect$$$$0000000D  mc_p.l(entry10a.o)
    0x080000cc   0x00000000   Code   RO         4807    .ARM.Collect$$$$0000000F  mc_p.l(entry11a.o)
    0x080000cc   0x00000004   Code   RO         4796    .ARM.Collect$$$$00002712  mc_p.l(entry2.o)
    0x080000d0   0x0000001c   Code   RO         4511    .text               startup_stm32f051x8.o
    0x080000ec   0x0000002c   Code   RO         4518    .text               mc_p.l(uidiv.o)
    0x08000118   0x00000028   Code   RO         4520    .text               mc_p.l(idiv.o)
    0x08000140   0x00000022   Code   RO         4522    .text               mc_p.l(llushr.o)
    0x08000162   0x00000024   Code   RO         4524    .text               mc_p.l(memseta.o)
    0x08000186   0x00000028   Code   RO         4526    .text               mc_p.l(strstr.o)
    0x080001ae   0x0000000e   Code   RO         4528    .text               mc_p.l(strlen.o)
    0x080001bc   0x00000014   Code   RO         4791    .text               mc_p.l(uread4.o)
    0x080001d0   0x0000001a   Code   RO         4793    .text               mc_p.l(atoi.o)
    0x080001ea   0x00000060   Code   RO         4810    .text               mc_p.l(uldiv.o)
    0x0800024a   0x00000002   PAD
    0x0800024c   0x00000070   Code   RO         4819    .text               mc_p.l(strtol.o)
    0x080002bc   0x00000024   Code   RO         4832    .text               mc_p.l(init.o)
    0x080002e0   0x00000020   Code   RO         4834    .text               mc_p.l(llshl.o)
    0x08000300   0x00000008   Code   RO         4838    .text               mc_p.l(ctype_o.o)
    0x08000308   0x000000a6   Code   RO         4866    .text               mc_p.l(_strtoul.o)
    0x080003ae   0x0000001e   Code   RO         4872    .text               mc_p.l(_chval.o)
    0x080003cc   0x00000056   Code   RO         4882    .text               mc_p.l(__dczerorl2.o)
    0x08000422   0x00000024   Code   RO         4028    i.EXTI4_15_IRQHandler  stm32f0xx_it.o
    0x08000446   0x0000000a   Code   RO         3652    i.FATFS_LinkDriver  ff_gen_drv.o
    0x08000450   0x00000040   Code   RO         3653    i.FATFS_LinkDriverEx  ff_gen_drv.o
    0x08000490   0x00000048   Code   RO          388    i.HAL_DMA_Abort_IT  stm32f0xx_hal_dma.o
    0x080004d8   0x00000016   Code   RO          488    i.HAL_Delay         stm32f0xx_hal.o
    0x080004ee   0x00000002   PAD
    0x080004f0   0x000000d4   Code   RO         3234    i.HAL_GPIO_DeInit   stm32f0xx_hal_gpio.o
    0x080005c4   0x00000078   Code   RO         3787    i.HAL_GPIO_EXTI_Callback  main.o
    0x0800063c   0x00000018   Code   RO         3236    i.HAL_GPIO_EXTI_IRQHandler  stm32f0xx_hal_gpio.o
    0x08000654   0x00000148   Code   RO         3237    i.HAL_GPIO_Init     stm32f0xx_hal_gpio.o
    0x0800079c   0x0000000a   Code   RO         3239    i.HAL_GPIO_ReadPin  stm32f0xx_hal_gpio.o
    0x080007a6   0x00000008   Code   RO         3240    i.HAL_GPIO_TogglePin  stm32f0xx_hal_gpio.o
    0x080007ae   0x0000000c   Code   RO         3241    i.HAL_GPIO_WritePin  stm32f0xx_hal_gpio.o
    0x080007ba   0x00000002   PAD
    0x080007bc   0x0000000c   Code   RO          492    i.HAL_GetTick       stm32f0xx_hal.o
    0x080007c8   0x0000004a   Code   RO          602    i.HAL_I2CEx_ConfigAnalogFilter  stm32f0xx_hal_i2c_ex.o
    0x08000812   0x00000002   PAD
    0x08000814   0x000000b4   Code   RO         1568    i.HAL_I2C_Init      stm32f0xx_hal_i2c.o
    0x080008c8   0x00000048   Code   RO         3917    i.HAL_I2C_MspInit   stm32f0xx_hal_msp.o
    0x08000910   0x00000010   Code   RO          493    i.HAL_IncTick       stm32f0xx_hal.o
    0x08000920   0x00000020   Code   RO          494    i.HAL_Init          stm32f0xx_hal.o
    0x08000940   0x00000022   Code   RO          495    i.HAL_InitTick      stm32f0xx_hal.o
    0x08000962   0x00000002   PAD
    0x08000964   0x00000038   Code   RO         3918    i.HAL_MspInit       stm32f0xx_hal_msp.o
    0x0800099c   0x00000014   Code   RO          201    i.HAL_NVIC_EnableIRQ  stm32f0xx_hal_cortex.o
    0x080009b0   0x00000008   Code   RO          205    i.HAL_NVIC_SetPriority  stm32f0xx_hal_cortex.o
    0x080009b8   0x000000f8   Code   RO         3043    i.HAL_RCCEx_PeriphCLKConfig  stm32f0xx_hal_rcc_ex.o
    0x08000ab0   0x0000012c   Code   RO          294    i.HAL_RCC_ClockConfig  stm32f0xx_hal_rcc.o
    0x08000bdc   0x0000000c   Code   RO          299    i.HAL_RCC_GetHCLKFreq  stm32f0xx_hal_rcc.o
    0x08000be8   0x00000020   Code   RO          301    i.HAL_RCC_GetPCLK1Freq  stm32f0xx_hal_rcc.o
    0x08000c08   0x00000078   Code   RO          302    i.HAL_RCC_GetSysClockFreq  stm32f0xx_hal_rcc.o
    0x08000c80   0x00000354   Code   RO          305    i.HAL_RCC_OscConfig  stm32f0xx_hal_rcc.o
    0x08000fd4   0x000000a0   Code   RO         1432    i.HAL_RTC_Init      stm32f0xx_hal_rtc.o
    0x08001074   0x00000020   Code   RO         3920    i.HAL_RTC_MspInit   stm32f0xx_hal_msp.o
    0x08001094   0x000000c8   Code   RO         1438    i.HAL_RTC_SetDate   stm32f0xx_hal_rtc.o
    0x0800115c   0x000000e4   Code   RO         1439    i.HAL_RTC_SetTime   stm32f0xx_hal_rtc.o
    0x08001240   0x00000034   Code   RO         1440    i.HAL_RTC_WaitForSynchro  stm32f0xx_hal_rtc.o
    0x08001274   0x00000030   Code   RO         2325    i.HAL_SPI_DeInit    stm32f0xx_hal_spi.o
    0x080012a4   0x000000b8   Code   RO         2330    i.HAL_SPI_Init      stm32f0xx_hal_spi.o
    0x0800135c   0x00000028   Code   RO         3921    i.HAL_SPI_MspDeInit  stm32f0xx_hal_msp.o
    0x08001384   0x00000044   Code   RO         3922    i.HAL_SPI_MspInit   stm32f0xx_hal_msp.o
    0x080013c8   0x00000170   Code   RO         2338    i.HAL_SPI_Transmit  stm32f0xx_hal_spi.o
    0x08001538   0x00000246   Code   RO         2339    i.HAL_SPI_TransmitReceive  stm32f0xx_hal_spi.o
    0x0800177e   0x00000002   PAD
    0x08001780   0x00000018   Code   RO          207    i.HAL_SYSTICK_CLKSourceConfig  stm32f0xx_hal_cortex.o
    0x08001798   0x00000002   Code   RO          208    i.HAL_SYSTICK_Callback  stm32f0xx_hal_cortex.o
    0x0800179a   0x00000002   PAD
    0x0800179c   0x00000030   Code   RO          209    i.HAL_SYSTICK_Config  stm32f0xx_hal_cortex.o
    0x080017cc   0x00000008   Code   RO          210    i.HAL_SYSTICK_IRQHandler  stm32f0xx_hal_cortex.o
    0x080017d4   0x00000048   Code   RO         2659    i.HAL_TIMEx_MasterConfigSynchronization  stm32f0xx_hal_tim_ex.o
    0x0800181c   0x00000034   Code   RO          799    i.HAL_TIM_Base_Init  stm32f0xx_hal_tim.o
    0x08001850   0x00000024   Code   RO         3924    i.HAL_TIM_Base_MspInit  stm32f0xx_hal_msp.o
    0x08001874   0x00000018   Code   RO          802    i.HAL_TIM_Base_Start  stm32f0xx_hal_tim.o
    0x0800188c   0x000000ee   Code   RO          808    i.HAL_TIM_ConfigClockSource  stm32f0xx_hal_tim.o
    0x0800197a   0x00000002   Code   RO         3179    i.HAL_UARTEx_WakeupCallback  stm32f0xx_hal_uart_ex.o
    0x0800197c   0x00000054   Code   RO         3788    i.HAL_UART_ErrorCallback  main.o
    0x080019d0   0x00000134   Code   RO         2004    i.HAL_UART_IRQHandler  stm32f0xx_hal_uart.o
    0x08001b04   0x0000006c   Code   RO         2005    i.HAL_UART_Init     stm32f0xx_hal_uart.o
    0x08001b70   0x00000090   Code   RO         3926    i.HAL_UART_MspInit  stm32f0xx_hal_msp.o
    0x08001c00   0x00000088   Code   RO         2010    i.HAL_UART_Receive_IT  stm32f0xx_hal_uart.o
    0x08001c88   0x0000006c   Code   RO         3789    i.HAL_UART_RxCpltCallback  main.o
    0x08001cf4   0x000000c8   Code   RO         2013    i.HAL_UART_Transmit  stm32f0xx_hal_uart.o
    0x08001dbc   0x00000002   Code   RO         2016    i.HAL_UART_TxCpltCallback  stm32f0xx_hal_uart.o
    0x08001dbe   0x00000002   Code   RO         4029    i.HardFault_Handler  stm32f0xx_it.o
    0x08001dc0   0x0000001c   Code   RO         3996    i.MX_FATFS_Init     fatfs.o
    0x08001ddc   0x0000012c   Code   RO         3790    i.MX_GPIO_Init      main.o
    0x08001f08   0x00000044   Code   RO         3791    i.MX_I2C2_Init      main.o
    0x08001f4c   0x00000074   Code   RO         3792    i.MX_RTC_Init       main.o
    0x08001fc0   0x0000004c   Code   RO         3793    i.MX_SPI1_Init      main.o
    0x0800200c   0x00000054   Code   RO         3794    i.MX_TIM2_Init      main.o
    0x08002060   0x00000038   Code   RO         3795    i.MX_USART1_UART_Init  main.o
    0x08002098   0x00000038   Code   RO         3796    i.MX_USART2_UART_Init  main.o
    0x080020d0   0x00000002   Code   RO         4030    i.NMI_Handler       stm32f0xx_it.o
    0x080020d2   0x00000002   PAD
    0x080020d4   0x00000044   Code   RO          211    i.NVIC_SetPriority  stm32f0xx_hal_cortex.o
    0x08002118   0x00000002   Code   RO         4031    i.PendSV_Handler    stm32f0xx_it.o
    0x0800211a   0x00000010   Code   RO         1441    i.RTC_Bcd2ToByte    stm32f0xx_hal_rtc.o
    0x0800212a   0x00000016   Code   RO         1442    i.RTC_ByteToBcd2    stm32f0xx_hal_rtc.o
    0x08002140   0x00000038   Code   RO         1443    i.RTC_EnterInitMode  stm32f0xx_hal_rtc.o
    0x08002178   0x00000038   Code   RO         2368    i.SPI_EndRxTxTransaction  stm32f0xx_hal_spi.o
    0x080021b0   0x0000009c   Code   RO         2373    i.SPI_WaitFifoStateUntilTimeout  stm32f0xx_hal_spi.o
    0x0800224c   0x00000094   Code   RO         2374    i.SPI_WaitFlagStateUntilTimeout  stm32f0xx_hal_spi.o
    0x080022e0   0x00000002   Code   RO         4032    i.SVC_Handler       stm32f0xx_it.o
    0x080022e2   0x0000000c   Code   RO         4033    i.SysTick_Handler   stm32f0xx_it.o
    0x080022ee   0x00000002   PAD
    0x080022f0   0x00000084   Code   RO         3797    i.SystemClock_Config  main.o
    0x08002374   0x0000005c   Code   RO         3753    i.SystemInit        system_stm32f0xx.o
    0x080023d0   0x00000094   Code   RO          883    i.TIM_Base_SetConfig  stm32f0xx_hal_tim.o
    0x08002464   0x00000016   Code   RO          890    i.TIM_ETR_SetConfig  stm32f0xx_hal_tim.o
    0x0800247a   0x00000010   Code   RO          891    i.TIM_ITRx_SetConfig  stm32f0xx_hal_tim.o
    0x0800248a   0x00000022   Code   RO          897    i.TIM_TI1_ConfigInputStage  stm32f0xx_hal_tim.o
    0x080024ac   0x00000026   Code   RO          899    i.TIM_TI2_ConfigInputStage  stm32f0xx_hal_tim.o
    0x080024d2   0x000000ca   Code   RO         2018    i.UART_AdvFeatureConfig  stm32f0xx_hal_uart.o
    0x0800259c   0x00000068   Code   RO         2019    i.UART_CheckIdleState  stm32f0xx_hal_uart.o
    0x08002604   0x00000014   Code   RO         2020    i.UART_DMAAbortOnError  stm32f0xx_hal_uart.o
    0x08002618   0x0000001e   Code   RO         2030    i.UART_EndRxTransfer  stm32f0xx_hal_uart.o
    0x08002636   0x0000001a   Code   RO         2031    i.UART_EndTransmit_IT  stm32f0xx_hal_uart.o
    0x08002650   0x0000007a   Code   RO         2033    i.UART_Receive_IT   stm32f0xx_hal_uart.o
    0x080026ca   0x00000002   PAD
    0x080026cc   0x00000130   Code   RO         2034    i.UART_SetConfig    stm32f0xx_hal_uart.o
    0x080027fc   0x00000066   Code   RO         2035    i.UART_Transmit_IT  stm32f0xx_hal_uart.o
    0x08002862   0x00000062   Code   RO         2036    i.UART_WaitOnFlagUntilTimeout  stm32f0xx_hal_uart.o
    0x080028c4   0x00000010   Code   RO         4034    i.USART1_IRQHandler  stm32f0xx_it.o
    0x080028d4   0x00000010   Code   RO         4035    i.USART2_IRQHandler  stm32f0xx_it.o
    0x080028e4   0x00000020   Code   RO         4094    i.USER_initialize   user_diskio.o
    0x08002904   0x00000030   Code   RO         4095    i.USER_ioctl        user_diskio.o
    0x08002934   0x00000030   Code   RO         4096    i.USER_read         user_diskio.o
    0x08002964   0x00000020   Code   RO         4097    i.USER_status       user_diskio.o
    0x08002984   0x00000030   Code   RO         4098    i.USER_write        user_diskio.o
    0x080029b4   0x00000020   Code   RO         4737    i.__0printf$8       mc_p.l(printf8.o)
    0x080029d4   0x00000008   Code   RO         4812    i.__aeabi_errno_addr  mc_p.l(errno.o)
    0x080029dc   0x0000000e   Code   RO         4876    i.__scatterload_copy  mc_p.l(handlers.o)
    0x080029ea   0x00000002   Code   RO         4877    i.__scatterload_null  mc_p.l(handlers.o)
    0x080029ec   0x0000000e   Code   RO         4878    i.__scatterload_zeroinit  mc_p.l(handlers.o)
    0x080029fa   0x00000002   PAD
    0x080029fc   0x00000428   Code   RO         4744    i._printf_core      mc_p.l(printf8.o)
    0x08002e24   0x00000020   Code   RO         4745    i._printf_post_padding  mc_p.l(printf8.o)
    0x08002e44   0x0000002c   Code   RO         4746    i._printf_pre_padding  mc_p.l(printf8.o)
    0x08002e70   0x0000001c   Code   RO         4325    i.addr_input        helpers.o
    0x08002e8c   0x00000020   Code   RO         4326    i.addr_output       helpers.o
    0x08002eac   0x00000070   Code   RO         3296    i.check_fs          ff.o
    0x08002f1c   0x00000020   Code   RO         3298    i.clear_lock        ff.o
    0x08002f3c   0x0000002e   Code   RO         4195    i.crc16             sd_util.o
    0x08002f6a   0x00000018   Code   RO         4197    i.crc7_one          sd_util.o
    0x08002f82   0x00000002   PAD
    0x08002f84   0x00000018   Code   RO         4327    i.data_input        helpers.o
    0x08002f9c   0x00000020   Code   RO         4328    i.data_output       helpers.o
    0x08002fbc   0x00000010   Code   RO         4429    i.delay_us_init     delay_us.o
    0x08002fcc   0x0000002c   Code   RO         3701    i.disk_initialize   diskio.o
    0x08002ff8   0x0000001c   Code   RO         3703    i.disk_read         diskio.o
    0x08003014   0x00000018   Code   RO         3704    i.disk_status       diskio.o
    0x0800302c   0x0000001c   Code   RO         3705    i.disk_write        diskio.o
    0x08003048   0x00000060   Code   RO         3317    i.f_mount           ff.o
    0x080030a8   0x000002a0   Code   RO         3332    i.find_volume       ff.o
    0x08003348   0x00000018   Code   RO         3798    i.fputc             main.o
    0x08003360   0x0000005c   Code   RO         4329    i.get_arg           helpers.o
    0x080033bc   0x0000003c   Code   RO         3336    i.get_ldnumber      ff.o
    0x080033f8   0x0000004e   Code   RO         4198    i.hwif_init         sd_util.o
    0x08003446   0x00000002   PAD
    0x08003448   0x00000068   Code   RO         4330    i.interrupt_activate  helpers.o
    0x080034b0   0x0000002a   Code   RO         4331    i.linear_buf_add    helpers.o
    0x080034da   0x00000030   Code   RO         4335    i.linear_buf_line_available  helpers.o
    0x0800350a   0x0000001c   Code   RO         4336    i.linear_buf_reset  helpers.o
    0x08003526   0x00000002   PAD
    0x08003528   0x00000174   Code   RO         3799    i.main              main.o
    0x0800369c   0x00000010   Code   RO         4430    i.micros            delay_us.o
    0x080036ac   0x00000038   Code   RO         3341    i.move_window       ff.o
    0x080036e4   0x0000004c   Code   RO         4337    i.preload16         helpers.o
    0x08003730   0x00000044   Code   RO         4199    i.print_r1          sd_util.o
    0x08003774   0x00000044   Code   RO         4464    i.ps2_get_char      ps2kb.o
    0x080037b8   0x0000001c   Code   RO         4465    i.ps2_get_scancode  ps2kb.o
    0x080037d4   0x00000014   Code   RO         4466    i.ps2_init          ps2kb.o
    0x080037e8   0x00000124   Code   RO         4467    i.ps2_readbit       ps2kb.o
    0x0800390c   0x000000a4   Code   RO         4339    i.rtc_update        helpers.o
    0x080039b0   0x00000068   Code   RO         4200    i.sd_cmd            sd_util.o
    0x08003a18   0x00000098   Code   RO         4201    i.sd_get_data       sd_util.o
    0x08003ab0   0x0000001a   Code   RO         4202    i.sd_get_r1         sd_util.o
    0x08003aca   0x00000036   Code   RO         4203    i.sd_get_r7         sd_util.o
    0x08003b00   0x00000484   Code   RO         4204    i.sd_init           sd_util.o
    0x08003f84   0x00000012   Code   RO         4205    i.sd_nec            sd_util.o
    0x08003f96   0x00000002   PAD
    0x08003f98   0x00000088   Code   RO         4206    i.sd_put_data       sd_util.o
    0x08004020   0x00000068   Code   RO         4207    i.sd_read           sd_util.o
    0x08004088   0x0000010c   Code   RO         4208    i.sd_read_cid       sd_util.o
    0x08004194   0x0000030c   Code   RO         4209    i.sd_read_csd       sd_util.o
    0x080044a0   0x000000a4   Code   RO         4210    i.sd_read_status    sd_util.o
    0x08004544   0x000000c8   Code   RO         4211    i.sd_readsector     sd_util.o
    0x0800460c   0x00000068   Code   RO         4212    i.sd_write          sd_util.o
    0x08004674   0x000000f0   Code   RO         4213    i.sd_writesector    sd_util.o
    0x08004764   0x00000044   Code   RO         4214    i.spi_set_speed     sd_util.o
    0x080047a8   0x00000028   Code   RO         4215    i.spi_txrx          sd_util.o
    0x080047d0   0x00000054   Code   RO         3347    i.sync_window       ff.o
    0x08004824   0x00000010   Data   RO         3754    .constdata          system_stm32f0xx.o
    0x08004834   0x00000008   Data   RO         3755    .constdata          system_stm32f0xx.o
    0x0800483c   0x00000052   Data   RO         4217    .constdata          sd_util.o
    0x0800488e   0x00000081   Data   RO         4839    .constdata          mc_p.l(ctype_o.o)
    0x0800490f   0x00000001   PAD
    0x08004910   0x00000004   Data   RO         4840    .constdata          mc_p.l(ctype_o.o)
    0x08004914   0x00000474   Data   RO         4218    .conststring        sd_util.o
    0x08004d88   0x00000020   Data   RO         4874    Region$$Table       anon$$obj.o


    Execution Region RW_IRAM1 (Base: 0x20000000, Size: 0x000012e0, Max: 0x00002000, ABSOLUTE, COMPRESSED[0x00000100])

    Base Addr    Size         Type   Attr      Idx    E Section Name        Object

    0x20000000   0x00000004   Data   RW          500    .data               stm32f0xx_hal.o
    0x20000004   0x00000008   Data   RW         3351    .data               ff.o
    0x2000000c   0x00000004   Data   RW         3756    .data               system_stm32f0xx.o
    0x20000010   0x00000010   Data   RW         3804    .data               main.o
    0x20000020   0x00000005   Data   RW         3998    .data               fatfs.o
    0x20000025   0x00000001   Data   RW         4101    .data               user_diskio.o
    0x20000026   0x00000002   PAD
    0x20000028   0x00000014   Data   RW         4102    .data               user_diskio.o
    0x2000003c   0x00000058   Data   RW         4219    .data               sd_util.o
    0x20000094   0x00000008   Data   RW         4341    .data               helpers.o
    0x2000009c   0x00000004   Data   RW         4431    .data               delay_us.o
    0x200000a0   0x000001ac   Data   RW         4468    .data               ps2kb.o
    0x2000024c   0x00000004   Data   RW         4809    .data               mc_p.l(stdout.o)
    0x20000250   0x00000004   Data   RW         4815    .data               mc_p.l(errno.o)
    0x20000254   0x00000018   Zero   RW         3349    .bss                ff.o
    0x2000026c   0x0000000c   Zero   RW         3656    .bss                ff_gen_drv.o
    0x20000278   0x00000c30   Zero   RW         3800    .bss                main.o
    0x20000ea8   0x00000010   Zero   RW         4100    .bss                user_diskio.o
    0x20000eb8   0x00000028   Zero   RW         4340    .bss                helpers.o
    0x20000ee0   0x00000400   Zero   RW         4508    STACK               startup_stm32f051x8.o


==============================================================================

Image component sizes


      Code (inc. data)   RO Data    RW Data    ZI Data      Debug   Object Name

        32         10          0          4          0       1460   delay_us.o
       124         20          0          0          0       2952   diskio.o
        28         10          0          5          0        964   fatfs.o
      1112         46          0          8         24      13259   ff.o
        74          4          0          0         12       2379   ff_gen_drv.o
       670        124          0          8         40       6562   helpers.o
      1596        258          0         16       3120      10146   main.o
       408         24          0        428          0       3645   ps2kb.o
      3830        702       1222         88          0      15487   sd_util.o
        28          8        188          0       1024        600   startup_stm32f051x8.o
       116         18          0          4          0       3623   stm32f0xx_hal.o
       178         28          0          0          0      10547   stm32f0xx_hal_cortex.o
        72          0          0          0          0       1107   stm32f0xx_hal_dma.o
       594         52          0          0          0       4881   stm32f0xx_hal_gpio.o
       180          4          0          0          0       2931   stm32f0xx_hal_i2c.o
        74          0          0          0          0       1139   stm32f0xx_hal_i2c_ex.o
       448         66          0          0          0       4382   stm32f0xx_hal_msp.o
         0          0          0          0          0     339444   stm32f0xx_hal_pwr.o
      1316         94          0          0          0       5025   stm32f0xx_hal_rcc.o
       248         12          0          0          0       1384   stm32f0xx_hal_rcc_ex.o
       734         18          0          0          0       5664   stm32f0xx_hal_rtc.o
      1542         10          0          0          0       7825   stm32f0xx_hal_spi.o
       572         24          0          0          0       6452   stm32f0xx_hal_tim.o
        72          0          0          0          0       1280   stm32f0xx_hal_tim_ex.o
      1762         40          0          0          0      11522   stm32f0xx_hal_uart.o
         2          0          0          0          0        988   stm32f0xx_hal_uart_ex.o
        88         12          0          0          0       3477   stm32f0xx_it.o
        92         14         24          4          0       1147   system_stm32f0xx.o
       208         38          0         21         16       3735   user_diskio.o

    ----------------------------------------------------------------------
     16226       1636       1466        588       4236     474007   Object Totals
         0          0         32          0          0          0   (incl. Generated)
        26          0          0          2          0          0   (incl. Padding)

    ----------------------------------------------------------------------

      Code (inc. data)   RO Data    RW Data    ZI Data      Debug   Library Member Name

        86          0          0          0          0          0   __dczerorl2.o
        30          0          0          0          0         60   _chval.o
       166          0          0          0          0         84   _strtoul.o
        26          0          0          0          0         72   atoi.o
         8          4        133          0          0         60   ctype_o.o
         0          0          0          0          0          0   entry.o
         0          0          0          0          0          0   entry10a.o
         0          0          0          0          0          0   entry11a.o
         8          4          0          0          0          0   entry2.o
         4          0          0          0          0          0   entry5.o
         0          0          0          0          0          0   entry7b.o
         0          0          0          0          0          0   entry8b.o
         8          4          0          0          0          0   entry9a.o
         8          4          0          4          0         60   errno.o
        30          0          0          0          0          0   handlers.o
        40          0          0          0          0         72   idiv.o
        36          8          0          0          0         68   init.o
        32          0          0          0          0         68   llshl.o
        34          0          0          0          0         68   llushr.o
        36          0          0          0          0        100   memseta.o
      1172         52          0          0          0        324   printf8.o
         0          0          0          4          0          0   stdout.o
        14          0          0          0          0         60   strlen.o
        40          0          0          0          0         72   strstr.o
       112          4          0          0          0         76   strtol.o
        44          0          0          0          0         72   uidiv.o
        96          0          0          0          0         84   uldiv.o
        20          0          0          0          0         60   uread4.o

    ----------------------------------------------------------------------
      2054         80        134          8          0       1460   Library Totals
         4          0          1          0          0          0   (incl. Padding)

    ----------------------------------------------------------------------

      Code (inc. data)   RO Data    RW Data    ZI Data      Debug   Library Name

      2050         80        133          8          0       1460   mc_p.l

    ----------------------------------------------------------------------
      2054         80        134          8          0       1460   Library Totals

    ----------------------------------------------------------------------

==============================================================================


      Code (inc. data)   RO Data    RW Data    ZI Data      Debug   

     18280       1716       1600        596       4236     468519   Grand Totals
     18280       1716       1600        256       4236     468519   ELF Image Totals (compressed)
     18280       1716       1600        256          0          0   ROM Totals

==============================================================================

    Total RO  Size (Code + RO Data)                19880 (  19.41kB)
    Total RW  Size (RW Data + ZI Data)              4832 (   4.72kB)
    Total ROM Size (Code + RO Data + RW Data)      20136 (  19.66kB)

==============================================================================

